Archive member included to satisfy reference by file (symbol)

c:/progra~1/microc~1/xc8/v3.00/avr/bin/../lib/gcc/avr/5.4.0/avrxmega4\libgcc.a(_copy_data.o)
                              CMakeFiles\Oppgave_1_default_default_XC8_compile.dir\312a33ca25da9952bc933fd5ff735e36\AVR-kurs\Kursdag_2\Oppgave_1\My_MCC_Config\mcc\main.c.o (__do_copy_data)
c:/progra~1/microc~1/xc8/v3.00/avr/bin/../lib/gcc/avr/5.4.0/../../../../avr/lib/avrxmega4\libc.a(exit.o)
                              C:/Users/torbj/.mchp_packs/Microchip/AVR-Dx_DFP/2.7.321/xc8/avr/lib/avrxmega4/crtavr128db48.o (exit)
c:/progra~1/microc~1/xc8/v3.00/avr/bin/../lib/gcc/avr/5.4.0/../../../../avr/lib/avrxmega4\libc.a(__sio_printf_doux.o)
                              CMakeFiles\Oppgave_1_default_default_XC8_compile.dir\312a33ca25da9952bc933fd5ff735e36\AVR-kurs\Kursdag_2\Oppgave_1\My_MCC_Config\mcc\main.c.o (_printf_cdopuxX)
c:/progra~1/microc~1/xc8/v3.00/avr/bin/../lib/gcc/avr/5.4.0/../../../../avr/lib/avrxmega4\libc.a(__fmt_d.o)
                              c:/progra~1/microc~1/xc8/v3.00/avr/bin/../lib/gcc/avr/5.4.0/../../../../avr/lib/avrxmega4\libc.a(__sio_printf_doux.o) (__fmt_d_needed)
c:/progra~1/microc~1/xc8/v3.00/avr/bin/../lib/gcc/avr/5.4.0/../../../../avr/lib/avrxmega4\libc.a(__fmt_o.o)
                              c:/progra~1/microc~1/xc8/v3.00/avr/bin/../lib/gcc/avr/5.4.0/../../../../avr/lib/avrxmega4\libc.a(__sio_printf_doux.o) (__fmt_o_needed)
c:/progra~1/microc~1/xc8/v3.00/avr/bin/../lib/gcc/avr/5.4.0/../../../../avr/lib/avrxmega4\libc.a(__fmt_s.o)
                              c:/progra~1/microc~1/xc8/v3.00/avr/bin/../lib/gcc/avr/5.4.0/../../../../avr/lib/avrxmega4\libc.a(__sio_printf_doux.o) (__fmt_s_needed)
c:/progra~1/microc~1/xc8/v3.00/avr/bin/../lib/gcc/avr/5.4.0/../../../../avr/lib/avrxmega4\libc.a(__fmt_u.o)
                              c:/progra~1/microc~1/xc8/v3.00/avr/bin/../lib/gcc/avr/5.4.0/../../../../avr/lib/avrxmega4\libc.a(__fmt_d.o) (__cvt_u)
c:/progra~1/microc~1/xc8/v3.00/avr/bin/../lib/gcc/avr/5.4.0/../../../../avr/lib/avrxmega4\libc.a(__fmt_x.o)
                              c:/progra~1/microc~1/xc8/v3.00/avr/bin/../lib/gcc/avr/5.4.0/../../../../avr/lib/avrxmega4\libc.a(__sio_printf_doux.o) (__fmt_x_needed)
c:/progra~1/microc~1/xc8/v3.00/avr/bin/../lib/gcc/avr/5.4.0/../../../../avr/lib/avrxmega4\libc.a(__pop_int.o)
                              c:/progra~1/microc~1/xc8/v3.00/avr/bin/../lib/gcc/avr/5.4.0/../../../../avr/lib/avrxmega4\libc.a(__sio_printf_doux.o) (__pop_int_needed)
c:/progra~1/microc~1/xc8/v3.00/avr/bin/../lib/gcc/avr/5.4.0/../../../../avr/lib/avrxmega4\libc.a(__printf_core.o)
                              c:/progra~1/microc~1/xc8/v3.00/avr/bin/../lib/gcc/avr/5.4.0/../../../../avr/lib/avrxmega4\libc.a(__fmt_d.o) (__pad)
c:/progra~1/microc~1/xc8/v3.00/avr/bin/../lib/gcc/avr/5.4.0/../../../../avr/lib/avrxmega4\libc.a(fputc.o)
                              c:/progra~1/microc~1/xc8/v3.00/avr/bin/../lib/gcc/avr/5.4.0/../../../../avr/lib/avrxmega4\libc.a(__printf_core.o) (fputc)
c:/progra~1/microc~1/xc8/v3.00/avr/bin/../lib/gcc/avr/5.4.0/../../../../avr/lib/avrxmega4\libc.a(stdout.o)
                              CMakeFiles\Oppgave_1_default_default_XC8_compile.dir\6f0b1361be30f4e1da9c882864fd39f7\My_MCC_Config\mcc\mcc_generated_files\uart\src\usart3.c.o (_stdout)
c:/progra~1/microc~1/xc8/v3.00/avr/bin/../lib/gcc/avr/5.4.0/../../../../avr/lib/avrxmega4\libc.a(strlen.o)
                              c:/progra~1/microc~1/xc8/v3.00/avr/bin/../lib/gcc/avr/5.4.0/../../../../avr/lib/avrxmega4\libc.a(__fmt_s.o) (strlen)
c:/progra~1/microc~1/xc8/v3.00/avr/bin/../lib/gcc/avr/5.4.0/../../../../avr/lib/avrxmega4\libc.a(tolower.o)
                              c:/progra~1/microc~1/xc8/v3.00/avr/bin/../lib/gcc/avr/5.4.0/../../../../avr/lib/avrxmega4\libc.a(__printf_core.o) (tolower)
c:/progra~1/microc~1/xc8/v3.00/avr/bin/../lib/gcc/avr/5.4.0/../../../../avr/lib/avrxmega4\libc.a(toupper.o)
                              c:/progra~1/microc~1/xc8/v3.00/avr/bin/../lib/gcc/avr/5.4.0/../../../../avr/lib/avrxmega4\libc.a(__fmt_x.o) (toupper)
c:/progra~1/microc~1/xc8/v3.00/avr/bin/../lib/gcc/avr/5.4.0/../../../../avr/lib/avrxmega4\libc.a(errno.o)
                              c:/progra~1/microc~1/xc8/v3.00/avr/bin/../lib/gcc/avr/5.4.0/../../../../avr/lib/avrxmega4\libc.a(__printf_core.o) (__errno_val)
c:/progra~1/microc~1/xc8/v3.00/avr/bin/../lib/gcc/avr/5.4.0/../../../../avr/lib/avrxmega4\libc.a(_Exit.o)
                              c:/progra~1/microc~1/xc8/v3.00/avr/bin/../lib/gcc/avr/5.4.0/../../../../avr/lib/avrxmega4\libc.a(exit.o) (_Exit)
c:/progra~1/microc~1/xc8/v3.00/avr/bin/../lib/gcc/avr/5.4.0/../../../../avr/lib/avrxmega4\libc.a(__int_vfprintf.o)
                              c:/progra~1/microc~1/xc8/v3.00/avr/bin/../lib/gcc/avr/5.4.0/../../../../avr/lib/avrxmega4\libc.a(__sio_printf_doux.o) (__vfprintf)
c:/progra~1/microc~1/xc8/v3.00/avr/bin/../lib/gcc/avr/5.4.0/avrxmega4\libgcc.a(_udivmodsi4.o)
[...]
Memory Configuration

Name             Origin             Length             Attributes
text             0x0000000000000000 0x0000000000020000 xr
data             0x0000000000804000 0x0000000000004000 rw !x
eeprom           0x0000000000810000 0x0000000000000200 rw !x
fuse             0x0000000000820000 0x0000000000000010 rw !x
lock             0x0000000000830000 0x0000000000000400 rw !x
signature        0x0000000000840000 0x0000000000000400 rw !x
user_signatures  0x0000000000850000 0x0000000000000400 rw !x
bootrow          0x0000000000860000 0x0000000000000400 rw !x
*default*        0x0000000000000000 0xffffffffffffffff

Linker script and memory map

Address of section .data set to 0x804000
                0x0000000000008000                __RODATA_PM_OFFSET__ = 0x8000
LOAD C:/Users/torbj/.mchp_packs/Microchip/AVR-Dx_DFP/2.7.321/xc8/avr/lib/avrxmega4/crtavr128db48.o
                0x0000000000000001                __MPLAB_BUILD = 0x1
                0x0000000000000001                __MPLAB_DEBUG = 0x1
                0x0000000000000001                __DEBUG = 0x1
LOAD CMakeFiles\Oppgave_1_default_default_XC8_assemblePreprocess.dir\a6cb186721fdb08bfaeaf950c7fc0b19\mcc_generated_files\system\src\protected_io.S.o
LOAD CMakeFiles\Oppgave_1_default_default_XC8_compile.dir\312a33ca25da9952bc933fd5ff735e36\AVR-kurs\Kursdag_2\Oppgave_1\My_MCC_Config\mcc\main.c.o
LOAD CMakeFiles\Oppgave_1_default_default_XC8_compile.dir\6f0b1361be30f4e1da9c882864fd39f7\My_MCC_Config\mcc\mcc_generated_files\adc\src\adc0.c.o
LOAD CMakeFiles\Oppgave_1_default_default_XC8_compile.dir\a6cb186721fdb08bfaeaf950c7fc0b19\mcc_generated_files\examples\UART_Example\uart_example.c.o
LOAD CMakeFiles\Oppgave_1_default_default_XC8_compile.dir\6f0b1361be30f4e1da9c882864fd39f7\My_MCC_Config\mcc\mcc_generated_files\system\src\clock.c.o
LOAD CMakeFiles\Oppgave_1_default_default_XC8_compile.dir\ba12d9c2f739aaaa2eeda3255c571185\mcc\mcc_generated_files\system\src\config_bits.c.o
LOAD CMakeFiles\Oppgave_1_default_default_XC8_compile.dir\ba12d9c2f739aaaa2eeda3255c571185\mcc\mcc_generated_files\system\src\interrupt.c.o
LOAD CMakeFiles\Oppgave_1_default_default_XC8_compile.dir\6f0b1361be30f4e1da9c882864fd39f7\My_MCC_Config\mcc\mcc_generated_files\system\src\pins.c.o
LOAD CMakeFiles\Oppgave_1_default_default_XC8_compile.dir\6f0b1361be30f4e1da9c882864fd39f7\My_MCC_Config\mcc\mcc_generated_files\system\src\system.c.o
LOAD CMakeFiles\Oppgave_1_default_default_XC8_compile.dir\6f0b1361be30f4e1da9c882864fd39f7\My_MCC_Config\mcc\mcc_generated_files\uart\src\usart3.c.o
LOAD CMakeFiles\Oppgave_1_default_default_XC8_compile.dir\6f0b1361be30f4e1da9c882864fd39f7\My_MCC_Config\mcc\mcc_generated_files\vref\src\vref.c.o
START GROUP
LOAD c:/progra~1/microc~1/xc8/v3.00/avr/bin/../lib/gcc/avr/5.4.0/avrxmega4\libgcc.a
LOAD c:/progra~1/microc~1/xc8/v3.00/avr/bin/../lib/gcc/avr/5.4.0/../../../../avr/lib/avrxmega4\libm.a
LOAD c:/progra~1/microc~1/xc8/v3.00/avr/bin/../lib/gcc/avr/5.4.0/../../../../avr/lib/avrxmega4\libc.a
LOAD C:/Users/torbj/.mchp_packs/Microchip/AVR-Dx_DFP/2.7.321/xc8/avr/lib/avrxmega4\libavr128db48.a
END GROUP
                [0x0000000000000000]                __TEXT_REGION_ORIGIN__ = DEFINED (__TEXT_REGION_ORIGIN__)?__TEXT_REGION_ORIGIN__:0x0
                [0x0000000000804000]                __DATA_REGION_ORIGIN__ = DEFINED (__DATA_REGION_ORIGIN__)?__DATA_REGION_ORIGIN__:0x802000
                [0x0000000000020000]                __TEXT_REGION_LENGTH__ = DEFINED (__TEXT_REGION_LENGTH__)?__TEXT_REGION_LENGTH__:0x100000
                [0x0000000000004000]                __DATA_REGION_LENGTH__ = DEFINED (__DATA_REGION_LENGTH__)?__DATA_REGION_LENGTH__:0xffa0
                [0x0000000000000200]                __EEPROM_REGION_LENGTH__ = DEFINED (__EEPROM_REGION_LENGTH__)?__EEPROM_REGION_LENGTH__:0x10000
                [0x0000000000000010]                __FUSE_REGION_LENGTH__ = DEFINED (__FUSE_REGION_LENGTH__)?__FUSE_REGION_LENGTH__:0x400
                0x0000000000000400                __LOCK_REGION_LENGTH__ = DEFINED (__LOCK_REGION_LENGTH__)?__LOCK_REGION_LENGTH__:0x400
                0x0000000000000400                __SIGNATURE_REGION_LENGTH__ = DEFINED (__SIGNATURE_REGION_LENGTH__)?__SIGNATURE_REGION_LENGTH__:0x400
                0x0000000000000400                __USER_SIGNATURE_REGION_LENGTH__ = DEFINED (__USER_SIGNATURE_REGION_LENGTH__)?__USER_SIGNATURE_REGION_LENGTH__:0x400
                0x0000000000000400                __BOOTROW_REGION_LENGTH__ = DEFINED (__BOOTROW_REGION_LENGTH__)?__BOOTROW_REGION_LENGTH__:0x400

.hash
 *(.hash)

.dynsym
 *(.dynsym)

.dynstr
 *(.dynstr)

.gnu.version
 *(.gnu.version)

.gnu.version_d
 *(.gnu.version_d)

.gnu.version_r
 *(.gnu.version_r)

.rel.init
 *(.rel.init)

.rela.init
 *(.rela.init)

.rel.text
 *(.rel.text)
 *(.rel.text.*)
 *(.rel.gnu.linkonce.t*)

.rela.text
 *(.rela.text)
 *(.rela.text.*)
 *(.rela.gnu.linkonce.t*)

.rel.fini
 *(.rel.fini)

.rela.fini
 *(.rela.fini)

.rel.rodata
 *(.rel.rodata)
 *(.rel.rodata.*)
 *(.rel.gnu.linkonce.r*)

.rela.rodata
 *(.rela.rodata)
 *(.rela.rodata.*)
 *(.rela.gnu.linkonce.r*)

.rel.data
 *(.rel.data)
 *(.rel.data.*)
 *(.rel.gnu.linkonce.d*)

.rela.data
 *(.rela.data)
 *(.rela.data.*)
 *(.rela.gnu.linkonce.d*)

.rel.ctors
 *(.rel.ctors)

.rela.ctors
 *(.rela.ctors)

.rel.dtors
 *(.rel.dtors)

.rela.dtors
 *(.rela.dtors)

.rel.got
 *(.rel.got)

.rela.got
 *(.rela.got)

.rel.bss
 *(.rel.bss)

.rela.bss
 *(.rela.bss)

.rel.plt
 *(.rel.plt)

.rela.plt
 *(.rela.plt)

.text           0x0000000000000000      0x16a
 *(.vectors)
 .vectors       0x0000000000000000       0xf4 C:/Users/torbj/.mchp_packs/Microchip/AVR-Dx_DFP/2.7.321/xc8/avr/lib/avrxmega4/crtavr128db48.o
                0x0000000000000000                __vector_default
                0x0000000000000000                __vectors
 *(.vectors)
 *(.progmem.gcc*)
 *(.dinit)
 .dinit         0x00000000000000f4       0x1d data_init
                0x0000000000000112                . = ALIGN (0x2)
 *fill*         0x0000000000000111        0x1 
                0x0000000000000112                __trampolines_start = .
 *(.trampolines)
 .trampolines   0x0000000000000112        0x0 linker stubs
 *(.trampolines*)
                0x0000000000000112                __trampolines_end = .
 *libprintf_flt.a:*(.progmem.data)
 *libc.a:*(.progmem.data)
                0x0000000000000112                . = ALIGN (0x2)
 *(.jumptables)
 *(.jumptables*)
 *(.lowtext)
 *(.lowtext*)
                0x0000000000000112                __ctors_start = .
 *(.ctors)
                0x0000000000000112                __ctors_end = .
                0x0000000000000112                __dtors_start = .
 *(.dtors)
                0x0000000000000112                __dtors_end = .
 SORT(*)(.ctors)
 SORT(*)(.dtors)
 *(.init0)
 .init0         0x0000000000000112        0x0 C:/Users/torbj/.mchp_packs/Microchip/AVR-Dx_DFP/2.7.321/xc8/avr/lib/avrxmega4/crtavr128db48.o
                0x0000000000000112                __init
 *(.init0)
 *(.init1)
 *(.init1)
 *(.init2)
 .init2         0x0000000000000112        0xc C:/Users/torbj/.mchp_packs/Microchip/AVR-Dx_DFP/2.7.321/xc8/avr/lib/avrxmega4/crtavr128db48.o
 *(.init2)
 *(.init3)
 *(.init3)
 *(.init4)
 .init4         0x000000000000011e       0x40 c:/progra~1/microc~1/xc8/v3.00/avr/bin/../lib/gcc/avr/5.4.0/avrxmega4\libgcc.a(_copy_data.o)
                0x000000000000011e                __do_copy_data
                0x0000000000000150                __do_clear_bss
 *(.init4)
 *(.init5)
 *(.init5)
 *(.init6)
 *(.init6)
 *(.init7)
 *(.init7)
 *(.init8)
 *(.init8)
 *(.init9)
 .init9         0x000000000000015e        0x8 C:/Users/torbj/.mchp_packs/Microchip/AVR-Dx_DFP/2.7.321/xc8/avr/lib/avrxmega4/crtavr128db48.o
 *(.init9)
                0x0000000000000166                . = ALIGN (0x2)
 *(.fini9)
 .fini9         0x0000000000000166        0x0 c:/progra~1/microc~1/xc8/v3.00/avr/bin/../lib/gcc/avr/5.4.0/avrxmega4\libgcc.a(_exit.o)
                0x0000000000000166                _exit
 *(.fini9)
 *(.fini8)
 *(.fini8)
 *(.fini7)
 *(.fini7)
 *(.fini6)
 *(.fini6)
 *(.fini5)
 *(.fini5)
 *(.fini4)
 *(.fini4)
 *(.fini3)
 *(.fini3)
 *(.fini2)
 *(.fini2)
 *(.fini1)
 *(.fini1)
 *(.fini0)
 .fini0         0x0000000000000166        0x4 c:/progra~1/microc~1/xc8/v3.00/avr/bin/../lib/gcc/avr/5.4.0/avrxmega4\libgcc.a(_exit.o)
 *(.fini0)
                0x000000000000016a                _etext = .

.data           0x0000000000804000        0x0 load address 0x000000000000016a
                [!provide]                        PROVIDE (__data_start, .)
 *(.gnu.linkonce.d*)
 *(.gnu.linkonce.r*)
                0x0000000000804000                . = ALIGN (0x2)
                0x0000000000804000                _edata = .
                [!provide]                        PROVIDE (__data_end, .)

.bss            0x0000000000804000        0x2
                [!provide]                        PROVIDE (__bss_start, .)
 *(COMMON)
 COMMON         0x0000000000804000        0x2 c:/progra~1/microc~1/xc8/v3.00/avr/bin/../lib/gcc/avr/5.4.0/../../../../avr/lib/avrxmega4\libc.a(errno.o)
                0x0000000000804000                __errno_val
                [!provide]                        PROVIDE (__bss_end, .)
                0x000000000000016a                __data_load_start = LOADADDR (.data)
                0x000000000000016a                __data_load_end = (__data_load_start + SIZEOF (.data))

.noinit         0x0000000000804002        0x0
                [!provide]                        PROVIDE (__noinit_start, .)
 *(.noinit*)
                [!provide]                        PROVIDE (__noinit_end, .)
                0x0000000000804002                _end = .

.eeprom         0x0000000000810000        0x0
 *(.eeprom*)
                0x0000000000810000                __eeprom_end = .

.fuse           0x0000000000820000        0x9
 *(.fuse)
 .fuse          0x0000000000820000        0x9 CMakeFiles\Oppgave_1_default_default_XC8_compile.dir\ba12d9c2f739aaaa2eeda3255c571185\mcc\mcc_generated_files\system\src\config_bits.c.o
                0x0000000000820000                __fuse
 *(.lfuse)
 *(.hfuse)
 *(.efuse)

.lock
 *(.lock*)

.signature
 *(.signature*)

.user_signatures
 *(.user_signatures*)

.bootrow
 *(.bootrow*)

.stab
 *(.stab)

.stabstr
 *(.stabstr)

.stab.excl
 *(.stab.excl)

.stab.exclstr
 *(.stab.exclstr)

.stab.index
 *(.stab.index)

.stab.indexstr
 *(.stab.indexstr)

.comment        0x0000000000000000       0x5b
 *(.comment)
 .comment       0x0000000000000000       0x2f CMakeFiles\Oppgave_1_default_default_XC8_compile.dir\312a33ca25da9952bc933fd5ff735e36\AVR-kurs\Kursdag_2\Oppgave_1\My_MCC_Config\mcc\main.c.o
                                         0x30 (size before relaxing)
 .comment       0x000000000000002f       0x30 CMakeFiles\Oppgave_1_default_default_XC8_compile.dir\6f0b1361be30f4e1da9c882864fd39f7\My_MCC_Config\mcc\mcc_generated_files\adc\src\adc0.c.o
 .comment       0x000000000000002f       0x30 CMakeFiles\Oppgave_1_default_default_XC8_compile.dir\6f0b1361be30f4e1da9c882864fd39f7\My_MCC_Config\mcc\mcc_generated_files\system\src\clock.c.o
 .comment       0x000000000000002f       0x30 CMakeFiles\Oppgave_1_default_default_XC8_compile.dir\ba12d9c2f739aaaa2eeda3255c571185\mcc\mcc_generated_files\system\src\config_bits.c.o
 .comment       0x000000000000002f       0x30 CMakeFiles\Oppgave_1_default_default_XC8_compile.dir\ba12d9c2f739aaaa2eeda3255c571185\mcc\mcc_generated_files\system\src\interrupt.c.o
 .comment       0x000000000000002f       0x30 CMakeFiles\Oppgave_1_default_default_XC8_compile.dir\6f0b1361be30f4e1da9c882864fd39f7\My_MCC_Config\mcc\mcc_generated_files\system\src\pins.c.o
 .comment       0x000000000000002f       0x30 CMakeFiles\Oppgave_1_default_default_XC8_compile.dir\6f0b1361be30f4e1da9c882864fd39f7\My_MCC_Config\mcc\mcc_generated_files\system\src\system.c.o
 .comment       0x000000000000002f       0x30 CMakeFiles\Oppgave_1_default_default_XC8_compile.dir\6f0b1361be30f4e1da9c882864fd39f7\My_MCC_Config\mcc\mcc_generated_files\uart\src\usart3.c.o
 .comment       0x000000000000002f       0x30 CMakeFiles\Oppgave_1_default_default_XC8_compile.dir\6f0b1361be30f4e1da9c882864fd39f7\My_MCC_Config\mcc\mcc_generated_files\vref\src\vref.c.o
 .comment       0x000000000000002f       0x2c c:/progra~1/microc~1/xc8/v3.00/avr/bin/../lib/gcc/avr/5.4.0/../../../../avr/lib/avrxmega4\libc.a(exit.o)
                                         0x2d (size before relaxing)
 .comment       0x000000000000005b       0x2d c:/progra~1/microc~1/xc8/v3.00/avr/bin/../lib/gcc/avr/5.4.0/../../../../avr/lib/avrxmega4\libc.a(__sio_printf_doux.o)
 .comment       0x000000000000005b       0x2d c:/progra~1/microc~1/xc8/v3.00/avr/bin/../lib/gcc/avr/5.4.0/../../../../avr/lib/avrxmega4\libc.a(__fmt_d.o)
 .comment       0x000000000000005b       0x2d c:/progra~1/microc~1/xc8/v3.00/avr/bin/../lib/gcc/avr/5.4.0/../../../../avr/lib/avrxmega4\libc.a(__fmt_o.o)
 .comment       0x000000000000005b       0x2d c:/progra~1/microc~1/xc8/v3.00/avr/bin/../lib/gcc/avr/5.4.0/../../../../avr/lib/avrxmega4\libc.a(__fmt_s.o)
 .comment       0x000000000000005b       0x2d c:/progra~1/microc~1/xc8/v3.00/avr/bin/../lib/gcc/avr/5.4.0/../../../../avr/lib/avrxmega4\libc.a(__fmt_u.o)
 .comment       0x000000000000005b       0x2d c:/progra~1/microc~1/xc8/v3.00/avr/bin/../lib/gcc/avr/5.4.0/../../../../avr/lib/avrxmega4\libc.a(__fmt_x.o)
 .comment       0x000000000000005b       0x2d c:/progra~1/microc~1/xc8/v3.00/avr/bin/../lib/gcc/avr/5.4.0/../../../../avr/lib/avrxmega4\libc.a(__pop_int.o)
 .comment       0x000000000000005b       0x2d c:/progra~1/microc~1/xc8/v3.00/avr/bin/../lib/gcc/avr/5.4.0/../../../../avr/lib/avrxmega4\libc.a(__printf_core.o)
 .comment       0x000000000000005b       0x2d c:/progra~1/microc~1/xc8/v3.00/avr/bin/../lib/gcc/avr/5.4.0/../../../../avr/lib/avrxmega4\libc.a(fputc.o)
 .comment       0x000000000000005b       0x2d c:/progra~1/microc~1/xc8/v3.00/avr/bin/../lib/gcc/avr/5.4.0/../../../../avr/lib/avrxmega4\libc.a(stdout.o)
 .comment       0x000000000000005b       0x2d c:/progra~1/microc~1/xc8/v3.00/avr/bin/../lib/gcc/avr/5.4.0/../../../../avr/lib/avrxmega4\libc.a(strlen.o)
 .comment       0x000000000000005b       0x2d c:/progra~1/microc~1/xc8/v3.00/avr/bin/../lib/gcc/avr/5.4.0/../../../../avr/lib/avrxmega4\libc.a(tolower.o)
 .comment       0x000000000000005b       0x2d c:/progra~1/microc~1/xc8/v3.00/avr/bin/../lib/gcc/avr/5.4.0/../../../../avr/lib/avrxmega4\libc.a(toupper.o)
 .comment       0x000000000000005b       0x2d c:/progra~1/microc~1/xc8/v3.00/avr/bin/../lib/gcc/avr/5.4.0/../../../../avr/lib/avrxmega4\libc.a(errno.o)
 .comment       0x000000000000005b       0x2d c:/progra~1/microc~1/xc8/v3.00/avr/bin/../lib/gcc/avr/5.4.0/../../../../avr/lib/avrxmega4\libc.a(_Exit.o)
 .comment       0x000000000000005b       0x2d c:/progra~1/microc~1/xc8/v3.00/avr/bin/../lib/gcc/avr/5.4.0/../../../../avr/lib/avrxmega4\libc.a(__int_vfprintf.o)

.stack.descriptors.hdr
                0x0000000000000000      0x10a
 .stack.descriptors.hdr
                0x0000000000000000        0xe c:/progra~1/microc~1/xc8/v3.00/avr/bin/../lib/gcc/avr/5.4.0/../../../../avr/lib/avrxmega4\libc.a(exit.o)
 .stack.descriptors.hdr
                0x000000000000000e        0xe c:/progra~1/microc~1/xc8/v3.00/avr/bin/../lib/gcc/avr/5.4.0/../../../../avr/lib/avrxmega4\libc.a(__sio_printf_doux.o)
 .stack.descriptors.hdr
                0x000000000000001c        0xe c:/progra~1/microc~1/xc8/v3.00/avr/bin/../lib/gcc/avr/5.4.0/../../../../avr/lib/avrxmega4\libc.a(__fmt_d.o)
 .stack.descriptors.hdr
                0x000000000000002a        0xe c:/progra~1/microc~1/xc8/v3.00/avr/bin/../lib/gcc/avr/5.4.0/../../../../avr/lib/avrxmega4\libc.a(__fmt_o.o)
 .stack.descriptors.hdr
                0x0000000000000038        0xe c:/progra~1/microc~1/xc8/v3.00/avr/bin/../lib/gcc/avr/5.4.0/../../../../avr/lib/avrxmega4\libc.a(__fmt_s.o)
 .stack.descriptors.hdr
                0x0000000000000046        0xe c:/progra~1/microc~1/xc8/v3.00/avr/bin/../lib/gcc/avr/5.4.0/../../../../avr/lib/avrxmega4\libc.a(__fmt_u.o)
 .stack.descriptors.hdr
                0x0000000000000054        0xe c:/progra~1/microc~1/xc8/v3.00/avr/bin/../lib/gcc/avr/5.4.0/../../../../avr/lib/avrxmega4\libc.a(__fmt_x.o)
 .stack.descriptors.hdr
                0x0000000000000062        0xe c:/progra~1/microc~1/xc8/v3.00/avr/bin/../lib/gcc/avr/5.4.0/../../../../avr/lib/avrxmega4\libc.a(__pop_int.o)
 .stack.descriptors.hdr
                0x0000000000000070        0xe c:/progra~1/microc~1/xc8/v3.00/avr/bin/../lib/gcc/avr/5.4.0/../../../../avr/lib/avrxmega4\libc.a(__printf_core.o)
 .stack.descriptors.hdr
                0x000000000000007e        0xe c:/progra~1/microc~1/xc8/v3.00/avr/bin/../lib/gcc/avr/5.4.0/../../../../avr/lib/avrxmega4\libc.a(fputc.o)
 .stack.descriptors.hdr
                0x000000000000008c        0xe c:/progra~1/microc~1/xc8/v3.00/avr/bin/../lib/gcc/avr/5.4.0/../../../../avr/lib/avrxmega4\libc.a(stdout.o)
 .stack.descriptors.hdr
                0x000000000000009a        0xe c:/progra~1/microc~1/xc8/v3.00/avr/bin/../lib/gcc/avr/5.4.0/../../../../avr/lib/avrxmega4\libc.a(strlen.o)
 .stack.descriptors.hdr
                0x00000000000000a8        0xe c:/progra~1/microc~1/xc8/v3.00/avr/bin/../lib/gcc/avr/5.4.0/../../../../avr/lib/avrxmega4\libc.a(tolower.o)
 .stack.descriptors.hdr
                0x00000000000000b6        0xe c:/progra~1/microc~1/xc8/v3.00/avr/bin/../lib/gcc/avr/5.4.0/../../../../avr/lib/avrxmega4\libc.a(toupper.o)
 .stack.descriptors.hdr
                0x00000000000000c4        0xe c:/progra~1/microc~1/xc8/v3.00/avr/bin/../lib/gcc/avr/5.4.0/../../../../avr/lib/avrxmega4\libc.a(errno.o)
 .stack.descriptors.hdr
                0x00000000000000d2        0xe c:/progra~1/microc~1/xc8/v3.00/avr/bin/../lib/gcc/avr/5.4.0/../../../../avr/lib/avrxmega4\libc.a(_Exit.o)
 .stack.descriptors.hdr
                0x00000000000000e0        0xe c:/progra~1/microc~1/xc8/v3.00/avr/bin/../lib/gcc/avr/5.4.0/../../../../avr/lib/avrxmega4\libc.a(__int_vfprintf.o)
 .stack.descriptors.hdr
                0x00000000000000ee        0xe c:/progra~1/microc~1/xc8/v3.00/avr/bin/../lib/gcc/avr/5.4.0/avrxmega4\libgcc.a(_udivmodsi4.o)
 .stack.descriptors.hdr
                0x00000000000000fc        0xe c:/progra~1/microc~1/xc8/v3.00/avr/bin/../lib/gcc/avr/5.4.0/avrxmega4\libgcc.a(_exit.o)

.note.GNU-stack
                0x0000000000000000        0x0
 .note.GNU-stack
                0x0000000000000000        0x0 c:/progra~1/microc~1/xc8/v3.00/avr/bin/../lib/gcc/avr/5.4.0/../../../../avr/lib/avrxmega4\libc.a(exit.o)
 .note.GNU-stack
                0x0000000000000000        0x0 c:/progra~1/microc~1/xc8/v3.00/avr/bin/../lib/gcc/avr/5.4.0/../../../../avr/lib/avrxmega4\libc.a(__sio_printf_doux.o)
 .note.GNU-stack
                0x0000000000000000        0x0 c:/progra~1/microc~1/xc8/v3.00/avr/bin/../lib/gcc/avr/5.4.0/../../../../avr/lib/avrxmega4\libc.a(__fmt_d.o)
 .note.GNU-stack
                0x0000000000000000        0x0 c:/progra~1/microc~1/xc8/v3.00/avr/bin/../lib/gcc/avr/5.4.0/../../../../avr/lib/avrxmega4\libc.a(__fmt_o.o)
 .note.GNU-stack
                0x0000000000000000        0x0 c:/progra~1/microc~1/xc8/v3.00/avr/bin/../lib/gcc/avr/5.4.0/../../../../avr/lib/avrxmega4\libc.a(__fmt_s.o)
 .note.GNU-stack
                0x0000000000000000        0x0 c:/progra~1/microc~1/xc8/v3.00/avr/bin/../lib/gcc/avr/5.4.0/../../../../avr/lib/avrxmega4\libc.a(__fmt_u.o)
 .note.GNU-stack
                0x0000000000000000        0x0 c:/progra~1/microc~1/xc8/v3.00/avr/bin/../lib/gcc/avr/5.4.0/../../../../avr/lib/avrxmega4\libc.a(__fmt_x.o)
 .note.GNU-stack
                0x0000000000000000        0x0 c:/progra~1/microc~1/xc8/v3.00/avr/bin/../lib/gcc/avr/5.4.0/../../../../avr/lib/avrxmega4\libc.a(__pop_int.o)
 .note.GNU-stack
                0x0000000000000000        0x0 c:/progra~1/microc~1/xc8/v3.00/avr/bin/../lib/gcc/avr/5.4.0/../../../../avr/lib/avrxmega4\libc.a(__printf_core.o)
 .note.GNU-stack
                0x0000000000000000        0x0 c:/progra~1/microc~1/xc8/v3.00/avr/bin/../lib/gcc/avr/5.4.0/../../../../avr/lib/avrxmega4\libc.a(fputc.o)
 .note.GNU-stack
                0x0000000000000000        0x0 c:/progra~1/microc~1/xc8/v3.00/avr/bin/../lib/gcc/avr/5.4.0/../../../../avr/lib/avrxmega4\libc.a(stdout.o)
 .note.GNU-stack
                0x0000000000000000        0x0 c:/progra~1/microc~1/xc8/v3.00/avr/bin/../lib/gcc/avr/5.4.0/../../../../avr/lib/avrxmega4\libc.a(strlen.o)
 .note.GNU-stack
                0x0000000000000000        0x0 c:/progra~1/microc~1/xc8/v3.00/avr/bin/../lib/gcc/avr/5.4.0/../../../../avr/lib/avrxmega4\libc.a(tolower.o)
 .note.GNU-stack
                0x0000000000000000        0x0 c:/progra~1/microc~1/xc8/v3.00/avr/bin/../lib/gcc/avr/5.4.0/../../../../avr/lib/avrxmega4\libc.a(toupper.o)
 .note.GNU-stack
                0x0000000000000000        0x0 c:/progra~1/microc~1/xc8/v3.00/avr/bin/../lib/gcc/avr/5.4.0/../../../../avr/lib/avrxmega4\libc.a(errno.o)
 .note.GNU-stack
                0x0000000000000000        0x0 c:/progra~1/microc~1/xc8/v3.00/avr/bin/../lib/gcc/avr/5.4.0/../../../../avr/lib/avrxmega4\libc.a(_Exit.o)
 .note.GNU-stack
                0x0000000000000000        0x0 c:/progra~1/microc~1/xc8/v3.00/avr/bin/../lib/gcc/avr/5.4.0/../../../../avr/lib/avrxmega4\libc.a(__int_vfprintf.o)

.note.gnu.build-id
 *(.note.gnu.build-id)

.debug
 *(.debug)

.line
 *(.line)

.debug_srcinfo
 *(.debug_srcinfo)

.debug_sfnames
 *(.debug_sfnames)

.debug_aranges  0x0000000000000000      0x398
 *(.debug_aranges)
 .debug_aranges
                0x0000000000000000       0x20 CMakeFiles\Oppgave_1_default_default_XC8_assemblePreprocess.dir\a6cb186721fdb08bfaeaf950c7fc0b19\mcc_generated_files\system\src\protected_io.S.o
 .debug_aranges
                0x0000000000000020       0x20 CMakeFiles\Oppgave_1_default_default_XC8_compile.dir\312a33ca25da9952bc933fd5ff735e36\AVR-kurs\Kursdag_2\Oppgave_1\My_MCC_Config\mcc\main.c.o
 .debug_aranges
                0x0000000000000040      0x120 CMakeFiles\Oppgave_1_default_default_XC8_compile.dir\6f0b1361be30f4e1da9c882864fd39f7\My_MCC_Config\mcc\mcc_generated_files\adc\src\adc0.c.o
 .debug_aranges
                0x0000000000000160       0x38 CMakeFiles\Oppgave_1_default_default_XC8_compile.dir\6f0b1361be30f4e1da9c882864fd39f7\My_MCC_Config\mcc\mcc_generated_files\system\src\clock.c.o
 .debug_aranges
                0x0000000000000198       0x18 CMakeFiles\Oppgave_1_default_default_XC8_compile.dir\ba12d9c2f739aaaa2eeda3255c571185\mcc\mcc_generated_files\system\src\config_bits.c.o
 .debug_aranges
                0x00000000000001b0       0x28 CMakeFiles\Oppgave_1_default_default_XC8_compile.dir\ba12d9c2f739aaaa2eeda3255c571185\mcc\mcc_generated_files\system\src\interrupt.c.o
 .debug_aranges
                0x00000000000001d8       0xa0 CMakeFiles\Oppgave_1_default_default_XC8_compile.dir\6f0b1361be30f4e1da9c882864fd39f7\My_MCC_Config\mcc\mcc_generated_files\system\src\pins.c.o
 .debug_aranges
                0x0000000000000278       0x20 CMakeFiles\Oppgave_1_default_default_XC8_compile.dir\6f0b1361be30f4e1da9c882864fd39f7\My_MCC_Config\mcc\mcc_generated_files\system\src\system.c.o
 .debug_aranges
                0x0000000000000298       0xe0 CMakeFiles\Oppgave_1_default_default_XC8_compile.dir\6f0b1361be30f4e1da9c882864fd39f7\My_MCC_Config\mcc\mcc_generated_files\uart\src\usart3.c.o
 .debug_aranges
                0x0000000000000378       0x20 CMakeFiles\Oppgave_1_default_default_XC8_compile.dir\6f0b1361be30f4e1da9c882864fd39f7\My_MCC_Config\mcc\mcc_generated_files\vref\src\vref.c.o

.debug_pubnames
 *(.debug_pubnames)

.debug_info     0x0000000000000000     0x8b60
 *(.debug_info .gnu.linkonce.wi.*)
 .debug_info    0x0000000000000000     0x3545 C:/Users/torbj/.mchp_packs/Microchip/AVR-Dx_DFP/2.7.321/xc8/avr/lib/avrxmega4/crtavr128db48.o
 .debug_info    0x0000000000003545      0x117 CMakeFiles\Oppgave_1_default_default_XC8_assemblePreprocess.dir\a6cb186721fdb08bfaeaf950c7fc0b19\mcc_generated_files\system\src\protected_io.S.o
 .debug_info    0x000000000000365c      0x50b CMakeFiles\Oppgave_1_default_default_XC8_compile.dir\312a33ca25da9952bc933fd5ff735e36\AVR-kurs\Kursdag_2\Oppgave_1\My_MCC_Config\mcc\main.c.o
 .debug_info    0x0000000000003b67     0x19fe CMakeFiles\Oppgave_1_default_default_XC8_compile.dir\6f0b1361be30f4e1da9c882864fd39f7\My_MCC_Config\mcc\mcc_generated_files\adc\src\adc0.c.o
 .debug_info    0x0000000000005565      0xb78 CMakeFiles\Oppgave_1_default_default_XC8_compile.dir\6f0b1361be30f4e1da9c882864fd39f7\My_MCC_Config\mcc\mcc_generated_files\system\src\clock.c.o
 .debug_info    0x00000000000060dd      0x8a0 CMakeFiles\Oppgave_1_default_default_XC8_compile.dir\ba12d9c2f739aaaa2eeda3255c571185\mcc\mcc_generated_files\system\src\config_bits.c.o
 .debug_info    0x000000000000697d      0x3af CMakeFiles\Oppgave_1_default_default_XC8_compile.dir\ba12d9c2f739aaaa2eeda3255c571185\mcc\mcc_generated_files\system\src\interrupt.c.o
 .debug_info    0x0000000000006d2c      0x9af CMakeFiles\Oppgave_1_default_default_XC8_compile.dir\6f0b1361be30f4e1da9c882864fd39f7\My_MCC_Config\mcc\mcc_generated_files\system\src\pins.c.o
 .debug_info    0x00000000000076db      0x2b0 CMakeFiles\Oppgave_1_default_default_XC8_compile.dir\6f0b1361be30f4e1da9c882864fd39f7\My_MCC_Config\mcc\mcc_generated_files\system\src\system.c.o
 .debug_info    0x000000000000798b      0xe75 CMakeFiles\Oppgave_1_default_default_XC8_compile.dir\6f0b1361be30f4e1da9c882864fd39f7\My_MCC_Config\mcc\mcc_generated_files\uart\src\usart3.c.o
 .debug_info    0x0000000000008800      0x360 CMakeFiles\Oppgave_1_default_default_XC8_compile.dir\6f0b1361be30f4e1da9c882864fd39f7\My_MCC_Config\mcc\mcc_generated_files\vref\src\vref.c.o

.debug_abbrev   0x0000000000000000     0x3b5b
 *(.debug_abbrev)
 .debug_abbrev  0x0000000000000000     0x3274 C:/Users/torbj/.mchp_packs/Microchip/AVR-Dx_DFP/2.7.321/xc8/avr/lib/avrxmega4/crtavr128db48.o
 .debug_abbrev  0x0000000000003274       0x14 CMakeFiles\Oppgave_1_default_default_XC8_assemblePreprocess.dir\a6cb186721fdb08bfaeaf950c7fc0b19\mcc_generated_files\system\src\protected_io.S.o
 .debug_abbrev  0x0000000000003288       0x76 CMakeFiles\Oppgave_1_default_default_XC8_compile.dir\312a33ca25da9952bc933fd5ff735e36\AVR-kurs\Kursdag_2\Oppgave_1\My_MCC_Config\mcc\main.c.o
 .debug_abbrev  0x00000000000032fe      0x1a9 CMakeFiles\Oppgave_1_default_default_XC8_compile.dir\6f0b1361be30f4e1da9c882864fd39f7\My_MCC_Config\mcc\mcc_generated_files\adc\src\adc0.c.o
 .debug_abbrev  0x00000000000034a7       0xea CMakeFiles\Oppgave_1_default_default_XC8_compile.dir\6f0b1361be30f4e1da9c882864fd39f7\My_MCC_Config\mcc\mcc_generated_files\system\src\clock.c.o
 .debug_abbrev  0x0000000000003591       0x95 CMakeFiles\Oppgave_1_default_default_XC8_compile.dir\ba12d9c2f739aaaa2eeda3255c571185\mcc\mcc_generated_files\system\src\config_bits.c.o
 .debug_abbrev  0x0000000000003626       0xbe CMakeFiles\Oppgave_1_default_default_XC8_compile.dir\ba12d9c2f739aaaa2eeda3255c571185\mcc\mcc_generated_files\system\src\interrupt.c.o
 .debug_abbrev  0x00000000000036e4      0x10d CMakeFiles\Oppgave_1_default_default_XC8_compile.dir\6f0b1361be30f4e1da9c882864fd39f7\My_MCC_Config\mcc\mcc_generated_files\system\src\pins.c.o
 .debug_abbrev  0x00000000000037f1       0x37 CMakeFiles\Oppgave_1_default_default_XC8_compile.dir\6f0b1361be30f4e1da9c882864fd39f7\My_MCC_Config\mcc\mcc_generated_files\system\src\system.c.o
 .debug_abbrev  0x0000000000003828      0x2a9 CMakeFiles\Oppgave_1_default_default_XC8_compile.dir\6f0b1361be30f4e1da9c882864fd39f7\My_MCC_Config\mcc\mcc_generated_files\uart\src\usart3.c.o
 .debug_abbrev  0x0000000000003ad1       0x8a CMakeFiles\Oppgave_1_default_default_XC8_compile.dir\6f0b1361be30f4e1da9c882864fd39f7\My_MCC_Config\mcc\mcc_generated_files\vref\src\vref.c.o

.debug_line     0x0000000000000000     0x1ede
 *(.debug_line .debug_line.* .debug_line_end)
 .debug_line    0x0000000000000000      0x205 C:/Users/torbj/.mchp_packs/Microchip/AVR-Dx_DFP/2.7.321/xc8/avr/lib/avrxmega4/crtavr128db48.o
 .debug_line    0x0000000000000205       0xd1 CMakeFiles\Oppgave_1_default_default_XC8_assemblePreprocess.dir\a6cb186721fdb08bfaeaf950c7fc0b19\mcc_generated_files\system\src\protected_io.S.o
 .debug_line    0x00000000000002d6      0x1a7 CMakeFiles\Oppgave_1_default_default_XC8_compile.dir\312a33ca25da9952bc933fd5ff735e36\AVR-kurs\Kursdag_2\Oppgave_1\My_MCC_Config\mcc\main.c.o
 .debug_line    0x000000000000047d      0x6d7 CMakeFiles\Oppgave_1_default_default_XC8_compile.dir\6f0b1361be30f4e1da9c882864fd39f7\My_MCC_Config\mcc\mcc_generated_files\adc\src\adc0.c.o
 .debug_line    0x0000000000000b54      0x28a CMakeFiles\Oppgave_1_default_default_XC8_compile.dir\6f0b1361be30f4e1da9c882864fd39f7\My_MCC_Config\mcc\mcc_generated_files\system\src\clock.c.o
 .debug_line    0x0000000000000dde      0x148 CMakeFiles\Oppgave_1_default_default_XC8_compile.dir\ba12d9c2f739aaaa2eeda3255c571185\mcc\mcc_generated_files\system\src\config_bits.c.o
 .debug_line    0x0000000000000f26      0x214 CMakeFiles\Oppgave_1_default_default_XC8_compile.dir\ba12d9c2f739aaaa2eeda3255c571185\mcc\mcc_generated_files\system\src\interrupt.c.o
 .debug_line    0x000000000000113a      0x50d CMakeFiles\Oppgave_1_default_default_XC8_compile.dir\6f0b1361be30f4e1da9c882864fd39f7\My_MCC_Config\mcc\mcc_generated_files\system\src\pins.c.o
 .debug_line    0x0000000000001647       0xdd CMakeFiles\Oppgave_1_default_default_XC8_compile.dir\6f0b1361be30f4e1da9c882864fd39f7\My_MCC_Config\mcc\mcc_generated_files\system\src\system.c.o
 .debug_line    0x0000000000001724      0x64d CMakeFiles\Oppgave_1_default_default_XC8_compile.dir\6f0b1361be30f4e1da9c882864fd39f7\My_MCC_Config\mcc\mcc_generated_files\uart\src\usart3.c.o
 .debug_line    0x0000000000001d71      0x16d CMakeFiles\Oppgave_1_default_default_XC8_compile.dir\6f0b1361be30f4e1da9c882864fd39f7\My_MCC_Config\mcc\mcc_generated_files\vref\src\vref.c.o

.debug_frame    0x0000000000000000      0xcb0
 *(.debug_frame)
 .debug_frame   0x0000000000000000       0x34 CMakeFiles\Oppgave_1_default_default_XC8_compile.dir\312a33ca25da9952bc933fd5ff735e36\AVR-kurs\Kursdag_2\Oppgave_1\My_MCC_Config\mcc\main.c.o
 .debug_frame   0x0000000000000034      0x4bc CMakeFiles\Oppgave_1_default_default_XC8_compile.dir\6f0b1361be30f4e1da9c882864fd39f7\My_MCC_Config\mcc\mcc_generated_files\adc\src\adc0.c.o
 .debug_frame   0x00000000000004f0       0x94 CMakeFiles\Oppgave_1_default_default_XC8_compile.dir\6f0b1361be30f4e1da9c882864fd39f7\My_MCC_Config\mcc\mcc_generated_files\system\src\clock.c.o
 .debug_frame   0x0000000000000584       0x54 CMakeFiles\Oppgave_1_default_default_XC8_compile.dir\ba12d9c2f739aaaa2eeda3255c571185\mcc\mcc_generated_files\system\src\interrupt.c.o
 .debug_frame   0x00000000000005d8      0x33c CMakeFiles\Oppgave_1_default_default_XC8_compile.dir\6f0b1361be30f4e1da9c882864fd39f7\My_MCC_Config\mcc\mcc_generated_files\system\src\pins.c.o
 .debug_frame   0x0000000000000914       0x34 CMakeFiles\Oppgave_1_default_default_XC8_compile.dir\6f0b1361be30f4e1da9c882864fd39f7\My_MCC_Config\mcc\mcc_generated_files\system\src\system.c.o
 .debug_frame   0x0000000000000948      0x334 CMakeFiles\Oppgave_1_default_default_XC8_compile.dir\6f0b1361be30f4e1da9c882864fd39f7\My_MCC_Config\mcc\mcc_generated_files\uart\src\usart3.c.o
 .debug_frame   0x0000000000000c7c       0x34 CMakeFiles\Oppgave_1_default_default_XC8_compile.dir\6f0b1361be30f4e1da9c882864fd39f7\My_MCC_Config\mcc\mcc_generated_files\vref\src\vref.c.o

.debug_str      0x0000000000000000     0x174d
 *(.debug_str)
 .debug_str     0x0000000000000000     0x170f C:/Users/torbj/.mchp_packs/Microchip/AVR-Dx_DFP/2.7.321/xc8/avr/lib/avrxmega4/crtavr128db48.o
 .debug_str     0x000000000000170f        0x0 CMakeFiles\Oppgave_1_default_default_XC8_compile.dir\312a33ca25da9952bc933fd5ff735e36\AVR-kurs\Kursdag_2\Oppgave_1\My_MCC_Config\mcc\main.c.o
 .debug_str     0x000000000000170f        0x9 CMakeFiles\Oppgave_1_default_default_XC8_compile.dir\6f0b1361be30f4e1da9c882864fd39f7\My_MCC_Config\mcc\mcc_generated_files\adc\src\adc0.c.o
 .debug_str     0x0000000000001718        0x0 CMakeFiles\Oppgave_1_default_default_XC8_compile.dir\6f0b1361be30f4e1da9c882864fd39f7\My_MCC_Config\mcc\mcc_generated_files\system\src\clock.c.o
 .debug_str     0x0000000000001718        0x0 CMakeFiles\Oppgave_1_default_default_XC8_compile.dir\ba12d9c2f739aaaa2eeda3255c571185\mcc\mcc_generated_files\system\src\config_bits.c.o
 .debug_str     0x0000000000001718        0x0 CMakeFiles\Oppgave_1_default_default_XC8_compile.dir\ba12d9c2f739aaaa2eeda3255c571185\mcc\mcc_generated_files\system\src\interrupt.c.o
 .debug_str     0x0000000000001718       0x25 CMakeFiles\Oppgave_1_default_default_XC8_compile.dir\6f0b1361be30f4e1da9c882864fd39f7\My_MCC_Config\mcc\mcc_generated_files\system\src\pins.c.o
 .debug_str     0x000000000000173d        0x0 CMakeFiles\Oppgave_1_default_default_XC8_compile.dir\6f0b1361be30f4e1da9c882864fd39f7\My_MCC_Config\mcc\mcc_generated_files\system\src\system.c.o
 .debug_str     0x000000000000173d       0x10 CMakeFiles\Oppgave_1_default_default_XC8_compile.dir\6f0b1361be30f4e1da9c882864fd39f7\My_MCC_Config\mcc\mcc_generated_files\uart\src\usart3.c.o
 .debug_str     0x000000000000174d        0x0 CMakeFiles\Oppgave_1_default_default_XC8_compile.dir\6f0b1361be30f4e1da9c882864fd39f7\My_MCC_Config\mcc\mcc_generated_files\vref\src\vref.c.o

.debug_loc
 *(.debug_loc)

.debug_macinfo
 *(.debug_macinfo)

.debug_weaknames
 *(.debug_weaknames)

.debug_funcnames
 *(.debug_funcnames)

.debug_typenames
 *(.debug_typenames)

.debug_varnames
 *(.debug_varnames)

.debug_pubtypes
 *(.debug_pubtypes)

.debug_ranges   0x0000000000000000      0x2e0
 *(.debug_ranges)
 .debug_ranges  0x0000000000000000       0x10 CMakeFiles\Oppgave_1_default_default_XC8_compile.dir\312a33ca25da9952bc933fd5ff735e36\AVR-kurs\Kursdag_2\Oppgave_1\My_MCC_Config\mcc\main.c.o
 .debug_ranges  0x0000000000000010      0x110 CMakeFiles\Oppgave_1_default_default_XC8_compile.dir\6f0b1361be30f4e1da9c882864fd39f7\My_MCC_Config\mcc\mcc_generated_files\adc\src\adc0.c.o
 .debug_ranges  0x0000000000000120       0x28 CMakeFiles\Oppgave_1_default_default_XC8_compile.dir\6f0b1361be30f4e1da9c882864fd39f7\My_MCC_Config\mcc\mcc_generated_files\system\src\clock.c.o
 .debug_ranges  0x0000000000000148       0x18 CMakeFiles\Oppgave_1_default_default_XC8_compile.dir\ba12d9c2f739aaaa2eeda3255c571185\mcc\mcc_generated_files\system\src\interrupt.c.o
 .debug_ranges  0x0000000000000160       0x90 CMakeFiles\Oppgave_1_default_default_XC8_compile.dir\6f0b1361be30f4e1da9c882864fd39f7\My_MCC_Config\mcc\mcc_generated_files\system\src\pins.c.o
 .debug_ranges  0x00000000000001f0       0x10 CMakeFiles\Oppgave_1_default_default_XC8_compile.dir\6f0b1361be30f4e1da9c882864fd39f7\My_MCC_Config\mcc\mcc_generated_files\system\src\system.c.o
 .debug_ranges  0x0000000000000200       0xd0 CMakeFiles\Oppgave_1_default_default_XC8_compile.dir\6f0b1361be30f4e1da9c882864fd39f7\My_MCC_Config\mcc\mcc_generated_files\uart\src\usart3.c.o
 .debug_ranges  0x00000000000002d0       0x10 CMakeFiles\Oppgave_1_default_default_XC8_compile.dir\6f0b1361be30f4e1da9c882864fd39f7\My_MCC_Config\mcc\mcc_generated_files\vref\src\vref.c.o

.debug_macro
 *(.debug_macro)
OUTPUT(C:\Users\torbj\Documents\Linjeforening\Elektra\AVR-kurs\Kursdag 2\Oppgave_1\out\Oppgave_1\default.elf elf32-avr)
LOAD linker stubs
LOAD data_init

.note.gnu.avr.deviceinfo
                0x0000000000000000       0x40
 .note.gnu.avr.deviceinfo
                0x0000000000000000       0x40 C:/Users/torbj/.mchp_packs/Microchip/AVR-Dx_DFP/2.7.321/xc8/avr/lib/avrxmega4/crtavr128db48.o

.bss.ADC0_ConversionDoneCallback
                0x000000000080403a        0x2
 .bss.ADC0_ConversionDoneCallback
                0x000000000080403a        0x2 CMakeFiles\Oppgave_1_default_default_XC8_compile.dir\6f0b1361be30f4e1da9c882864fd39f7\My_MCC_Config\mcc\mcc_generated_files\adc\src\adc0.c.o

.bss.ADC0_ThresholdCallback
                0x000000000080403c        0x2
 .bss.ADC0_ThresholdCallback
                0x000000000080403c        0x2 CMakeFiles\Oppgave_1_default_default_XC8_compile.dir\6f0b1361be30f4e1da9c882864fd39f7\My_MCC_Config\mcc\mcc_generated_files\adc\src\adc0.c.o

.bss.IO_PB1_InterruptHandler
                0x000000000080403e        0x2
 .bss.IO_PB1_InterruptHandler
                0x000000000080403e        0x2 CMakeFiles\Oppgave_1_default_default_XC8_compile.dir\6f0b1361be30f4e1da9c882864fd39f7\My_MCC_Config\mcc\mcc_generated_files\system\src\pins.c.o

.bss.IO_PB0_InterruptHandler
                0x0000000000804040        0x2
 .bss.IO_PB0_InterruptHandler
                0x0000000000804040        0x2 CMakeFiles\Oppgave_1_default_default_XC8_compile.dir\6f0b1361be30f4e1da9c882864fd39f7\My_MCC_Config\mcc\mcc_generated_files\system\src\pins.c.o

.bss.IO_PD0_InterruptHandler
                0x0000000000804042        0x2
 .bss.IO_PD0_InterruptHandler
                0x0000000000804042        0x2 CMakeFiles\Oppgave_1_default_default_XC8_compile.dir\6f0b1361be30f4e1da9c882864fd39f7\My_MCC_Config\mcc\mcc_generated_files\system\src\pins.c.o

.bss.IO_PD6_InterruptHandler
                0x0000000000804044        0x2
 .bss.IO_PD6_InterruptHandler
                0x0000000000804044        0x2 CMakeFiles\Oppgave_1_default_default_XC8_compile.dir\6f0b1361be30f4e1da9c882864fd39f7\My_MCC_Config\mcc\mcc_generated_files\system\src\pins.c.o

.bss.LED_InterruptHandler
                0x0000000000804046        0x2
 .bss.LED_InterruptHandler
                0x0000000000804046        0x2 CMakeFiles\Oppgave_1_default_default_XC8_compile.dir\6f0b1361be30f4e1da9c882864fd39f7\My_MCC_Config\mcc\mcc_generated_files\system\src\pins.c.o

.bss.usart3RxLastError
                0x0000000000804048        0x2
 .bss.usart3RxLastError
                0x0000000000804048        0x2 CMakeFiles\Oppgave_1_default_default_XC8_compile.dir\6f0b1361be30f4e1da9c882864fd39f7\My_MCC_Config\mcc\mcc_generated_files\uart\src\usart3.c.o

.bss.USART3_FramingErrorHandler
                0x000000000080404a        0x2
 .bss.USART3_FramingErrorHandler
                0x000000000080404a        0x2 CMakeFiles\Oppgave_1_default_default_XC8_compile.dir\6f0b1361be30f4e1da9c882864fd39f7\My_MCC_Config\mcc\mcc_generated_files\uart\src\usart3.c.o

.bss.USART3_OverrunErrorHandler
                0x000000000080404c        0x2
 .bss.USART3_OverrunErrorHandler
                0x000000000080404c        0x2 CMakeFiles\Oppgave_1_default_default_XC8_compile.dir\6f0b1361be30f4e1da9c882864fd39f7\My_MCC_Config\mcc\mcc_generated_files\uart\src\usart3.c.o

.bss.USART3_ParityErrorHandler
                0x000000000080404e        0x2
 .bss.USART3_ParityErrorHandler
                0x000000000080404e        0x2 CMakeFiles\Oppgave_1_default_default_XC8_compile.dir\6f0b1361be30f4e1da9c882864fd39f7\My_MCC_Config\mcc\mcc_generated_files\uart\src\usart3.c.o

.bss.__stdout   0x0000000000804052        0x2
 .bss.__stdout  0x0000000000804052        0x2 c:/progra~1/microc~1/xc8/v3.00/avr/bin/../lib/gcc/avr/5.4.0/../../../../avr/lib/avrxmega4\libc.a(stdout.o)

.text.vfpfcnvrt
                0x000000000000016a      0x3fc
 .text.vfpfcnvrt
                0x000000000000016a      0x3fc c:/progra~1/microc~1/xc8/v3.00/avr/bin/../lib/gcc/avr/5.4.0/../../../../avr/lib/avrxmega4\libc.a(__printf_core.o)
                0x000000000000016a                vfpfcnvrt

.text.PIN_MANAGER_Initialize
                0x0000000000000566      0x274
 .text.PIN_MANAGER_Initialize
                0x0000000000000566      0x274 CMakeFiles\Oppgave_1_default_default_XC8_compile.dir\6f0b1361be30f4e1da9c882864fd39f7\My_MCC_Config\mcc\mcc_generated_files\system\src\pins.c.o
                0x0000000000000566                PIN_MANAGER_Initialize

.text.__fmt_x   0x00000000000007da      0x1dc
 .text.__fmt_x  0x00000000000007da      0x1dc c:/progra~1/microc~1/xc8/v3.00/avr/bin/../lib/gcc/avr/5.4.0/../../../../avr/lib/avrxmega4\libc.a(__fmt_x.o)
                0x00000000000007da                __fmt_x_needed
                0x00000000000007da                __fmt_x

.text.__fmt_d   0x00000000000009b6       0xe4
 .text.__fmt_d  0x00000000000009b6       0xe4 c:/progra~1/microc~1/xc8/v3.00/avr/bin/../lib/gcc/avr/5.4.0/../../../../avr/lib/avrxmega4\libc.a(__fmt_d.o)
                0x00000000000009b6                __fmt_d
                0x00000000000009b6                __fmt_d_needed

.text.__pop_int
                0x0000000000000a9a       0xd0
 .text.__pop_int
                0x0000000000000a9a       0xd0 c:/progra~1/microc~1/xc8/v3.00/avr/bin/../lib/gcc/avr/5.4.0/../../../../avr/lib/avrxmega4\libc.a(__pop_int.o)
                0x0000000000000a9a                __pop_int_needed
                0x0000000000000a9a                __pop_int

.text.__cvt_u   0x0000000000000b6a       0xca
 .text.__cvt_u  0x0000000000000b6a       0xca c:/progra~1/microc~1/xc8/v3.00/avr/bin/../lib/gcc/avr/5.4.0/../../../../avr/lib/avrxmega4\libc.a(__fmt_u.o)
                0x0000000000000b6a                __cvt_u

.text.ADC0_Initialize
                0x0000000000000c34       0xc8
 .text.ADC0_Initialize
                0x0000000000000c34       0xc8 CMakeFiles\Oppgave_1_default_default_XC8_compile.dir\6f0b1361be30f4e1da9c882864fd39f7\My_MCC_Config\mcc\mcc_generated_files\adc\src\adc0.c.o
                0x0000000000000c34                ADC0_Initialize

.text.__vector_45
                0x0000000000000cfc       0xc4
 .text.__vector_45
                0x0000000000000cfc       0xc4 CMakeFiles\Oppgave_1_default_default_XC8_compile.dir\6f0b1361be30f4e1da9c882864fd39f7\My_MCC_Config\mcc\mcc_generated_files\system\src\pins.c.o
                0x0000000000000cfc                __vector_45

.text.__fmt_o   0x0000000000000dc0       0xb2
 .text.__fmt_o  0x0000000000000dc0       0xb2 c:/progra~1/microc~1/xc8/v3.00/avr/bin/../lib/gcc/avr/5.4.0/../../../../avr/lib/avrxmega4\libc.a(__fmt_o.o)
                0x0000000000000dc0                __fmt_o
                0x0000000000000dc0                __fmt_o_needed

.text.__vector_24
                0x0000000000000e72       0xa4
 .text.__vector_24
                0x0000000000000e72       0xa4 CMakeFiles\Oppgave_1_default_default_XC8_compile.dir\6f0b1361be30f4e1da9c882864fd39f7\My_MCC_Config\mcc\mcc_generated_files\system\src\pins.c.o
                0x0000000000000e72                __vector_24

.text.fputc     0x0000000000000f16       0x98
 .text.fputc    0x0000000000000f16       0x98 c:/progra~1/microc~1/xc8/v3.00/avr/bin/../lib/gcc/avr/5.4.0/../../../../avr/lib/avrxmega4\libc.a(fputc.o)
                0x0000000000000f16                fputc
                0x0000000000000f16                putc

.text.CLOCK_Initialize
                0x0000000000000fae       0x94
 .text.CLOCK_Initialize
                0x0000000000000fae       0x94 CMakeFiles\Oppgave_1_default_default_XC8_compile.dir\6f0b1361be30f4e1da9c882864fd39f7\My_MCC_Config\mcc\mcc_generated_files\system\src\clock.c.o
                0x0000000000000fae                CLOCK_Initialize

.text.__fmt_u   0x0000000000001042       0x8e
 .text.__fmt_u  0x0000000000001042       0x8e c:/progra~1/microc~1/xc8/v3.00/avr/bin/../lib/gcc/avr/5.4.0/../../../../avr/lib/avrxmega4\libc.a(__fmt_u.o)
                0x0000000000001042                __fmt_u_needed
                0x0000000000001042                __fmt_u

.text.USART3_Initialize
                0x00000000000010d0       0x8c
 .text.USART3_Initialize
                0x00000000000010d0       0x8c CMakeFiles\Oppgave_1_default_default_XC8_compile.dir\6f0b1361be30f4e1da9c882864fd39f7\My_MCC_Config\mcc\mcc_generated_files\uart\src\usart3.c.o
                0x00000000000010d0                USART3_Initialize

.text.__vector_26
                0x000000000000115c       0x7c
 .text.__vector_26
                0x000000000000115c       0x7c CMakeFiles\Oppgave_1_default_default_XC8_compile.dir\6f0b1361be30f4e1da9c882864fd39f7\My_MCC_Config\mcc\mcc_generated_files\adc\src\adc0.c.o
                0x000000000000115c                __vector_26

.text.__vector_27
                0x00000000000011d8       0x7c
 .text.__vector_27
                0x00000000000011d8       0x7c CMakeFiles\Oppgave_1_default_default_XC8_compile.dir\6f0b1361be30f4e1da9c882864fd39f7\My_MCC_Config\mcc\mcc_generated_files\adc\src\adc0.c.o
                0x00000000000011d8                __vector_27

.text.main      0x0000000000001254       0x78
 .text.main     0x0000000000001254       0x78 CMakeFiles\Oppgave_1_default_default_XC8_compile.dir\312a33ca25da9952bc933fd5ff735e36\AVR-kurs\Kursdag_2\Oppgave_1\My_MCC_Config\mcc\main.c.o
                0x0000000000001254                main

.text.__printf_core
                0x00000000000012cc       0x78
 .text.__printf_core
                0x00000000000012cc       0x78 c:/progra~1/microc~1/xc8/v3.00/avr/bin/../lib/gcc/avr/5.4.0/../../../../avr/lib/avrxmega4\libc.a(__printf_core.o)
                0x00000000000012cc                __printf_core

.text.__pad     0x0000000000001344       0x72
 .text.__pad    0x0000000000001344       0x72 c:/progra~1/microc~1/xc8/v3.00/avr/bin/../lib/gcc/avr/5.4.0/../../../../avr/lib/avrxmega4\libc.a(__printf_core.o)
                0x0000000000001344                __pad

.text.read_prec_or_width
                0x00000000000013b6       0x5c
 .text.read_prec_or_width
                0x00000000000013b6       0x5c c:/progra~1/microc~1/xc8/v3.00/avr/bin/../lib/gcc/avr/5.4.0/../../../../avr/lib/avrxmega4\libc.a(__printf_core.o)

.text.__fmt_s   0x0000000000001412       0x54
 .text.__fmt_s  0x0000000000001412       0x54 c:/progra~1/microc~1/xc8/v3.00/avr/bin/../lib/gcc/avr/5.4.0/../../../../avr/lib/avrxmega4\libc.a(__fmt_s.o)
                0x0000000000001412                __fmt_s
                0x0000000000001412                __fmt_0_needed
                0x0000000000001412                __fmt_s_needed

.text.__vector_8
                0x0000000000001466       0x48
 .text.__vector_8
                0x0000000000001466       0x48 CMakeFiles\Oppgave_1_default_default_XC8_compile.dir\6f0b1361be30f4e1da9c882864fd39f7\My_MCC_Config\mcc\mcc_generated_files\system\src\pins.c.o
                0x0000000000001466                __vector_8

.text.__vector_30
                0x00000000000014ae       0x48
 .text.__vector_30
                0x00000000000014ae       0x48 CMakeFiles\Oppgave_1_default_default_XC8_compile.dir\6f0b1361be30f4e1da9c882864fd39f7\My_MCC_Config\mcc\mcc_generated_files\system\src\pins.c.o
                0x00000000000014ae                __vector_30

.text.__vector_46
                0x00000000000014f6       0x48
 .text.__vector_46
                0x00000000000014f6       0x48 CMakeFiles\Oppgave_1_default_default_XC8_compile.dir\6f0b1361be30f4e1da9c882864fd39f7\My_MCC_Config\mcc\mcc_generated_files\system\src\pins.c.o
                0x00000000000014f6                __vector_46

.text.__vector_35
                0x000000000000153e       0x48
 .text.__vector_35
                0x000000000000153e       0x48 CMakeFiles\Oppgave_1_default_default_XC8_compile.dir\6f0b1361be30f4e1da9c882864fd39f7\My_MCC_Config\mcc\mcc_generated_files\system\src\pins.c.o
                0x000000000000153e                __vector_35

.text.libgcc.div
                0x0000000000001586       0x44
 .text.libgcc.div
                0x0000000000001586       0x44 c:/progra~1/microc~1/xc8/v3.00/avr/bin/../lib/gcc/avr/5.4.0/avrxmega4\libgcc.a(_udivmodsi4.o)
                0x0000000000001586                __udivmodsi4

.text.__fmt_state
                0x00000000000015ca       0x40
 .text.__fmt_state
                0x00000000000015ca       0x40 c:/progra~1/microc~1/xc8/v3.00/avr/bin/../lib/gcc/avr/5.4.0/../../../../avr/lib/avrxmega4\libc.a(__printf_core.o)
                0x00000000000015ca                __fmt_state

.text.__out     0x000000000000160a       0x3a
 .text.__out    0x000000000000160a       0x3a c:/progra~1/microc~1/xc8/v3.00/avr/bin/../lib/gcc/avr/5.4.0/../../../../avr/lib/avrxmega4\libc.a(__printf_core.o)
                0x000000000000160a                __out

.text.USART3_printCHAR
                0x0000000000001644       0x38
 .text.USART3_printCHAR
                0x0000000000001644       0x38 CMakeFiles\Oppgave_1_default_default_XC8_compile.dir\6f0b1361be30f4e1da9c882864fd39f7\My_MCC_Config\mcc\mcc_generated_files\uart\src\usart3.c.o
                0x0000000000001644                USART3_printCHAR

.text.libgcc.prologue
                0x000000000000167c       0x32
 .text.libgcc.prologue
                0x000000000000167c       0x32 c:/progra~1/microc~1/xc8/v3.00/avr/bin/../lib/gcc/avr/5.4.0/avrxmega4\libgcc.a(_prologue.o)
                0x000000000000167c                __prologue_saves__

.text.__wrap_printf
                0x00000000000016ae       0x30
 .text.__wrap_printf
                0x00000000000016ae       0x30 c:/progra~1/microc~1/xc8/v3.00/avr/bin/../lib/gcc/avr/5.4.0/../../../../avr/lib/avrxmega4\libc.a(__sio_printf_doux.o)
                0x00000000000016ae                _printf_cdopuxX

.text.__vfprintf
                0x00000000000016de       0x30
 .text.__vfprintf
                0x00000000000016de       0x30 c:/progra~1/microc~1/xc8/v3.00/avr/bin/../lib/gcc/avr/5.4.0/../../../../avr/lib/avrxmega4\libc.a(__int_vfprintf.o)
                0x00000000000016de                __vfprintf

.text.libgcc.prologue
                0x000000000000170e       0x30
 .text.libgcc.prologue
                0x000000000000170e       0x30 c:/progra~1/microc~1/xc8/v3.00/avr/bin/../lib/gcc/avr/5.4.0/avrxmega4\libgcc.a(_epilogue.o)
                0x000000000000170e                __epilogue_restores__

.text.USART3_FramingErrorCallbackRegister
                0x000000000000173e       0x2e
 .text.USART3_FramingErrorCallbackRegister
                0x000000000000173e       0x2e CMakeFiles\Oppgave_1_default_default_XC8_compile.dir\6f0b1361be30f4e1da9c882864fd39f7\My_MCC_Config\mcc\mcc_generated_files\uart\src\usart3.c.o
                0x000000000000173e                USART3_FramingErrorCallbackRegister

.text.USART3_OverrunErrorCallbackRegister
                0x000000000000176c       0x2e
 .text.USART3_OverrunErrorCallbackRegister
                0x000000000000176c       0x2e CMakeFiles\Oppgave_1_default_default_XC8_compile.dir\6f0b1361be30f4e1da9c882864fd39f7\My_MCC_Config\mcc\mcc_generated_files\uart\src\usart3.c.o
                0x000000000000176c                USART3_OverrunErrorCallbackRegister

.text.USART3_ParityErrorCallbackRegister
                0x000000000000179a       0x2e
 .text.USART3_ParityErrorCallbackRegister
                0x000000000000179a       0x2e CMakeFiles\Oppgave_1_default_default_XC8_compile.dir\6f0b1361be30f4e1da9c882864fd39f7\My_MCC_Config\mcc\mcc_generated_files\uart\src\usart3.c.o
                0x000000000000179a                USART3_ParityErrorCallbackRegister

.text.ccp_write_io
                0x00000000000017c8       0x2c
 .text.ccp_write_io
                0x00000000000017c8       0x2c CMakeFiles\Oppgave_1_default_default_XC8_compile.dir\6f0b1361be30f4e1da9c882864fd39f7\My_MCC_Config\mcc\mcc_generated_files\system\src\clock.c.o

.text.ccp_write_io
                0x00000000000017f4       0x2c
 .text.ccp_write_io
                0x00000000000017f4       0x2c CMakeFiles\Oppgave_1_default_default_XC8_compile.dir\ba12d9c2f739aaaa2eeda3255c571185\mcc\mcc_generated_files\system\src\interrupt.c.o

.text.CPUINT_Initialize
                0x0000000000001820       0x2a
 .text.CPUINT_Initialize
                0x0000000000001820       0x2a CMakeFiles\Oppgave_1_default_default_XC8_compile.dir\ba12d9c2f739aaaa2eeda3255c571185\mcc\mcc_generated_files\system\src\interrupt.c.o
                0x0000000000001820                CPUINT_Initialize

.text.ADC0_IsConversionDone
                0x000000000000184a       0x28
 .text.ADC0_IsConversionDone
                0x000000000000184a       0x28 CMakeFiles\Oppgave_1_default_default_XC8_compile.dir\6f0b1361be30f4e1da9c882864fd39f7\My_MCC_Config\mcc\mcc_generated_files\adc\src\adc0.c.o
                0x000000000000184a                ADC0_IsConversionDone

.text.SYSTEM_Initialize
                0x0000000000001872       0x28
 .text.SYSTEM_Initialize
                0x0000000000001872       0x28 CMakeFiles\Oppgave_1_default_default_XC8_compile.dir\6f0b1361be30f4e1da9c882864fd39f7\My_MCC_Config\mcc\mcc_generated_files\system\src\system.c.o
                0x0000000000001872                SYSTEM_Initialize

.text.USART3_IsTxReady
                0x000000000000189a       0x28
 .text.USART3_IsTxReady
                0x000000000000189a       0x28 CMakeFiles\Oppgave_1_default_default_XC8_compile.dir\6f0b1361be30f4e1da9c882864fd39f7\My_MCC_Config\mcc\mcc_generated_files\uart\src\usart3.c.o
                0x000000000000189a                USART3_IsTxReady

.text.VREF_Initialize
                0x00000000000018c2       0x28
 .text.VREF_Initialize
                0x00000000000018c2       0x28 CMakeFiles\Oppgave_1_default_default_XC8_compile.dir\6f0b1361be30f4e1da9c882864fd39f7\My_MCC_Config\mcc\mcc_generated_files\vref\src\vref.c.o
                0x00000000000018c2                VREF_Initialize

.text.IO_PB1_SetInterruptHandler
                0x00000000000018ea       0x26
 .text.IO_PB1_SetInterruptHandler
                0x00000000000018ea       0x26 CMakeFiles\Oppgave_1_default_default_XC8_compile.dir\6f0b1361be30f4e1da9c882864fd39f7\My_MCC_Config\mcc\mcc_generated_files\system\src\pins.c.o
                0x00000000000018ea                IO_PB1_SetInterruptHandler

.text.IO_PB0_SetInterruptHandler
                0x0000000000001910       0x26
 .text.IO_PB0_SetInterruptHandler
                0x0000000000001910       0x26 CMakeFiles\Oppgave_1_default_default_XC8_compile.dir\6f0b1361be30f4e1da9c882864fd39f7\My_MCC_Config\mcc\mcc_generated_files\system\src\pins.c.o
                0x0000000000001910                IO_PB0_SetInterruptHandler

.text.IO_PD0_SetInterruptHandler
                0x0000000000001936       0x26
 .text.IO_PD0_SetInterruptHandler
                0x0000000000001936       0x26 CMakeFiles\Oppgave_1_default_default_XC8_compile.dir\6f0b1361be30f4e1da9c882864fd39f7\My_MCC_Config\mcc\mcc_generated_files\system\src\pins.c.o
                0x0000000000001936                IO_PD0_SetInterruptHandler

.text.IO_PD6_SetInterruptHandler
                0x000000000000195c       0x26
 .text.IO_PD6_SetInterruptHandler
                0x000000000000195c       0x26 CMakeFiles\Oppgave_1_default_default_XC8_compile.dir\6f0b1361be30f4e1da9c882864fd39f7\My_MCC_Config\mcc\mcc_generated_files\system\src\pins.c.o
                0x000000000000195c                IO_PD6_SetInterruptHandler

.text.LED_SetInterruptHandler
                0x0000000000001982       0x26
 .text.LED_SetInterruptHandler
                0x0000000000001982       0x26 CMakeFiles\Oppgave_1_default_default_XC8_compile.dir\6f0b1361be30f4e1da9c882864fd39f7\My_MCC_Config\mcc\mcc_generated_files\system\src\pins.c.o
                0x0000000000001982                LED_SetInterruptHandler

.text.ADC0_Enable
                0x00000000000019a8       0x22
 .text.ADC0_Enable
                0x00000000000019a8       0x22 CMakeFiles\Oppgave_1_default_default_XC8_compile.dir\6f0b1361be30f4e1da9c882864fd39f7\My_MCC_Config\mcc\mcc_generated_files\adc\src\adc0.c.o
                0x00000000000019a8                ADC0_Enable

.text.ADC0_ConversionStart
                0x00000000000019ca       0x22
 .text.ADC0_ConversionStart
                0x00000000000019ca       0x22 CMakeFiles\Oppgave_1_default_default_XC8_compile.dir\6f0b1361be30f4e1da9c882864fd39f7\My_MCC_Config\mcc\mcc_generated_files\adc\src\adc0.c.o
                0x00000000000019ca                ADC0_ConversionStart

.text.ADC0_ChannelSelect
                0x00000000000019ec       0x20
 .text.ADC0_ChannelSelect
                0x00000000000019ec       0x20 CMakeFiles\Oppgave_1_default_default_XC8_compile.dir\6f0b1361be30f4e1da9c882864fd39f7\My_MCC_Config\mcc\mcc_generated_files\adc\src\adc0.c.o
                0x00000000000019ec                ADC0_ChannelSelect

.text.USART3_Write
                0x0000000000001a0c       0x20
 .text.USART3_Write
                0x0000000000001a0c       0x20 CMakeFiles\Oppgave_1_default_default_XC8_compile.dir\6f0b1361be30f4e1da9c882864fd39f7\My_MCC_Config\mcc\mcc_generated_files\uart\src\usart3.c.o
                0x0000000000001a0c                USART3_Write

.text.strlen    0x0000000000001a2c       0x1c
 .text.strlen   0x0000000000001a2c       0x1c c:/progra~1/microc~1/xc8/v3.00/avr/bin/../lib/gcc/avr/5.4.0/../../../../avr/lib/avrxmega4\libc.a(strlen.o)
                0x0000000000001a2c                strlen

.text.ADC0_ConversionResultGet
                0x0000000000001a48       0x18
 .text.ADC0_ConversionResultGet
                0x0000000000001a48       0x18 CMakeFiles\Oppgave_1_default_default_XC8_compile.dir\6f0b1361be30f4e1da9c882864fd39f7\My_MCC_Config\mcc\mcc_generated_files\adc\src\adc0.c.o
                0x0000000000001a48                ADC0_ConversionResultGet

.text.exit      0x0000000000001a60       0x16
 .text.exit     0x0000000000001a60       0x16 c:/progra~1/microc~1/xc8/v3.00/avr/bin/../lib/gcc/avr/5.4.0/../../../../avr/lib/avrxmega4\libc.a(exit.o)
                0x0000000000001a60                exit

.text.toupper   0x0000000000001a76       0x12
 .text.toupper  0x0000000000001a76       0x12 c:/progra~1/microc~1/xc8/v3.00/avr/bin/../lib/gcc/avr/5.4.0/../../../../avr/lib/avrxmega4\libc.a(toupper.o)
                0x0000000000001a76                toupper

.text.IO_PB1_DefaultInterruptHandler
                0x0000000000001a88       0x10
 .text.IO_PB1_DefaultInterruptHandler
                0x0000000000001a88       0x10 CMakeFiles\Oppgave_1_default_default_XC8_compile.dir\6f0b1361be30f4e1da9c882864fd39f7\My_MCC_Config\mcc\mcc_generated_files\system\src\pins.c.o
                0x0000000000001a88                IO_PB1_DefaultInterruptHandler

.text.IO_PB0_DefaultInterruptHandler
                0x0000000000001a98       0x10
 .text.IO_PB0_DefaultInterruptHandler
                0x0000000000001a98       0x10 CMakeFiles\Oppgave_1_default_default_XC8_compile.dir\6f0b1361be30f4e1da9c882864fd39f7\My_MCC_Config\mcc\mcc_generated_files\system\src\pins.c.o
                0x0000000000001a98                IO_PB0_DefaultInterruptHandler

.text.IO_PD0_DefaultInterruptHandler
                0x0000000000001aa8       0x10
 .text.IO_PD0_DefaultInterruptHandler
                0x0000000000001aa8       0x10 CMakeFiles\Oppgave_1_default_default_XC8_compile.dir\6f0b1361be30f4e1da9c882864fd39f7\My_MCC_Config\mcc\mcc_generated_files\system\src\pins.c.o
                0x0000000000001aa8                IO_PD0_DefaultInterruptHandler

.text.IO_PD6_DefaultInterruptHandler
                0x0000000000001ab8       0x10
 .text.IO_PD6_DefaultInterruptHandler
                0x0000000000001ab8       0x10 CMakeFiles\Oppgave_1_default_default_XC8_compile.dir\6f0b1361be30f4e1da9c882864fd39f7\My_MCC_Config\mcc\mcc_generated_files\system\src\pins.c.o
                0x0000000000001ab8                IO_PD6_DefaultInterruptHandler

.text.LED_DefaultInterruptHandler
                0x0000000000001ac8       0x10
 .text.LED_DefaultInterruptHandler
                0x0000000000001ac8       0x10 CMakeFiles\Oppgave_1_default_default_XC8_compile.dir\6f0b1361be30f4e1da9c882864fd39f7\My_MCC_Config\mcc\mcc_generated_files\system\src\pins.c.o
                0x0000000000001ac8                LED_DefaultInterruptHandler

.text.USART3_DefaultFramingErrorCallback
                0x0000000000001ad8       0x10
 .text.USART3_DefaultFramingErrorCallback
                0x0000000000001ad8       0x10 CMakeFiles\Oppgave_1_default_default_XC8_compile.dir\6f0b1361be30f4e1da9c882864fd39f7\My_MCC_Config\mcc\mcc_generated_files\uart\src\usart3.c.o

.text.USART3_DefaultOverrunErrorCallback
                0x0000000000001ae8       0x10
 .text.USART3_DefaultOverrunErrorCallback
                0x0000000000001ae8       0x10 CMakeFiles\Oppgave_1_default_default_XC8_compile.dir\6f0b1361be30f4e1da9c882864fd39f7\My_MCC_Config\mcc\mcc_generated_files\uart\src\usart3.c.o

.text.USART3_DefaultParityErrorCallback
                0x0000000000001af8       0x10
 .text.USART3_DefaultParityErrorCallback
                0x0000000000001af8       0x10 CMakeFiles\Oppgave_1_default_default_XC8_compile.dir\6f0b1361be30f4e1da9c882864fd39f7\My_MCC_Config\mcc\mcc_generated_files\uart\src\usart3.c.o

.text.tolower   0x0000000000001b08       0x10
 .text.tolower  0x0000000000001b08       0x10 c:/progra~1/microc~1/xc8/v3.00/avr/bin/../lib/gcc/avr/5.4.0/../../../../avr/lib/avrxmega4\libc.a(tolower.o)
                0x0000000000001b08                tolower

.text.protected_write_io
                0x0000000000001b18        0xa
 .text.protected_write_io
                0x0000000000001b18        0xa CMakeFiles\Oppgave_1_default_default_XC8_assemblePreprocess.dir\a6cb186721fdb08bfaeaf950c7fc0b19\mcc_generated_files\system\src\protected_io.S.o
                0x0000000000001b18                protected_write_io

.text           0x0000000000001b22        0x4
 .text          0x0000000000001b22        0x4 C:/Users/torbj/.mchp_packs/Microchip/AVR-Dx_DFP/2.7.321/xc8/avr/lib/avrxmega4/crtavr128db48.o
                0x0000000000001b22                __vector_38
                0x0000000000001b22                __vector_22
                0x0000000000001b22                __vector_28
                0x0000000000001b22                __vector_1
                0x0000000000001b22                __vector_32
                0x0000000000001b22                __vector_34
                0x0000000000001b22                __vector_12
                0x0000000000001b22                __vector_55
                0x0000000000001b22                __bad_interrupt
                0x0000000000001b22                __vector_6
                0x0000000000001b22                __vector_31
                0x0000000000001b22                __vector_39
                0x0000000000001b22                __vector_3
                0x0000000000001b22                __vector_23
                0x0000000000001b22                __vector_25
                0x0000000000001b22                __vector_11
                0x0000000000001b22                __vector_54
                0x0000000000001b22                __vector_13
                0x0000000000001b22                __vector_17
                0x0000000000001b22                __vector_19
                0x0000000000001b22                __vector_56
                0x0000000000001b22                __vector_7
                0x0000000000001b22                __vector_49
                0x0000000000001b22                __vector_41
                0x0000000000001b22                __vector_43
                0x0000000000001b22                __vector_5
                0x0000000000001b22                __vector_33
                0x0000000000001b22                __vector_47
                0x0000000000001b22                __vector_52
                0x0000000000001b22                __vector_37
                0x0000000000001b22                __vector_4
                0x0000000000001b22                __vector_44
                0x0000000000001b22                __vector_51
                0x0000000000001b22                __vector_9
                0x0000000000001b22                __vector_2
                0x0000000000001b22                __vector_21
                0x0000000000001b22                __vector_15
                0x0000000000001b22                __vector_36
                0x0000000000001b22                __vector_58
                0x0000000000001b22                __vector_29
                0x0000000000001b22                __vector_60
                0x0000000000001b22                __vector_40
                0x0000000000001b22                __vector_48
                0x0000000000001b22                __vector_14
                0x0000000000001b22                __vector_57
                0x0000000000001b22                __vector_53
                0x0000000000001b22                __vector_10
                0x0000000000001b22                __vector_50
                0x0000000000001b22                __vector_16
                0x0000000000001b22                __vector_59
                0x0000000000001b22                __vector_18
                0x0000000000001b22                __vector_20
                0x0000000000001b22                __vector_42

.text._Exit     0x0000000000001b26        0x4
 .text._Exit    0x0000000000001b26        0x4 c:/progra~1/microc~1/xc8/v3.00/avr/bin/../lib/gcc/avr/5.4.0/../../../../avr/lib/avrxmega4\libc.a(_Exit.o)
                0x0000000000001b26                _Exit

.text.__dummy_fini
                0x0000000000001b2a        0x2
 .text.__dummy_fini
                0x0000000000001b2a        0x2 c:/progra~1/microc~1/xc8/v3.00/avr/bin/../lib/gcc/avr/5.4.0/../../../../avr/lib/avrxmega4\libc.a(exit.o)
                0x0000000000001b2a                _fini

.text.__dummy_funcs_on_exit
                0x0000000000001b2c        0x2
 .text.__dummy_funcs_on_exit
                0x0000000000001b2c        0x2 c:/progra~1/microc~1/xc8/v3.00/avr/bin/../lib/gcc/avr/5.4.0/../../../../avr/lib/avrxmega4\libc.a(exit.o)
                0x0000000000001b2c                __funcs_on_exit

.text.__dummy_simulator_exit
                0x0000000000001b2e        0x2
 .text.__dummy_simulator_exit
                0x0000000000001b2e        0x2 c:/progra~1/microc~1/xc8/v3.00/avr/bin/../lib/gcc/avr/5.4.0/../../../../avr/lib/avrxmega4\libc.a(exit.o)
                0x0000000000001b2e                __simulator_exit

.rodata.state_table
                0x0000000000804002       0x16 load address 0x0000000000001b30
 .rodata.state_table
                0x0000000000804002       0x16 c:/progra~1/microc~1/xc8/v3.00/avr/bin/../lib/gcc/avr/5.4.0/../../../../avr/lib/avrxmega4\libc.a(__printf_core.o)

.data.USART3_stream
                0x0000000000804018       0x10 load address 0x0000000000001b46
 .data.USART3_stream
                0x0000000000804018       0x10 CMakeFiles\Oppgave_1_default_default_XC8_compile.dir\6f0b1361be30f4e1da9c882864fd39f7\My_MCC_Config\mcc\mcc_generated_files\uart\src\usart3.c.o
                0x0000000000804018                USART3_stream

.rodata.nuls.2781
                0x0000000000804028        0x7 load address 0x0000000000001b56
 .rodata.nuls.2781
                0x0000000000804028        0x7 c:/progra~1/microc~1/xc8/v3.00/avr/bin/../lib/gcc/avr/5.4.0/../../../../avr/lib/avrxmega4\libc.a(__fmt_s.o)

.rodata.nilstr.2962
                0x000000000080402f        0x6 load address 0x0000000000001b5d
 .rodata.nilstr.2962
                0x000000000080402f        0x6 c:/progra~1/microc~1/xc8/v3.00/avr/bin/../lib/gcc/avr/5.4.0/../../../../avr/lib/avrxmega4\libc.a(__printf_core.o)

.rodata         0x0000000000804035        0x5 load address 0x0000000000001b63
 .rodata        0x0000000000804035        0x5 CMakeFiles\Oppgave_1_default_default_XC8_compile.dir\312a33ca25da9952bc933fd5ff735e36\AVR-kurs\Kursdag_2\Oppgave_1\My_MCC_Config\mcc\main.c.o

.data._stdout   0x0000000000804050        0x2 load address 0x0000000000001b68
 .data._stdout  0x0000000000804050        0x2 c:/progra~1/microc~1/xc8/v3.00/avr/bin/../lib/gcc/avr/5.4.0/../../../../avr/lib/avrxmega4\libc.a(stdout.o)
                0x0000000000804050                _stdout
