Archive member included to satisfy reference by file (symbol)

c:/progra~1/microc~1/xc8/v3.00/avr/bin/../lib/gcc/avr/5.4.0/avrxmega4\libgcc.a(_copy_data.o)
                              CMakeFiles\Oppgave_LF_default_default_XC8_compile.dir\312a33ca25da9952bc933fd5ff735e36\AVR-kurs\Kursdag_3\Oppgave-LF\My_MCC_Config\mcc\main.c.o (__do_copy_data)
c:/progra~1/microc~1/xc8/v3.00/avr/bin/../lib/gcc/avr/5.4.0/../../../../avr/lib/avrxmega4\libm.a(cmpsf2.o)
                              CMakeFiles\Oppgave_LF_default_default_XC8_compile.dir\312a33ca25da9952bc933fd5ff735e36\AVR-kurs\Kursdag_3\Oppgave-LF\My_MCC_Config\mcc\main.c.o (__ltsf2)
c:/progra~1/microc~1/xc8/v3.00/avr/bin/../lib/gcc/avr/5.4.0/../../../../avr/lib/avrxmega4\libm.a(fixunssfsi.o)
                              CMakeFiles\Oppgave_LF_default_default_XC8_compile.dir\312a33ca25da9952bc933fd5ff735e36\AVR-kurs\Kursdag_3\Oppgave-LF\My_MCC_Config\mcc\main.c.o (__fixunssfsi)
c:/progra~1/microc~1/xc8/v3.00/avr/bin/../lib/gcc/avr/5.4.0/../../../../avr/lib/avrxmega4\libm.a(fp_cmp.o)
                              c:/progra~1/microc~1/xc8/v3.00/avr/bin/../lib/gcc/avr/5.4.0/../../../../avr/lib/avrxmega4\libm.a(cmpsf2.o) (__fp_cmp)
c:/progra~1/microc~1/xc8/v3.00/avr/bin/../lib/gcc/avr/5.4.0/../../../../avr/lib/avrxmega4\libm.a(fp_split3.o)
                              c:/progra~1/microc~1/xc8/v3.00/avr/bin/../lib/gcc/avr/5.4.0/../../../../avr/lib/avrxmega4\libm.a(fixunssfsi.o) (__fp_splitA)
c:/progra~1/microc~1/xc8/v3.00/avr/bin/../lib/gcc/avr/5.4.0/../../../../avr/lib/avrxmega4\libm.a(fp_zero.o)
                              c:/progra~1/microc~1/xc8/v3.00/avr/bin/../lib/gcc/avr/5.4.0/../../../../avr/lib/avrxmega4\libm.a(fixunssfsi.o) (__fp_zero)
c:/progra~1/microc~1/xc8/v3.00/avr/bin/../lib/gcc/avr/5.4.0/../../../../avr/lib/avrxmega4\libm.a(gesf2.o)
                              CMakeFiles\Oppgave_LF_default_default_XC8_compile.dir\312a33ca25da9952bc933fd5ff735e36\AVR-kurs\Kursdag_3\Oppgave-LF\My_MCC_Config\mcc\main.c.o (__gtsf2)
c:/progra~1/microc~1/xc8/v3.00/avr/bin/../lib/gcc/avr/5.4.0/../../../../avr/lib/avrxmega4\libm.a(mulsf3.o)
                              CMakeFiles\Oppgave_LF_default_default_XC8_compile.dir\312a33ca25da9952bc933fd5ff735e36\AVR-kurs\Kursdag_3\Oppgave-LF\My_MCC_Config\mcc\main.c.o (__mulsf3)
c:/progra~1/microc~1/xc8/v3.00/avr/bin/../lib/gcc/avr/5.4.0/../../../../avr/lib/avrxmega4\libm.a(mulsf3x.o)
                              c:/progra~1/microc~1/xc8/v3.00/avr/bin/../lib/gcc/avr/5.4.0/../../../../avr/lib/avrxmega4\libm.a(mulsf3.o) (__mulsf3x)
c:/progra~1/microc~1/xc8/v3.00/avr/bin/../lib/gcc/avr/5.4.0/../../../../avr/lib/avrxmega4\libm.a(fp_inf.o)
                              c:/progra~1/microc~1/xc8/v3.00/avr/bin/../lib/gcc/avr/5.4.0/../../../../avr/lib/avrxmega4\libm.a(mulsf3x.o) (__fp_inf)
c:/progra~1/microc~1/xc8/v3.00/avr/bin/../lib/gcc/avr/5.4.0/../../../../avr/lib/avrxmega4\libm.a(fp_nan.o)
                              c:/progra~1/microc~1/xc8/v3.00/avr/bin/../lib/gcc/avr/5.4.0/../../../../avr/lib/avrxmega4\libm.a(mulsf3x.o) (__fp_nan)
c:/progra~1/microc~1/xc8/v3.00/avr/bin/../lib/gcc/avr/5.4.0/../../../../avr/lib/avrxmega4\libm.a(fp_pscA.o)
                              c:/progra~1/microc~1/xc8/v3.00/avr/bin/../lib/gcc/avr/5.4.0/../../../../avr/lib/avrxmega4\libm.a(mulsf3x.o) (__fp_pscA)
c:/progra~1/microc~1/xc8/v3.00/avr/bin/../lib/gcc/avr/5.4.0/../../../../avr/lib/avrxmega4\libm.a(fp_pscB.o)
                              c:/progra~1/microc~1/xc8/v3.00/avr/bin/../lib/gcc/avr/5.4.0/../../../../avr/lib/avrxmega4\libm.a(mulsf3x.o) (__fp_pscB)
c:/progra~1/microc~1/xc8/v3.00/avr/bin/../lib/gcc/avr/5.4.0/../../../../avr/lib/avrxmega4\libm.a(fp_round.o)
                              c:/progra~1/microc~1/xc8/v3.00/avr/bin/../lib/gcc/avr/5.4.0/../../../../avr/lib/avrxmega4\libm.a(mulsf3.o) (__fp_round)
c:/progra~1/microc~1/xc8/v3.00/avr/bin/../lib/gcc/avr/5.4.0/../../../../avr/lib/avrxmega4\libc.a(exit.o)
                              C:/Users/torbj/.mchp_packs/Microchip/AVR-Dx_DFP/2.7.321/xc8/avr/lib/avrxmega4/crtavr128db48.o (exit)
c:/progra~1/microc~1/xc8/v3.00/avr/bin/../lib/gcc/avr/5.4.0/../../../../avr/lib/avrxmega4\libc.a(__sio_sprintf_dosux.o)
                              CMakeFiles\Oppgave_LF_default_default_XC8_compile.dir\312a33ca25da9952bc933fd5ff735e36\AVR-kurs\Kursdag_3\Oppgave-LF\My_MCC_Config\mcc\main.c.o (_sprintf_cdopsuxX)
c:/progra~1/microc~1/xc8/v3.00/avr/bin/../lib/gcc/avr/5.4.0/../../../../avr/lib/avrxmega4\libc.a(__fmt_d.o)
                              c:/progra~1/microc~1/xc8/v3.00/avr/bin/../lib/gcc/avr/5.4.0/../../../../avr/lib/avrxmega4\libc.a(__sio_sprintf_dosux.o) (__fmt_d_needed)
c:/progra~1/microc~1/xc8/v3.00/avr/bin/../lib/gcc/avr/5.4.0/../../../../avr/lib/avrxmega4\libc.a(__fmt_o.o)
                              c:/progra~1/microc~1/xc8/v3.00/avr/bin/../lib/gcc/avr/5.4.0/../../../../avr/lib/avrxmega4\libc.a(__sio_sprintf_dosux.o) (__fmt_o_needed)
[...]
Memory Configuration

Name             Origin             Length             Attributes
text             0x0000000000000000 0x0000000000020000 xr
data             0x0000000000804000 0x0000000000004000 rw !x
eeprom           0x0000000000810000 0x0000000000000200 rw !x
fuse             0x0000000000820000 0x0000000000000010 rw !x
lock             0x0000000000830000 0x0000000000000400 rw !x
signature        0x0000000000840000 0x0000000000000400 rw !x
user_signatures  0x0000000000850000 0x0000000000000400 rw !x
bootrow          0x0000000000860000 0x0000000000000400 rw !x
*default*        0x0000000000000000 0xffffffffffffffff

Linker script and memory map

Address of section .data set to 0x804000
                0x0000000000008000                __RODATA_PM_OFFSET__ = 0x8000
LOAD C:/Users/torbj/.mchp_packs/Microchip/AVR-Dx_DFP/2.7.321/xc8/avr/lib/avrxmega4/crtavr128db48.o
                0x0000000000000001                __MPLAB_BUILD = 0x1
LOAD CMakeFiles\Oppgave_LF_default_default_XC8_assemblePreprocess.dir\6447120d0a04d0ac55d162dd92d28909\mcc_generated_files\system\src\protected_io.S.o
LOAD CMakeFiles\Oppgave_LF_default_default_XC8_compile.dir\312a33ca25da9952bc933fd5ff735e36\AVR-kurs\Kursdag_3\Oppgave-LF\My_MCC_Config\mcc\main.c.o
LOAD CMakeFiles\Oppgave_LF_default_default_XC8_compile.dir\585fc1045161b4e80e8b96813159a840\mcc\mcc_generated_files\i2c_host\src\twi0.c.o
LOAD CMakeFiles\Oppgave_LF_default_default_XC8_compile.dir\6473623587a5283f083989aba7038dfd\My_MCC_Config\mcc\mcc_generated_files\system\src\clock.c.o
LOAD CMakeFiles\Oppgave_LF_default_default_XC8_compile.dir\585fc1045161b4e80e8b96813159a840\mcc\mcc_generated_files\system\src\config_bits.c.o
LOAD CMakeFiles\Oppgave_LF_default_default_XC8_compile.dir\585fc1045161b4e80e8b96813159a840\mcc\mcc_generated_files\system\src\interrupt.c.o
LOAD CMakeFiles\Oppgave_LF_default_default_XC8_compile.dir\6473623587a5283f083989aba7038dfd\My_MCC_Config\mcc\mcc_generated_files\system\src\pins.c.o
LOAD CMakeFiles\Oppgave_LF_default_default_XC8_compile.dir\585fc1045161b4e80e8b96813159a840\mcc\mcc_generated_files\system\src\system.c.o
LOAD CMakeFiles\Oppgave_LF_default_default_XC8_compile.dir\6473623587a5283f083989aba7038dfd\My_MCC_Config\mcc\mcc_generated_files\uart\src\usart3.c.o
LOAD CMakeFiles\Oppgave_LF_default_default_XC8_compile.dir\94db0fc7b45eefcefec4b33d70c1bfaa\Kursdag_3\Oppgave-LF\My_MCC_Config\mcc\mcp9808.c.o
LOAD CMakeFiles\Oppgave_LF_default_default_XC8_compile.dir\94db0fc7b45eefcefec4b33d70c1bfaa\Kursdag_3\Oppgave-LF\My_MCC_Config\mcc\ssd1306.c.o
START GROUP
LOAD c:/progra~1/microc~1/xc8/v3.00/avr/bin/../lib/gcc/avr/5.4.0/avrxmega4\libgcc.a
LOAD c:/progra~1/microc~1/xc8/v3.00/avr/bin/../lib/gcc/avr/5.4.0/../../../../avr/lib/avrxmega4\libm.a
LOAD c:/progra~1/microc~1/xc8/v3.00/avr/bin/../lib/gcc/avr/5.4.0/../../../../avr/lib/avrxmega4\libc.a
LOAD C:/Users/torbj/.mchp_packs/Microchip/AVR-Dx_DFP/2.7.321/xc8/avr/lib/avrxmega4\libavr128db48.a
END GROUP
                [0x0000000000000000]                __TEXT_REGION_ORIGIN__ = DEFINED (__TEXT_REGION_ORIGIN__)?__TEXT_REGION_ORIGIN__:0x0
                [0x0000000000804000]                __DATA_REGION_ORIGIN__ = DEFINED (__DATA_REGION_ORIGIN__)?__DATA_REGION_ORIGIN__:0x802000
                [0x0000000000020000]                __TEXT_REGION_LENGTH__ = DEFINED (__TEXT_REGION_LENGTH__)?__TEXT_REGION_LENGTH__:0x100000
                [0x0000000000004000]                __DATA_REGION_LENGTH__ = DEFINED (__DATA_REGION_LENGTH__)?__DATA_REGION_LENGTH__:0xffa0
                [0x0000000000000200]                __EEPROM_REGION_LENGTH__ = DEFINED (__EEPROM_REGION_LENGTH__)?__EEPROM_REGION_LENGTH__:0x10000
                [0x0000000000000010]                __FUSE_REGION_LENGTH__ = DEFINED (__FUSE_REGION_LENGTH__)?__FUSE_REGION_LENGTH__:0x400
                0x0000000000000400                __LOCK_REGION_LENGTH__ = DEFINED (__LOCK_REGION_LENGTH__)?__LOCK_REGION_LENGTH__:0x400
                0x0000000000000400                __SIGNATURE_REGION_LENGTH__ = DEFINED (__SIGNATURE_REGION_LENGTH__)?__SIGNATURE_REGION_LENGTH__:0x400
                0x0000000000000400                __USER_SIGNATURE_REGION_LENGTH__ = DEFINED (__USER_SIGNATURE_REGION_LENGTH__)?__USER_SIGNATURE_REGION_LENGTH__:0x400
                0x0000000000000400                __BOOTROW_REGION_LENGTH__ = DEFINED (__BOOTROW_REGION_LENGTH__)?__BOOTROW_REGION_LENGTH__:0x400

.hash
 *(.hash)

.dynsym
 *(.dynsym)

.dynstr
 *(.dynstr)

.gnu.version
 *(.gnu.version)

.gnu.version_d
 *(.gnu.version_d)

.gnu.version_r
 *(.gnu.version_r)

.rel.init
 *(.rel.init)

.rela.init
 *(.rela.init)

.rel.text
 *(.rel.text)
 *(.rel.text.*)
 *(.rel.gnu.linkonce.t*)

.rela.text
 *(.rela.text)
 *(.rela.text.*)
 *(.rela.gnu.linkonce.t*)

.rel.fini
 *(.rel.fini)

.rela.fini
 *(.rela.fini)

.rel.rodata
 *(.rel.rodata)
 *(.rel.rodata.*)
 *(.rel.gnu.linkonce.r*)

.rela.rodata
 *(.rela.rodata)
 *(.rela.rodata.*)
 *(.rela.gnu.linkonce.r*)

.rel.data
 *(.rel.data)
 *(.rel.data.*)
 *(.rel.gnu.linkonce.d*)

.rela.data
 *(.rela.data)
 *(.rela.data.*)
 *(.rela.gnu.linkonce.d*)

.rel.ctors
 *(.rel.ctors)

.rela.ctors
 *(.rela.ctors)

.rel.dtors
 *(.rel.dtors)

.rela.dtors
 *(.rela.dtors)

.rel.got
 *(.rel.got)

.rela.got
 *(.rela.got)

.rel.bss
 *(.rel.bss)

.rela.bss
 *(.rela.bss)

.rel.plt
 *(.rel.plt)

.rela.plt
 *(.rela.plt)

.text           0x0000000000000000      0x176
 *(.vectors)
 .vectors       0x0000000000000000       0xf4 C:/Users/torbj/.mchp_packs/Microchip/AVR-Dx_DFP/2.7.321/xc8/avr/lib/avrxmega4/crtavr128db48.o
                0x0000000000000000                __vector_default
                0x0000000000000000                __vectors
 *(.vectors)
 *(.progmem.gcc*)
 *(.dinit)
 .dinit         0x00000000000000f4       0x29 data_init
                0x000000000000011e                . = ALIGN (0x2)
 *fill*         0x000000000000011d        0x1 
                0x000000000000011e                __trampolines_start = .
 *(.trampolines)
 .trampolines   0x000000000000011e        0x0 linker stubs
 *(.trampolines*)
                0x000000000000011e                __trampolines_end = .
 *libprintf_flt.a:*(.progmem.data)
 *libc.a:*(.progmem.data)
                0x000000000000011e                . = ALIGN (0x2)
 *(.jumptables)
 *(.jumptables*)
 *(.lowtext)
 *(.lowtext*)
                0x000000000000011e                __ctors_start = .
 *(.ctors)
                0x000000000000011e                __ctors_end = .
                0x000000000000011e                __dtors_start = .
 *(.dtors)
                0x000000000000011e                __dtors_end = .
 SORT(*)(.ctors)
 SORT(*)(.dtors)
 *(.init0)
 .init0         0x000000000000011e        0x0 C:/Users/torbj/.mchp_packs/Microchip/AVR-Dx_DFP/2.7.321/xc8/avr/lib/avrxmega4/crtavr128db48.o
                0x000000000000011e                __init
 *(.init0)
 *(.init1)
 *(.init1)
 *(.init2)
 .init2         0x000000000000011e        0xc C:/Users/torbj/.mchp_packs/Microchip/AVR-Dx_DFP/2.7.321/xc8/avr/lib/avrxmega4/crtavr128db48.o
 *(.init2)
 *(.init3)
 *(.init3)
 *(.init4)
 .init4         0x000000000000012a       0x40 c:/progra~1/microc~1/xc8/v3.00/avr/bin/../lib/gcc/avr/5.4.0/avrxmega4\libgcc.a(_copy_data.o)
                0x000000000000012a                __do_copy_data
                0x000000000000015c                __do_clear_bss
 *(.init4)
 *(.init5)
 *(.init5)
 *(.init6)
 *(.init6)
 *(.init7)
 *(.init7)
 *(.init8)
 *(.init8)
 *(.init9)
 .init9         0x000000000000016a        0x8 C:/Users/torbj/.mchp_packs/Microchip/AVR-Dx_DFP/2.7.321/xc8/avr/lib/avrxmega4/crtavr128db48.o
 *(.init9)
                0x0000000000000172                . = ALIGN (0x2)
 *(.fini9)
 .fini9         0x0000000000000172        0x0 c:/progra~1/microc~1/xc8/v3.00/avr/bin/../lib/gcc/avr/5.4.0/avrxmega4\libgcc.a(_exit.o)
                0x0000000000000172                _exit
 *(.fini9)
 *(.fini8)
 *(.fini8)
 *(.fini7)
 *(.fini7)
 *(.fini6)
 *(.fini6)
 *(.fini5)
 *(.fini5)
 *(.fini4)
 *(.fini4)
 *(.fini3)
 *(.fini3)
 *(.fini2)
 *(.fini2)
 *(.fini1)
 *(.fini1)
 *(.fini0)
 .fini0         0x0000000000000172        0x4 c:/progra~1/microc~1/xc8/v3.00/avr/bin/../lib/gcc/avr/5.4.0/avrxmega4\libgcc.a(_exit.o)
 *(.fini0)
                0x0000000000000176                _etext = .

.data           0x0000000000804000        0x0 load address 0x0000000000000176
                [!provide]                        PROVIDE (__data_start, .)
 *(.gnu.linkonce.d*)
 *(.gnu.linkonce.r*)
                0x0000000000804000                . = ALIGN (0x2)
                0x0000000000804000                _edata = .
                [!provide]                        PROVIDE (__data_end, .)

.bss            0x0000000000804000        0x2
                [!provide]                        PROVIDE (__bss_start, .)
 *(COMMON)
 COMMON         0x0000000000804000        0x2 c:/progra~1/microc~1/xc8/v3.00/avr/bin/../lib/gcc/avr/5.4.0/../../../../avr/lib/avrxmega4\libc.a(errno.o)
                0x0000000000804000                __errno_val
                [!provide]                        PROVIDE (__bss_end, .)
                0x0000000000000176                __data_load_start = LOADADDR (.data)
                0x0000000000000176                __data_load_end = (__data_load_start + SIZEOF (.data))

.noinit         0x0000000000804002        0x0
                [!provide]                        PROVIDE (__noinit_start, .)
 *(.noinit*)
                [!provide]                        PROVIDE (__noinit_end, .)
                0x0000000000804002                _end = .

.eeprom         0x0000000000810000        0x0
 *(.eeprom*)
                0x0000000000810000                __eeprom_end = .

.fuse           0x0000000000820000        0x9
 *(.fuse)
 .fuse          0x0000000000820000        0x9 CMakeFiles\Oppgave_LF_default_default_XC8_compile.dir\585fc1045161b4e80e8b96813159a840\mcc\mcc_generated_files\system\src\config_bits.c.o
                0x0000000000820000                __fuse
 *(.lfuse)
 *(.hfuse)
 *(.efuse)

.lock
 *(.lock*)

.signature
 *(.signature*)

.user_signatures
 *(.user_signatures*)

.bootrow
 *(.bootrow*)

.stab
 *(.stab)

.stabstr
 *(.stabstr)

.stab.excl
 *(.stab.excl)

.stab.exclstr
 *(.stab.exclstr)

.stab.index
 *(.stab.index)

.stab.indexstr
 *(.stab.indexstr)

.comment        0x0000000000000000       0x5b
 *(.comment)
 .comment       0x0000000000000000       0x2f CMakeFiles\Oppgave_LF_default_default_XC8_compile.dir\312a33ca25da9952bc933fd5ff735e36\AVR-kurs\Kursdag_3\Oppgave-LF\My_MCC_Config\mcc\main.c.o
                                         0x30 (size before relaxing)
 .comment       0x000000000000002f       0x30 CMakeFiles\Oppgave_LF_default_default_XC8_compile.dir\585fc1045161b4e80e8b96813159a840\mcc\mcc_generated_files\i2c_host\src\twi0.c.o
 .comment       0x000000000000002f       0x30 CMakeFiles\Oppgave_LF_default_default_XC8_compile.dir\6473623587a5283f083989aba7038dfd\My_MCC_Config\mcc\mcc_generated_files\system\src\clock.c.o
 .comment       0x000000000000002f       0x30 CMakeFiles\Oppgave_LF_default_default_XC8_compile.dir\585fc1045161b4e80e8b96813159a840\mcc\mcc_generated_files\system\src\config_bits.c.o
 .comment       0x000000000000002f       0x30 CMakeFiles\Oppgave_LF_default_default_XC8_compile.dir\585fc1045161b4e80e8b96813159a840\mcc\mcc_generated_files\system\src\interrupt.c.o
 .comment       0x000000000000002f       0x30 CMakeFiles\Oppgave_LF_default_default_XC8_compile.dir\6473623587a5283f083989aba7038dfd\My_MCC_Config\mcc\mcc_generated_files\system\src\pins.c.o
 .comment       0x000000000000002f       0x30 CMakeFiles\Oppgave_LF_default_default_XC8_compile.dir\585fc1045161b4e80e8b96813159a840\mcc\mcc_generated_files\system\src\system.c.o
 .comment       0x000000000000002f       0x30 CMakeFiles\Oppgave_LF_default_default_XC8_compile.dir\6473623587a5283f083989aba7038dfd\My_MCC_Config\mcc\mcc_generated_files\uart\src\usart3.c.o
 .comment       0x000000000000002f       0x30 CMakeFiles\Oppgave_LF_default_default_XC8_compile.dir\94db0fc7b45eefcefec4b33d70c1bfaa\Kursdag_3\Oppgave-LF\My_MCC_Config\mcc\mcp9808.c.o
 .comment       0x000000000000002f       0x30 CMakeFiles\Oppgave_LF_default_default_XC8_compile.dir\94db0fc7b45eefcefec4b33d70c1bfaa\Kursdag_3\Oppgave-LF\My_MCC_Config\mcc\ssd1306.c.o
 .comment       0x000000000000002f       0x2c c:/progra~1/microc~1/xc8/v3.00/avr/bin/../lib/gcc/avr/5.4.0/../../../../avr/lib/avrxmega4\libc.a(exit.o)
                                         0x2d (size before relaxing)
 .comment       0x000000000000005b       0x2d c:/progra~1/microc~1/xc8/v3.00/avr/bin/../lib/gcc/avr/5.4.0/../../../../avr/lib/avrxmega4\libc.a(__sio_sprintf_dosux.o)
 .comment       0x000000000000005b       0x2d c:/progra~1/microc~1/xc8/v3.00/avr/bin/../lib/gcc/avr/5.4.0/../../../../avr/lib/avrxmega4\libc.a(__fmt_d.o)
 .comment       0x000000000000005b       0x2d c:/progra~1/microc~1/xc8/v3.00/avr/bin/../lib/gcc/avr/5.4.0/../../../../avr/lib/avrxmega4\libc.a(__fmt_o.o)
 .comment       0x000000000000005b       0x2d c:/progra~1/microc~1/xc8/v3.00/avr/bin/../lib/gcc/avr/5.4.0/../../../../avr/lib/avrxmega4\libc.a(__fmt_s.o)
 .comment       0x000000000000005b       0x2d c:/progra~1/microc~1/xc8/v3.00/avr/bin/../lib/gcc/avr/5.4.0/../../../../avr/lib/avrxmega4\libc.a(__fmt_u.o)
 .comment       0x000000000000005b       0x2d c:/progra~1/microc~1/xc8/v3.00/avr/bin/../lib/gcc/avr/5.4.0/../../../../avr/lib/avrxmega4\libc.a(__fmt_x.o)
 .comment       0x000000000000005b       0x2d c:/progra~1/microc~1/xc8/v3.00/avr/bin/../lib/gcc/avr/5.4.0/../../../../avr/lib/avrxmega4\libc.a(__pop_int.o)
 .comment       0x000000000000005b       0x2d c:/progra~1/microc~1/xc8/v3.00/avr/bin/../lib/gcc/avr/5.4.0/../../../../avr/lib/avrxmega4\libc.a(__printf_core.o)
 .comment       0x000000000000005b       0x2d c:/progra~1/microc~1/xc8/v3.00/avr/bin/../lib/gcc/avr/5.4.0/../../../../avr/lib/avrxmega4\libc.a(fputc.o)
 .comment       0x000000000000005b       0x2d c:/progra~1/microc~1/xc8/v3.00/avr/bin/../lib/gcc/avr/5.4.0/../../../../avr/lib/avrxmega4\libc.a(stdout.o)
 .comment       0x000000000000005b       0x2d c:/progra~1/microc~1/xc8/v3.00/avr/bin/../lib/gcc/avr/5.4.0/../../../../avr/lib/avrxmega4\libc.a(strlen.o)
 .comment       0x000000000000005b       0x2d c:/progra~1/microc~1/xc8/v3.00/avr/bin/../lib/gcc/avr/5.4.0/../../../../avr/lib/avrxmega4\libc.a(tolower.o)
 .comment       0x000000000000005b       0x2d c:/progra~1/microc~1/xc8/v3.00/avr/bin/../lib/gcc/avr/5.4.0/../../../../avr/lib/avrxmega4\libc.a(toupper.o)
 .comment       0x000000000000005b       0x2d c:/progra~1/microc~1/xc8/v3.00/avr/bin/../lib/gcc/avr/5.4.0/../../../../avr/lib/avrxmega4\libc.a(errno.o)
 .comment       0x000000000000005b       0x2d c:/progra~1/microc~1/xc8/v3.00/avr/bin/../lib/gcc/avr/5.4.0/../../../../avr/lib/avrxmega4\libc.a(_Exit.o)
 .comment       0x000000000000005b       0x2d c:/progra~1/microc~1/xc8/v3.00/avr/bin/../lib/gcc/avr/5.4.0/../../../../avr/lib/avrxmega4\libc.a(__int_vsprintf.o)
 .comment       0x000000000000005b       0x2d c:/progra~1/microc~1/xc8/v3.00/avr/bin/../lib/gcc/avr/5.4.0/../../../../avr/lib/avrxmega4\libc.a(__int_vsnprintf.o)
 .comment       0x000000000000005b       0x2d c:/progra~1/microc~1/xc8/v3.00/avr/bin/../lib/gcc/avr/5.4.0/../../../../avr/lib/avrxmega4\libc.a(__int_vfprintf.o)

.stack.descriptors.hdr
                0x0000000000000000      0x1dc
 .stack.descriptors.hdr
                0x0000000000000000        0xe c:/progra~1/microc~1/xc8/v3.00/avr/bin/../lib/gcc/avr/5.4.0/../../../../avr/lib/avrxmega4\libm.a(cmpsf2.o)
 .stack.descriptors.hdr
                0x000000000000000e        0xe c:/progra~1/microc~1/xc8/v3.00/avr/bin/../lib/gcc/avr/5.4.0/../../../../avr/lib/avrxmega4\libm.a(fixunssfsi.o)
 .stack.descriptors.hdr
                0x000000000000001c        0xe c:/progra~1/microc~1/xc8/v3.00/avr/bin/../lib/gcc/avr/5.4.0/../../../../avr/lib/avrxmega4\libm.a(fp_cmp.o)
 .stack.descriptors.hdr
                0x000000000000002a        0xe c:/progra~1/microc~1/xc8/v3.00/avr/bin/../lib/gcc/avr/5.4.0/../../../../avr/lib/avrxmega4\libm.a(fp_split3.o)
 .stack.descriptors.hdr
                0x0000000000000038        0xe c:/progra~1/microc~1/xc8/v3.00/avr/bin/../lib/gcc/avr/5.4.0/../../../../avr/lib/avrxmega4\libm.a(fp_zero.o)
 .stack.descriptors.hdr
                0x0000000000000046        0xe c:/progra~1/microc~1/xc8/v3.00/avr/bin/../lib/gcc/avr/5.4.0/../../../../avr/lib/avrxmega4\libm.a(gesf2.o)
 .stack.descriptors.hdr
                0x0000000000000054        0xe c:/progra~1/microc~1/xc8/v3.00/avr/bin/../lib/gcc/avr/5.4.0/../../../../avr/lib/avrxmega4\libm.a(mulsf3.o)
 .stack.descriptors.hdr
                0x0000000000000062        0xe c:/progra~1/microc~1/xc8/v3.00/avr/bin/../lib/gcc/avr/5.4.0/../../../../avr/lib/avrxmega4\libm.a(mulsf3x.o)
 .stack.descriptors.hdr
                0x0000000000000070        0xe c:/progra~1/microc~1/xc8/v3.00/avr/bin/../lib/gcc/avr/5.4.0/../../../../avr/lib/avrxmega4\libm.a(fp_inf.o)
 .stack.descriptors.hdr
                0x000000000000007e        0xe c:/progra~1/microc~1/xc8/v3.00/avr/bin/../lib/gcc/avr/5.4.0/../../../../avr/lib/avrxmega4\libm.a(fp_nan.o)
 .stack.descriptors.hdr
                0x000000000000008c        0xe c:/progra~1/microc~1/xc8/v3.00/avr/bin/../lib/gcc/avr/5.4.0/../../../../avr/lib/avrxmega4\libm.a(fp_pscA.o)
 .stack.descriptors.hdr
                0x000000000000009a        0xe c:/progra~1/microc~1/xc8/v3.00/avr/bin/../lib/gcc/avr/5.4.0/../../../../avr/lib/avrxmega4\libm.a(fp_pscB.o)
 .stack.descriptors.hdr
                0x00000000000000a8        0xe c:/progra~1/microc~1/xc8/v3.00/avr/bin/../lib/gcc/avr/5.4.0/../../../../avr/lib/avrxmega4\libm.a(fp_round.o)
 .stack.descriptors.hdr
                0x00000000000000b6        0xe c:/progra~1/microc~1/xc8/v3.00/avr/bin/../lib/gcc/avr/5.4.0/../../../../avr/lib/avrxmega4\libc.a(exit.o)
 .stack.descriptors.hdr
                0x00000000000000c4        0xe c:/progra~1/microc~1/xc8/v3.00/avr/bin/../lib/gcc/avr/5.4.0/../../../../avr/lib/avrxmega4\libc.a(__sio_sprintf_dosux.o)
 .stack.descriptors.hdr
                0x00000000000000d2        0xe c:/progra~1/microc~1/xc8/v3.00/avr/bin/../lib/gcc/avr/5.4.0/../../../../avr/lib/avrxmega4\libc.a(__fmt_d.o)
 .stack.descriptors.hdr
                0x00000000000000e0        0xe c:/progra~1/microc~1/xc8/v3.00/avr/bin/../lib/gcc/avr/5.4.0/../../../../avr/lib/avrxmega4\libc.a(__fmt_o.o)
 .stack.descriptors.hdr
                0x00000000000000ee        0xe c:/progra~1/microc~1/xc8/v3.00/avr/bin/../lib/gcc/avr/5.4.0/../../../../avr/lib/avrxmega4\libc.a(__fmt_s.o)
 .stack.descriptors.hdr
                0x00000000000000fc        0xe c:/progra~1/microc~1/xc8/v3.00/avr/bin/../lib/gcc/avr/5.4.0/../../../../avr/lib/avrxmega4\libc.a(__fmt_u.o)
 .stack.descriptors.hdr
                0x000000000000010a        0xe c:/progra~1/microc~1/xc8/v3.00/avr/bin/../lib/gcc/avr/5.4.0/../../../../avr/lib/avrxmega4\libc.a(__fmt_x.o)
 .stack.descriptors.hdr
                0x0000000000000118        0xe c:/progra~1/microc~1/xc8/v3.00/avr/bin/../lib/gcc/avr/5.4.0/../../../../avr/lib/avrxmega4\libc.a(__pop_int.o)
 .stack.descriptors.hdr
                0x0000000000000126        0xe c:/progra~1/microc~1/xc8/v3.00/avr/bin/../lib/gcc/avr/5.4.0/../../../../avr/lib/avrxmega4\libc.a(__printf_core.o)
 .stack.descriptors.hdr
                0x0000000000000134        0xe c:/progra~1/microc~1/xc8/v3.00/avr/bin/../lib/gcc/avr/5.4.0/../../../../avr/lib/avrxmega4\libc.a(fputc.o)
 .stack.descriptors.hdr
                0x0000000000000142        0xe c:/progra~1/microc~1/xc8/v3.00/avr/bin/../lib/gcc/avr/5.4.0/../../../../avr/lib/avrxmega4\libc.a(stdout.o)
 .stack.descriptors.hdr
                0x0000000000000150        0xe c:/progra~1/microc~1/xc8/v3.00/avr/bin/../lib/gcc/avr/5.4.0/../../../../avr/lib/avrxmega4\libc.a(strlen.o)
 .stack.descriptors.hdr
                0x000000000000015e        0xe c:/progra~1/microc~1/xc8/v3.00/avr/bin/../lib/gcc/avr/5.4.0/../../../../avr/lib/avrxmega4\libc.a(tolower.o)
 .stack.descriptors.hdr
                0x000000000000016c        0xe c:/progra~1/microc~1/xc8/v3.00/avr/bin/../lib/gcc/avr/5.4.0/../../../../avr/lib/avrxmega4\libc.a(toupper.o)
 .stack.descriptors.hdr
                0x000000000000017a        0xe c:/progra~1/microc~1/xc8/v3.00/avr/bin/../lib/gcc/avr/5.4.0/../../../../avr/lib/avrxmega4\libc.a(errno.o)
 .stack.descriptors.hdr
                0x0000000000000188        0xe c:/progra~1/microc~1/xc8/v3.00/avr/bin/../lib/gcc/avr/5.4.0/../../../../avr/lib/avrxmega4\libc.a(_Exit.o)
 .stack.descriptors.hdr
                0x0000000000000196        0xe c:/progra~1/microc~1/xc8/v3.00/avr/bin/../lib/gcc/avr/5.4.0/../../../../avr/lib/avrxmega4\libc.a(__int_vsprintf.o)
 .stack.descriptors.hdr
                0x00000000000001a4        0xe c:/progra~1/microc~1/xc8/v3.00/avr/bin/../lib/gcc/avr/5.4.0/../../../../avr/lib/avrxmega4\libc.a(__int_vsnprintf.o)
 .stack.descriptors.hdr
                0x00000000000001b2        0xe c:/progra~1/microc~1/xc8/v3.00/avr/bin/../lib/gcc/avr/5.4.0/../../../../avr/lib/avrxmega4\libc.a(__int_vfprintf.o)
 .stack.descriptors.hdr
                0x00000000000001c0        0xe c:/progra~1/microc~1/xc8/v3.00/avr/bin/../lib/gcc/avr/5.4.0/avrxmega4\libgcc.a(_udivmodsi4.o)
 .stack.descriptors.hdr
                0x00000000000001ce        0xe c:/progra~1/microc~1/xc8/v3.00/avr/bin/../lib/gcc/avr/5.4.0/avrxmega4\libgcc.a(_exit.o)

.note.GNU-stack
                0x0000000000000000        0x0
 .note.GNU-stack
                0x0000000000000000        0x0 c:/progra~1/microc~1/xc8/v3.00/avr/bin/../lib/gcc/avr/5.4.0/../../../../avr/lib/avrxmega4\libm.a(cmpsf2.o)
 .note.GNU-stack
                0x0000000000000000        0x0 c:/progra~1/microc~1/xc8/v3.00/avr/bin/../lib/gcc/avr/5.4.0/../../../../avr/lib/avrxmega4\libm.a(fixunssfsi.o)
 .note.GNU-stack
                0x0000000000000000        0x0 c:/progra~1/microc~1/xc8/v3.00/avr/bin/../lib/gcc/avr/5.4.0/../../../../avr/lib/avrxmega4\libm.a(fp_cmp.o)
 .note.GNU-stack
                0x0000000000000000        0x0 c:/progra~1/microc~1/xc8/v3.00/avr/bin/../lib/gcc/avr/5.4.0/../../../../avr/lib/avrxmega4\libm.a(fp_split3.o)
 .note.GNU-stack
                0x0000000000000000        0x0 c:/progra~1/microc~1/xc8/v3.00/avr/bin/../lib/gcc/avr/5.4.0/../../../../avr/lib/avrxmega4\libm.a(fp_zero.o)
 .note.GNU-stack
                0x0000000000000000        0x0 c:/progra~1/microc~1/xc8/v3.00/avr/bin/../lib/gcc/avr/5.4.0/../../../../avr/lib/avrxmega4\libm.a(gesf2.o)
 .note.GNU-stack
                0x0000000000000000        0x0 c:/progra~1/microc~1/xc8/v3.00/avr/bin/../lib/gcc/avr/5.4.0/../../../../avr/lib/avrxmega4\libm.a(mulsf3.o)
 .note.GNU-stack
                0x0000000000000000        0x0 c:/progra~1/microc~1/xc8/v3.00/avr/bin/../lib/gcc/avr/5.4.0/../../../../avr/lib/avrxmega4\libm.a(mulsf3x.o)
 .note.GNU-stack
                0x0000000000000000        0x0 c:/progra~1/microc~1/xc8/v3.00/avr/bin/../lib/gcc/avr/5.4.0/../../../../avr/lib/avrxmega4\libm.a(fp_inf.o)
 .note.GNU-stack
                0x0000000000000000        0x0 c:/progra~1/microc~1/xc8/v3.00/avr/bin/../lib/gcc/avr/5.4.0/../../../../avr/lib/avrxmega4\libm.a(fp_nan.o)
 .note.GNU-stack
                0x0000000000000000        0x0 c:/progra~1/microc~1/xc8/v3.00/avr/bin/../lib/gcc/avr/5.4.0/../../../../avr/lib/avrxmega4\libm.a(fp_pscA.o)
 .note.GNU-stack
                0x0000000000000000        0x0 c:/progra~1/microc~1/xc8/v3.00/avr/bin/../lib/gcc/avr/5.4.0/../../../../avr/lib/avrxmega4\libm.a(fp_pscB.o)
 .note.GNU-stack
                0x0000000000000000        0x0 c:/progra~1/microc~1/xc8/v3.00/avr/bin/../lib/gcc/avr/5.4.0/../../../../avr/lib/avrxmega4\libm.a(fp_round.o)
 .note.GNU-stack
                0x0000000000000000        0x0 c:/progra~1/microc~1/xc8/v3.00/avr/bin/../lib/gcc/avr/5.4.0/../../../../avr/lib/avrxmega4\libc.a(exit.o)
 .note.GNU-stack
                0x0000000000000000        0x0 c:/progra~1/microc~1/xc8/v3.00/avr/bin/../lib/gcc/avr/5.4.0/../../../../avr/lib/avrxmega4\libc.a(__sio_sprintf_dosux.o)
 .note.GNU-stack
                0x0000000000000000        0x0 c:/progra~1/microc~1/xc8/v3.00/avr/bin/../lib/gcc/avr/5.4.0/../../../../avr/lib/avrxmega4\libc.a(__fmt_d.o)
 .note.GNU-stack
                0x0000000000000000        0x0 c:/progra~1/microc~1/xc8/v3.00/avr/bin/../lib/gcc/avr/5.4.0/../../../../avr/lib/avrxmega4\libc.a(__fmt_o.o)
 .note.GNU-stack
                0x0000000000000000        0x0 c:/progra~1/microc~1/xc8/v3.00/avr/bin/../lib/gcc/avr/5.4.0/../../../../avr/lib/avrxmega4\libc.a(__fmt_s.o)
 .note.GNU-stack
                0x0000000000000000        0x0 c:/progra~1/microc~1/xc8/v3.00/avr/bin/../lib/gcc/avr/5.4.0/../../../../avr/lib/avrxmega4\libc.a(__fmt_u.o)
 .note.GNU-stack
                0x0000000000000000        0x0 c:/progra~1/microc~1/xc8/v3.00/avr/bin/../lib/gcc/avr/5.4.0/../../../../avr/lib/avrxmega4\libc.a(__fmt_x.o)
 .note.GNU-stack
                0x0000000000000000        0x0 c:/progra~1/microc~1/xc8/v3.00/avr/bin/../lib/gcc/avr/5.4.0/../../../../avr/lib/avrxmega4\libc.a(__pop_int.o)
 .note.GNU-stack
                0x0000000000000000        0x0 c:/progra~1/microc~1/xc8/v3.00/avr/bin/../lib/gcc/avr/5.4.0/../../../../avr/lib/avrxmega4\libc.a(__printf_core.o)
 .note.GNU-stack
                0x0000000000000000        0x0 c:/progra~1/microc~1/xc8/v3.00/avr/bin/../lib/gcc/avr/5.4.0/../../../../avr/lib/avrxmega4\libc.a(fputc.o)
 .note.GNU-stack
                0x0000000000000000        0x0 c:/progra~1/microc~1/xc8/v3.00/avr/bin/../lib/gcc/avr/5.4.0/../../../../avr/lib/avrxmega4\libc.a(stdout.o)
 .note.GNU-stack
                0x0000000000000000        0x0 c:/progra~1/microc~1/xc8/v3.00/avr/bin/../lib/gcc/avr/5.4.0/../../../../avr/lib/avrxmega4\libc.a(strlen.o)
 .note.GNU-stack
                0x0000000000000000        0x0 c:/progra~1/microc~1/xc8/v3.00/avr/bin/../lib/gcc/avr/5.4.0/../../../../avr/lib/avrxmega4\libc.a(tolower.o)
 .note.GNU-stack
                0x0000000000000000        0x0 c:/progra~1/microc~1/xc8/v3.00/avr/bin/../lib/gcc/avr/5.4.0/../../../../avr/lib/avrxmega4\libc.a(toupper.o)
 .note.GNU-stack
                0x0000000000000000        0x0 c:/progra~1/microc~1/xc8/v3.00/avr/bin/../lib/gcc/avr/5.4.0/../../../../avr/lib/avrxmega4\libc.a(errno.o)
 .note.GNU-stack
                0x0000000000000000        0x0 c:/progra~1/microc~1/xc8/v3.00/avr/bin/../lib/gcc/avr/5.4.0/../../../../avr/lib/avrxmega4\libc.a(_Exit.o)
 .note.GNU-stack
                0x0000000000000000        0x0 c:/progra~1/microc~1/xc8/v3.00/avr/bin/../lib/gcc/avr/5.4.0/../../../../avr/lib/avrxmega4\libc.a(__int_vsprintf.o)
 .note.GNU-stack
                0x0000000000000000        0x0 c:/progra~1/microc~1/xc8/v3.00/avr/bin/../lib/gcc/avr/5.4.0/../../../../avr/lib/avrxmega4\libc.a(__int_vsnprintf.o)
 .note.GNU-stack
                0x0000000000000000        0x0 c:/progra~1/microc~1/xc8/v3.00/avr/bin/../lib/gcc/avr/5.4.0/../../../../avr/lib/avrxmega4\libc.a(__int_vfprintf.o)

.note.gnu.build-id
 *(.note.gnu.build-id)

.debug
 *(.debug)

.line
 *(.line)

.debug_srcinfo
 *(.debug_srcinfo)

.debug_sfnames
 *(.debug_sfnames)

.debug_aranges  0x0000000000000000      0x3d8
 *(.debug_aranges)
 .debug_aranges
                0x0000000000000000       0x20 CMakeFiles\Oppgave_LF_default_default_XC8_assemblePreprocess.dir\6447120d0a04d0ac55d162dd92d28909\mcc_generated_files\system\src\protected_io.S.o
 .debug_aranges
                0x0000000000000020       0x28 CMakeFiles\Oppgave_LF_default_default_XC8_compile.dir\312a33ca25da9952bc933fd5ff735e36\AVR-kurs\Kursdag_3\Oppgave-LF\My_MCC_Config\mcc\main.c.o
 .debug_aranges
                0x0000000000000048       0xd8 CMakeFiles\Oppgave_LF_default_default_XC8_compile.dir\585fc1045161b4e80e8b96813159a840\mcc\mcc_generated_files\i2c_host\src\twi0.c.o
 .debug_aranges
                0x0000000000000120       0x38 CMakeFiles\Oppgave_LF_default_default_XC8_compile.dir\6473623587a5283f083989aba7038dfd\My_MCC_Config\mcc\mcc_generated_files\system\src\clock.c.o
 .debug_aranges
                0x0000000000000158       0x18 CMakeFiles\Oppgave_LF_default_default_XC8_compile.dir\585fc1045161b4e80e8b96813159a840\mcc\mcc_generated_files\system\src\config_bits.c.o
 .debug_aranges
                0x0000000000000170       0x28 CMakeFiles\Oppgave_LF_default_default_XC8_compile.dir\585fc1045161b4e80e8b96813159a840\mcc\mcc_generated_files\system\src\interrupt.c.o
 .debug_aranges
                0x0000000000000198       0xc0 CMakeFiles\Oppgave_LF_default_default_XC8_compile.dir\6473623587a5283f083989aba7038dfd\My_MCC_Config\mcc\mcc_generated_files\system\src\pins.c.o
 .debug_aranges
                0x0000000000000258       0x20 CMakeFiles\Oppgave_LF_default_default_XC8_compile.dir\585fc1045161b4e80e8b96813159a840\mcc\mcc_generated_files\system\src\system.c.o
 .debug_aranges
                0x0000000000000278       0xe0 CMakeFiles\Oppgave_LF_default_default_XC8_compile.dir\6473623587a5283f083989aba7038dfd\My_MCC_Config\mcc\mcc_generated_files\uart\src\usart3.c.o
 .debug_aranges
                0x0000000000000358       0x20 CMakeFiles\Oppgave_LF_default_default_XC8_compile.dir\94db0fc7b45eefcefec4b33d70c1bfaa\Kursdag_3\Oppgave-LF\My_MCC_Config\mcc\mcp9808.c.o
 .debug_aranges
                0x0000000000000378       0x60 CMakeFiles\Oppgave_LF_default_default_XC8_compile.dir\94db0fc7b45eefcefec4b33d70c1bfaa\Kursdag_3\Oppgave-LF\My_MCC_Config\mcc\ssd1306.c.o

.debug_pubnames
 *(.debug_pubnames)

.debug_info     0x0000000000000000     0x8858
 *(.debug_info .gnu.linkonce.wi.*)
 .debug_info    0x0000000000000000     0x3545 C:/Users/torbj/.mchp_packs/Microchip/AVR-Dx_DFP/2.7.321/xc8/avr/lib/avrxmega4/crtavr128db48.o
 .debug_info    0x0000000000003545      0x11a CMakeFiles\Oppgave_LF_default_default_XC8_assemblePreprocess.dir\6447120d0a04d0ac55d162dd92d28909\mcc_generated_files\system\src\protected_io.S.o
 .debug_info    0x000000000000365f      0x49f CMakeFiles\Oppgave_LF_default_default_XC8_compile.dir\312a33ca25da9952bc933fd5ff735e36\AVR-kurs\Kursdag_3\Oppgave-LF\My_MCC_Config\mcc\main.c.o
 .debug_info    0x0000000000003afe      0xe0f CMakeFiles\Oppgave_LF_default_default_XC8_compile.dir\585fc1045161b4e80e8b96813159a840\mcc\mcc_generated_files\i2c_host\src\twi0.c.o
 .debug_info    0x000000000000490d      0xb6f CMakeFiles\Oppgave_LF_default_default_XC8_compile.dir\6473623587a5283f083989aba7038dfd\My_MCC_Config\mcc\mcc_generated_files\system\src\clock.c.o
 .debug_info    0x000000000000547c      0x897 CMakeFiles\Oppgave_LF_default_default_XC8_compile.dir\585fc1045161b4e80e8b96813159a840\mcc\mcc_generated_files\system\src\config_bits.c.o
 .debug_info    0x0000000000005d13      0x3a6 CMakeFiles\Oppgave_LF_default_default_XC8_compile.dir\585fc1045161b4e80e8b96813159a840\mcc\mcc_generated_files\system\src\interrupt.c.o
 .debug_info    0x00000000000060b9      0xabc CMakeFiles\Oppgave_LF_default_default_XC8_compile.dir\6473623587a5283f083989aba7038dfd\My_MCC_Config\mcc\mcc_generated_files\system\src\pins.c.o
 .debug_info    0x0000000000006b75      0x2a7 CMakeFiles\Oppgave_LF_default_default_XC8_compile.dir\585fc1045161b4e80e8b96813159a840\mcc\mcc_generated_files\system\src\system.c.o
 .debug_info    0x0000000000006e1c      0xe6d CMakeFiles\Oppgave_LF_default_default_XC8_compile.dir\6473623587a5283f083989aba7038dfd\My_MCC_Config\mcc\mcc_generated_files\uart\src\usart3.c.o
 .debug_info    0x0000000000007c89      0x2dd CMakeFiles\Oppgave_LF_default_default_XC8_compile.dir\94db0fc7b45eefcefec4b33d70c1bfaa\Kursdag_3\Oppgave-LF\My_MCC_Config\mcc\mcp9808.c.o
 .debug_info    0x0000000000007f66      0x8f2 CMakeFiles\Oppgave_LF_default_default_XC8_compile.dir\94db0fc7b45eefcefec4b33d70c1bfaa\Kursdag_3\Oppgave-LF\My_MCC_Config\mcc\ssd1306.c.o

.debug_abbrev   0x0000000000000000     0x3edb
 *(.debug_abbrev)
 .debug_abbrev  0x0000000000000000     0x3274 C:/Users/torbj/.mchp_packs/Microchip/AVR-Dx_DFP/2.7.321/xc8/avr/lib/avrxmega4/crtavr128db48.o
 .debug_abbrev  0x0000000000003274       0x14 CMakeFiles\Oppgave_LF_default_default_XC8_assemblePreprocess.dir\6447120d0a04d0ac55d162dd92d28909\mcc_generated_files\system\src\protected_io.S.o
 .debug_abbrev  0x0000000000003288      0x120 CMakeFiles\Oppgave_LF_default_default_XC8_compile.dir\312a33ca25da9952bc933fd5ff735e36\AVR-kurs\Kursdag_3\Oppgave-LF\My_MCC_Config\mcc\main.c.o
 .debug_abbrev  0x00000000000033a8      0x2a3 CMakeFiles\Oppgave_LF_default_default_XC8_compile.dir\585fc1045161b4e80e8b96813159a840\mcc\mcc_generated_files\i2c_host\src\twi0.c.o
 .debug_abbrev  0x000000000000364b       0xea CMakeFiles\Oppgave_LF_default_default_XC8_compile.dir\6473623587a5283f083989aba7038dfd\My_MCC_Config\mcc\mcc_generated_files\system\src\clock.c.o
 .debug_abbrev  0x0000000000003735       0x95 CMakeFiles\Oppgave_LF_default_default_XC8_compile.dir\585fc1045161b4e80e8b96813159a840\mcc\mcc_generated_files\system\src\config_bits.c.o
 .debug_abbrev  0x00000000000037ca       0xbe CMakeFiles\Oppgave_LF_default_default_XC8_compile.dir\585fc1045161b4e80e8b96813159a840\mcc\mcc_generated_files\system\src\interrupt.c.o
 .debug_abbrev  0x0000000000003888      0x13d CMakeFiles\Oppgave_LF_default_default_XC8_compile.dir\6473623587a5283f083989aba7038dfd\My_MCC_Config\mcc\mcc_generated_files\system\src\pins.c.o
 .debug_abbrev  0x00000000000039c5       0x37 CMakeFiles\Oppgave_LF_default_default_XC8_compile.dir\585fc1045161b4e80e8b96813159a840\mcc\mcc_generated_files\system\src\system.c.o
 .debug_abbrev  0x00000000000039fc      0x2a9 CMakeFiles\Oppgave_LF_default_default_XC8_compile.dir\6473623587a5283f083989aba7038dfd\My_MCC_Config\mcc\mcc_generated_files\uart\src\usart3.c.o
 .debug_abbrev  0x0000000000003ca5       0x65 CMakeFiles\Oppgave_LF_default_default_XC8_compile.dir\94db0fc7b45eefcefec4b33d70c1bfaa\Kursdag_3\Oppgave-LF\My_MCC_Config\mcc\mcp9808.c.o
 .debug_abbrev  0x0000000000003d0a      0x1d1 CMakeFiles\Oppgave_LF_default_default_XC8_compile.dir\94db0fc7b45eefcefec4b33d70c1bfaa\Kursdag_3\Oppgave-LF\My_MCC_Config\mcc\ssd1306.c.o

.debug_line     0x0000000000000000     0x25fe
 *(.debug_line .debug_line.* .debug_line_end)
 .debug_line    0x0000000000000000      0x205 C:/Users/torbj/.mchp_packs/Microchip/AVR-Dx_DFP/2.7.321/xc8/avr/lib/avrxmega4/crtavr128db48.o
 .debug_line    0x0000000000000205       0xd2 CMakeFiles\Oppgave_LF_default_default_XC8_assemblePreprocess.dir\6447120d0a04d0ac55d162dd92d28909\mcc_generated_files\system\src\protected_io.S.o
 .debug_line    0x00000000000002d7      0x284 CMakeFiles\Oppgave_LF_default_default_XC8_compile.dir\312a33ca25da9952bc933fd5ff735e36\AVR-kurs\Kursdag_3\Oppgave-LF\My_MCC_Config\mcc\main.c.o
 .debug_line    0x000000000000055b      0x7d4 CMakeFiles\Oppgave_LF_default_default_XC8_compile.dir\585fc1045161b4e80e8b96813159a840\mcc\mcc_generated_files\i2c_host\src\twi0.c.o
 .debug_line    0x0000000000000d2f      0x28c CMakeFiles\Oppgave_LF_default_default_XC8_compile.dir\6473623587a5283f083989aba7038dfd\My_MCC_Config\mcc\mcc_generated_files\system\src\clock.c.o
 .debug_line    0x0000000000000fbb      0x149 CMakeFiles\Oppgave_LF_default_default_XC8_compile.dir\585fc1045161b4e80e8b96813159a840\mcc\mcc_generated_files\system\src\config_bits.c.o
 .debug_line    0x0000000000001104      0x21c CMakeFiles\Oppgave_LF_default_default_XC8_compile.dir\585fc1045161b4e80e8b96813159a840\mcc\mcc_generated_files\system\src\interrupt.c.o
 .debug_line    0x0000000000001320      0x59a CMakeFiles\Oppgave_LF_default_default_XC8_compile.dir\6473623587a5283f083989aba7038dfd\My_MCC_Config\mcc\mcc_generated_files\system\src\pins.c.o
 .debug_line    0x00000000000018ba       0xd8 CMakeFiles\Oppgave_LF_default_default_XC8_compile.dir\585fc1045161b4e80e8b96813159a840\mcc\mcc_generated_files\system\src\system.c.o
 .debug_line    0x0000000000001992      0x64f CMakeFiles\Oppgave_LF_default_default_XC8_compile.dir\6473623587a5283f083989aba7038dfd\My_MCC_Config\mcc\mcc_generated_files\uart\src\usart3.c.o
 .debug_line    0x0000000000001fe1      0x100 CMakeFiles\Oppgave_LF_default_default_XC8_compile.dir\94db0fc7b45eefcefec4b33d70c1bfaa\Kursdag_3\Oppgave-LF\My_MCC_Config\mcc\mcp9808.c.o
 .debug_line    0x00000000000020e1      0x51d CMakeFiles\Oppgave_LF_default_default_XC8_compile.dir\94db0fc7b45eefcefec4b33d70c1bfaa\Kursdag_3\Oppgave-LF\My_MCC_Config\mcc\ssd1306.c.o

.debug_frame    0x0000000000000000      0xd5c
 *(.debug_frame)
 .debug_frame   0x0000000000000000       0x54 CMakeFiles\Oppgave_LF_default_default_XC8_compile.dir\312a33ca25da9952bc933fd5ff735e36\AVR-kurs\Kursdag_3\Oppgave-LF\My_MCC_Config\mcc\main.c.o
 .debug_frame   0x0000000000000054      0x364 CMakeFiles\Oppgave_LF_default_default_XC8_compile.dir\585fc1045161b4e80e8b96813159a840\mcc\mcc_generated_files\i2c_host\src\twi0.c.o
 .debug_frame   0x00000000000003b8       0x94 CMakeFiles\Oppgave_LF_default_default_XC8_compile.dir\6473623587a5283f083989aba7038dfd\My_MCC_Config\mcc\mcc_generated_files\system\src\clock.c.o
 .debug_frame   0x000000000000044c       0x54 CMakeFiles\Oppgave_LF_default_default_XC8_compile.dir\585fc1045161b4e80e8b96813159a840\mcc\mcc_generated_files\system\src\interrupt.c.o
 .debug_frame   0x00000000000004a0      0x3e0 CMakeFiles\Oppgave_LF_default_default_XC8_compile.dir\6473623587a5283f083989aba7038dfd\My_MCC_Config\mcc\mcc_generated_files\system\src\pins.c.o
 .debug_frame   0x0000000000000880       0x34 CMakeFiles\Oppgave_LF_default_default_XC8_compile.dir\585fc1045161b4e80e8b96813159a840\mcc\mcc_generated_files\system\src\system.c.o
 .debug_frame   0x00000000000008b4      0x334 CMakeFiles\Oppgave_LF_default_default_XC8_compile.dir\6473623587a5283f083989aba7038dfd\My_MCC_Config\mcc\mcc_generated_files\uart\src\usart3.c.o
 .debug_frame   0x0000000000000be8       0x40 CMakeFiles\Oppgave_LF_default_default_XC8_compile.dir\94db0fc7b45eefcefec4b33d70c1bfaa\Kursdag_3\Oppgave-LF\My_MCC_Config\mcc\mcp9808.c.o
 .debug_frame   0x0000000000000c28      0x134 CMakeFiles\Oppgave_LF_default_default_XC8_compile.dir\94db0fc7b45eefcefec4b33d70c1bfaa\Kursdag_3\Oppgave-LF\My_MCC_Config\mcc\ssd1306.c.o

.debug_str      0x0000000000000000     0x178f
 *(.debug_str)
 .debug_str     0x0000000000000000     0x170f C:/Users/torbj/.mchp_packs/Microchip/AVR-Dx_DFP/2.7.321/xc8/avr/lib/avrxmega4/crtavr128db48.o
 .debug_str     0x000000000000170f        0x0 CMakeFiles\Oppgave_LF_default_default_XC8_compile.dir\312a33ca25da9952bc933fd5ff735e36\AVR-kurs\Kursdag_3\Oppgave-LF\My_MCC_Config\mcc\main.c.o
 .debug_str     0x000000000000170f       0x42 CMakeFiles\Oppgave_LF_default_default_XC8_compile.dir\585fc1045161b4e80e8b96813159a840\mcc\mcc_generated_files\i2c_host\src\twi0.c.o
 .debug_str     0x0000000000001751        0x0 CMakeFiles\Oppgave_LF_default_default_XC8_compile.dir\6473623587a5283f083989aba7038dfd\My_MCC_Config\mcc\mcc_generated_files\system\src\clock.c.o
 .debug_str     0x0000000000001751        0x0 CMakeFiles\Oppgave_LF_default_default_XC8_compile.dir\585fc1045161b4e80e8b96813159a840\mcc\mcc_generated_files\system\src\config_bits.c.o
 .debug_str     0x0000000000001751        0x0 CMakeFiles\Oppgave_LF_default_default_XC8_compile.dir\585fc1045161b4e80e8b96813159a840\mcc\mcc_generated_files\system\src\interrupt.c.o
 .debug_str     0x0000000000001751       0x25 CMakeFiles\Oppgave_LF_default_default_XC8_compile.dir\6473623587a5283f083989aba7038dfd\My_MCC_Config\mcc\mcc_generated_files\system\src\pins.c.o
 .debug_str     0x0000000000001776        0x0 CMakeFiles\Oppgave_LF_default_default_XC8_compile.dir\585fc1045161b4e80e8b96813159a840\mcc\mcc_generated_files\system\src\system.c.o
 .debug_str     0x0000000000001776       0x10 CMakeFiles\Oppgave_LF_default_default_XC8_compile.dir\6473623587a5283f083989aba7038dfd\My_MCC_Config\mcc\mcc_generated_files\uart\src\usart3.c.o
 .debug_str     0x0000000000001786        0x0 CMakeFiles\Oppgave_LF_default_default_XC8_compile.dir\94db0fc7b45eefcefec4b33d70c1bfaa\Kursdag_3\Oppgave-LF\My_MCC_Config\mcc\mcp9808.c.o
 .debug_str     0x0000000000001786        0x9 CMakeFiles\Oppgave_LF_default_default_XC8_compile.dir\94db0fc7b45eefcefec4b33d70c1bfaa\Kursdag_3\Oppgave-LF\My_MCC_Config\mcc\ssd1306.c.o

.debug_loc
 *(.debug_loc)

.debug_macinfo
 *(.debug_macinfo)

.debug_weaknames
 *(.debug_weaknames)

.debug_funcnames
 *(.debug_funcnames)

.debug_typenames
 *(.debug_typenames)

.debug_varnames
 *(.debug_varnames)

.debug_pubtypes
 *(.debug_pubtypes)

.debug_ranges   0x0000000000000000      0x328
 *(.debug_ranges)
 .debug_ranges  0x0000000000000000       0x18 CMakeFiles\Oppgave_LF_default_default_XC8_compile.dir\312a33ca25da9952bc933fd5ff735e36\AVR-kurs\Kursdag_3\Oppgave-LF\My_MCC_Config\mcc\main.c.o
 .debug_ranges  0x0000000000000018       0xc8 CMakeFiles\Oppgave_LF_default_default_XC8_compile.dir\585fc1045161b4e80e8b96813159a840\mcc\mcc_generated_files\i2c_host\src\twi0.c.o
 .debug_ranges  0x00000000000000e0       0x28 CMakeFiles\Oppgave_LF_default_default_XC8_compile.dir\6473623587a5283f083989aba7038dfd\My_MCC_Config\mcc\mcc_generated_files\system\src\clock.c.o
 .debug_ranges  0x0000000000000108       0x18 CMakeFiles\Oppgave_LF_default_default_XC8_compile.dir\585fc1045161b4e80e8b96813159a840\mcc\mcc_generated_files\system\src\interrupt.c.o
 .debug_ranges  0x0000000000000120       0xb0 CMakeFiles\Oppgave_LF_default_default_XC8_compile.dir\6473623587a5283f083989aba7038dfd\My_MCC_Config\mcc\mcc_generated_files\system\src\pins.c.o
 .debug_ranges  0x00000000000001d0       0x10 CMakeFiles\Oppgave_LF_default_default_XC8_compile.dir\585fc1045161b4e80e8b96813159a840\mcc\mcc_generated_files\system\src\system.c.o
 .debug_ranges  0x00000000000001e0       0xd0 CMakeFiles\Oppgave_LF_default_default_XC8_compile.dir\6473623587a5283f083989aba7038dfd\My_MCC_Config\mcc\mcc_generated_files\uart\src\usart3.c.o
 .debug_ranges  0x00000000000002b0       0x10 CMakeFiles\Oppgave_LF_default_default_XC8_compile.dir\94db0fc7b45eefcefec4b33d70c1bfaa\Kursdag_3\Oppgave-LF\My_MCC_Config\mcc\mcp9808.c.o
 .debug_ranges  0x00000000000002c0       0x68 CMakeFiles\Oppgave_LF_default_default_XC8_compile.dir\94db0fc7b45eefcefec4b33d70c1bfaa\Kursdag_3\Oppgave-LF\My_MCC_Config\mcc\ssd1306.c.o

.debug_macro
 *(.debug_macro)
OUTPUT(C:\Users\torbj\Documents\Linjeforening\Elektra\AVR-kurs\Kursdag 3\Oppgave-LF\out\Oppgave-LF\default.elf elf32-avr)
LOAD linker stubs
LOAD data_init

.note.gnu.avr.deviceinfo
                0x0000000000000000       0x40
 .note.gnu.avr.deviceinfo
                0x0000000000000000       0x40 C:/Users/torbj/.mchp_packs/Microchip/AVR-Dx_DFP/2.7.321/xc8/avr/lib/avrxmega4/crtavr128db48.o

.bss.TWI0_Callback
                0x0000000000804261        0x2
 .bss.TWI0_Callback
                0x0000000000804261        0x2 CMakeFiles\Oppgave_LF_default_default_XC8_compile.dir\585fc1045161b4e80e8b96813159a840\mcc\mcc_generated_files\i2c_host\src\twi0.c.o

.bss.twi0_Status
                0x0000000000804246        0xe
 .bss.twi0_Status
                0x0000000000804246        0xe CMakeFiles\Oppgave_LF_default_default_XC8_compile.dir\585fc1045161b4e80e8b96813159a840\mcc\mcc_generated_files\i2c_host\src\twi0.c.o
                0x0000000000804246                twi0_Status

.bss.IO_PB1_InterruptHandler
                0x0000000000804263        0x2
 .bss.IO_PB1_InterruptHandler
                0x0000000000804263        0x2 CMakeFiles\Oppgave_LF_default_default_XC8_compile.dir\6473623587a5283f083989aba7038dfd\My_MCC_Config\mcc\mcc_generated_files\system\src\pins.c.o

.bss.IO_PB0_InterruptHandler
                0x0000000000804265        0x2
 .bss.IO_PB0_InterruptHandler
                0x0000000000804265        0x2 CMakeFiles\Oppgave_LF_default_default_XC8_compile.dir\6473623587a5283f083989aba7038dfd\My_MCC_Config\mcc\mcc_generated_files\system\src\pins.c.o

.bss.IO_PA3_InterruptHandler
                0x0000000000804267        0x2
 .bss.IO_PA3_InterruptHandler
                0x0000000000804267        0x2 CMakeFiles\Oppgave_LF_default_default_XC8_compile.dir\6473623587a5283f083989aba7038dfd\My_MCC_Config\mcc\mcc_generated_files\system\src\pins.c.o

.bss.IO_PA2_InterruptHandler
                0x0000000000804269        0x2
 .bss.IO_PA2_InterruptHandler
                0x0000000000804269        0x2 CMakeFiles\Oppgave_LF_default_default_XC8_compile.dir\6473623587a5283f083989aba7038dfd\My_MCC_Config\mcc\mcc_generated_files\system\src\pins.c.o

.bss.SW1_InterruptHandler
                0x000000000080426b        0x2
 .bss.SW1_InterruptHandler
                0x000000000080426b        0x2 CMakeFiles\Oppgave_LF_default_default_XC8_compile.dir\6473623587a5283f083989aba7038dfd\My_MCC_Config\mcc\mcc_generated_files\system\src\pins.c.o

.bss.SW2_InterruptHandler
                0x000000000080426d        0x2
 .bss.SW2_InterruptHandler
                0x000000000080426d        0x2 CMakeFiles\Oppgave_LF_default_default_XC8_compile.dir\6473623587a5283f083989aba7038dfd\My_MCC_Config\mcc\mcc_generated_files\system\src\pins.c.o

.bss.SW3_InterruptHandler
                0x000000000080426f        0x2
 .bss.SW3_InterruptHandler
                0x000000000080426f        0x2 CMakeFiles\Oppgave_LF_default_default_XC8_compile.dir\6473623587a5283f083989aba7038dfd\My_MCC_Config\mcc\mcc_generated_files\system\src\pins.c.o

.bss.usart3RxLastError
                0x0000000000804271        0x2
 .bss.usart3RxLastError
                0x0000000000804271        0x2 CMakeFiles\Oppgave_LF_default_default_XC8_compile.dir\6473623587a5283f083989aba7038dfd\My_MCC_Config\mcc\mcc_generated_files\uart\src\usart3.c.o

.bss.USART3_FramingErrorHandler
                0x0000000000804273        0x2
 .bss.USART3_FramingErrorHandler
                0x0000000000804273        0x2 CMakeFiles\Oppgave_LF_default_default_XC8_compile.dir\6473623587a5283f083989aba7038dfd\My_MCC_Config\mcc\mcc_generated_files\uart\src\usart3.c.o

.bss.USART3_OverrunErrorHandler
                0x0000000000804275        0x2
 .bss.USART3_OverrunErrorHandler
                0x0000000000804275        0x2 CMakeFiles\Oppgave_LF_default_default_XC8_compile.dir\6473623587a5283f083989aba7038dfd\My_MCC_Config\mcc\mcc_generated_files\uart\src\usart3.c.o

.bss.USART3_ParityErrorHandler
                0x0000000000804277        0x2
 .bss.USART3_ParityErrorHandler
                0x0000000000804277        0x2 CMakeFiles\Oppgave_LF_default_default_XC8_compile.dir\6473623587a5283f083989aba7038dfd\My_MCC_Config\mcc\mcc_generated_files\uart\src\usart3.c.o

.bss.__stdout   0x000000000080427b        0x2
 .bss.__stdout  0x000000000080427b        0x2 c:/progra~1/microc~1/xc8/v3.00/avr/bin/../lib/gcc/avr/5.4.0/../../../../avr/lib/avrxmega4\libc.a(stdout.o)

.text.vfpfcnvrt
                0x0000000000000176      0x3fc
 .text.vfpfcnvrt
                0x0000000000000176      0x3fc c:/progra~1/microc~1/xc8/v3.00/avr/bin/../lib/gcc/avr/5.4.0/../../../../avr/lib/avrxmega4\libc.a(__printf_core.o)
                0x0000000000000176                vfpfcnvrt

.text.PIN_MANAGER_Initialize
                0x0000000000000572      0x28a
 .text.PIN_MANAGER_Initialize
                0x0000000000000572      0x28a CMakeFiles\Oppgave_LF_default_default_XC8_compile.dir\6473623587a5283f083989aba7038dfd\My_MCC_Config\mcc\mcc_generated_files\system\src\pins.c.o
                0x0000000000000572                PIN_MANAGER_Initialize

.text.__fmt_x   0x00000000000007fc      0x1dc
 .text.__fmt_x  0x00000000000007fc      0x1dc c:/progra~1/microc~1/xc8/v3.00/avr/bin/../lib/gcc/avr/5.4.0/../../../../avr/lib/avrxmega4\libc.a(__fmt_x.o)
                0x00000000000007fc                __fmt_x_needed
                0x00000000000007fc                __fmt_x

.text.SSD1306_Init
                0x00000000000009d8      0x19c
 .text.SSD1306_Init
                0x00000000000009d8      0x19c CMakeFiles\Oppgave_LF_default_default_XC8_compile.dir\94db0fc7b45eefcefec4b33d70c1bfaa\Kursdag_3\Oppgave-LF\My_MCC_Config\mcc\ssd1306.c.o
                0x00000000000009d8                SSD1306_Init

.text.oppdaterSkjerm
                0x0000000000000b74      0x150
 .text.oppdaterSkjerm
                0x0000000000000b74      0x150 CMakeFiles\Oppgave_LF_default_default_XC8_compile.dir\312a33ca25da9952bc933fd5ff735e36\AVR-kurs\Kursdag_3\Oppgave-LF\My_MCC_Config\mcc\main.c.o
                0x0000000000000b74                oppdaterSkjerm

.text.main      0x0000000000000cc4      0x104
 .text.main     0x0000000000000cc4      0x104 CMakeFiles\Oppgave_LF_default_default_XC8_compile.dir\312a33ca25da9952bc933fd5ff735e36\AVR-kurs\Kursdag_3\Oppgave-LF\My_MCC_Config\mcc\main.c.o
                0x0000000000000cc4                main

.text.TWI0_ErrorEventHandler
                0x0000000000000dc8       0xe8
 .text.TWI0_ErrorEventHandler
                0x0000000000000dc8       0xe8 CMakeFiles\Oppgave_LF_default_default_XC8_compile.dir\585fc1045161b4e80e8b96813159a840\mcc\mcc_generated_files\i2c_host\src\twi0.c.o

.text.__fmt_d   0x0000000000000eb0       0xe4
 .text.__fmt_d  0x0000000000000eb0       0xe4 c:/progra~1/microc~1/xc8/v3.00/avr/bin/../lib/gcc/avr/5.4.0/../../../../avr/lib/avrxmega4\libc.a(__fmt_d.o)
                0x0000000000000eb0                __fmt_d
                0x0000000000000eb0                __fmt_d_needed

.text           0x0000000000000f94       0xd4
 .text          0x0000000000000f94       0xd4 c:/progra~1/microc~1/xc8/v3.00/avr/bin/../lib/gcc/avr/5.4.0/../../../../avr/lib/avrxmega4\libm.a(mulsf3x.o)
                0x0000000000000f94                __mulsf3x
                0x0000000000000fba                __mulsf3_pse

.text.I2C_EVENT_RX
                0x0000000000001068       0xd0
 .text.I2C_EVENT_RX
                0x0000000000001068       0xd0 CMakeFiles\Oppgave_LF_default_default_XC8_compile.dir\585fc1045161b4e80e8b96813159a840\mcc\mcc_generated_files\i2c_host\src\twi0.c.o

.text.__pop_int
                0x0000000000001138       0xd0
 .text.__pop_int
                0x0000000000001138       0xd0 c:/progra~1/microc~1/xc8/v3.00/avr/bin/../lib/gcc/avr/5.4.0/../../../../avr/lib/avrxmega4\libc.a(__pop_int.o)
                0x0000000000001138                __pop_int_needed
                0x0000000000001138                __pop_int

.text.__cvt_u   0x0000000000001208       0xca
 .text.__cvt_u  0x0000000000001208       0xca c:/progra~1/microc~1/xc8/v3.00/avr/bin/../lib/gcc/avr/5.4.0/../../../../avr/lib/avrxmega4\libc.a(__fmt_u.o)
                0x0000000000001208                __cvt_u

.text.__vector_46
                0x00000000000012d2       0xc4
 .text.__vector_46
                0x00000000000012d2       0xc4 CMakeFiles\Oppgave_LF_default_default_XC8_compile.dir\6473623587a5283f083989aba7038dfd\My_MCC_Config\mcc\mcc_generated_files\system\src\pins.c.o
                0x00000000000012d2                __vector_46

.text.__fmt_o   0x0000000000001396       0xb2
 .text.__fmt_o  0x0000000000001396       0xb2 c:/progra~1/microc~1/xc8/v3.00/avr/bin/../lib/gcc/avr/5.4.0/../../../../avr/lib/avrxmega4\libc.a(__fmt_o.o)
                0x0000000000001396                __fmt_o
                0x0000000000001396                __fmt_o_needed

.text.__vector_8
                0x0000000000001448       0xa4
 .text.__vector_8
                0x0000000000001448       0xa4 CMakeFiles\Oppgave_LF_default_default_XC8_compile.dir\6473623587a5283f083989aba7038dfd\My_MCC_Config\mcc\mcc_generated_files\system\src\pins.c.o
                0x0000000000001448                __vector_8

.text.__vector_45
                0x00000000000014ec       0xa4
 .text.__vector_45
                0x00000000000014ec       0xa4 CMakeFiles\Oppgave_LF_default_default_XC8_compile.dir\6473623587a5283f083989aba7038dfd\My_MCC_Config\mcc\mcc_generated_files\system\src\pins.c.o
                0x00000000000014ec                __vector_45

.text.TWI0_WriteRead
                0x0000000000001590       0x9c
 .text.TWI0_WriteRead
                0x0000000000001590       0x9c CMakeFiles\Oppgave_LF_default_default_XC8_compile.dir\585fc1045161b4e80e8b96813159a840\mcc\mcc_generated_files\i2c_host\src\twi0.c.o
                0x0000000000001590                TWI0_WriteRead

.text.fputc     0x000000000000162c       0x98
 .text.fputc    0x000000000000162c       0x98 c:/progra~1/microc~1/xc8/v3.00/avr/bin/../lib/gcc/avr/5.4.0/../../../../avr/lib/avrxmega4\libc.a(fputc.o)
                0x000000000000162c                fputc
                0x000000000000162c                putc

.text.CLOCK_Initialize
                0x00000000000016c4       0x94
 .text.CLOCK_Initialize
                0x00000000000016c4       0x94 CMakeFiles\Oppgave_LF_default_default_XC8_compile.dir\6473623587a5283f083989aba7038dfd\My_MCC_Config\mcc\mcc_generated_files\system\src\clock.c.o
                0x00000000000016c4                CLOCK_Initialize

.text.__fmt_u   0x0000000000001758       0x8e
 .text.__fmt_u  0x0000000000001758       0x8e c:/progra~1/microc~1/xc8/v3.00/avr/bin/../lib/gcc/avr/5.4.0/../../../../avr/lib/avrxmega4\libc.a(__fmt_u.o)
                0x0000000000001758                __fmt_u_needed
                0x0000000000001758                __fmt_u

.text.__vector_19
                0x00000000000017e6       0x8c
 .text.__vector_19
                0x00000000000017e6       0x8c CMakeFiles\Oppgave_LF_default_default_XC8_compile.dir\585fc1045161b4e80e8b96813159a840\mcc\mcc_generated_files\i2c_host\src\twi0.c.o
                0x00000000000017e6                __vector_19

.text.USART3_Initialize
                0x0000000000001872       0x8c
 .text.USART3_Initialize
                0x0000000000001872       0x8c CMakeFiles\Oppgave_LF_default_default_XC8_compile.dir\6473623587a5283f083989aba7038dfd\My_MCC_Config\mcc\mcc_generated_files\uart\src\usart3.c.o
                0x0000000000001872                USART3_Initialize

.text.TWI0_Write
                0x00000000000018fe       0x82
 .text.TWI0_Write
                0x00000000000018fe       0x82 CMakeFiles\Oppgave_LF_default_default_XC8_compile.dir\585fc1045161b4e80e8b96813159a840\mcc\mcc_generated_files\i2c_host\src\twi0.c.o
                0x00000000000018fe                TWI0_Write

.text.TWI0_Read
                0x0000000000001980       0x82
 .text.TWI0_Read
                0x0000000000001980       0x82 CMakeFiles\Oppgave_LF_default_default_XC8_compile.dir\585fc1045161b4e80e8b96813159a840\mcc\mcc_generated_files\i2c_host\src\twi0.c.o
                0x0000000000001980                TWI0_Read

.text.I2C_EVENT_TX
                0x0000000000001a02       0x7a
 .text.I2C_EVENT_TX
                0x0000000000001a02       0x7a CMakeFiles\Oppgave_LF_default_default_XC8_compile.dir\585fc1045161b4e80e8b96813159a840\mcc\mcc_generated_files\i2c_host\src\twi0.c.o

.text.TWI0_Initialize
                0x0000000000001a7c       0x78
 .text.TWI0_Initialize
                0x0000000000001a7c       0x78 CMakeFiles\Oppgave_LF_default_default_XC8_compile.dir\585fc1045161b4e80e8b96813159a840\mcc\mcc_generated_files\i2c_host\src\twi0.c.o
                0x0000000000001a7c                TWI0_Initialize

.text.__printf_core
                0x0000000000001af4       0x78
 .text.__printf_core
                0x0000000000001af4       0x78 c:/progra~1/microc~1/xc8/v3.00/avr/bin/../lib/gcc/avr/5.4.0/../../../../avr/lib/avrxmega4\libc.a(__printf_core.o)
                0x0000000000001af4                __printf_core

.text.__vsnprintf
                0x0000000000001b6c       0x74
 .text.__vsnprintf
                0x0000000000001b6c       0x74 c:/progra~1/microc~1/xc8/v3.00/avr/bin/../lib/gcc/avr/5.4.0/../../../../avr/lib/avrxmega4\libc.a(__int_vsnprintf.o)
                0x0000000000001b6c                __vsnprintf

.text.__pad     0x0000000000001be0       0x72
 .text.__pad    0x0000000000001be0       0x72 c:/progra~1/microc~1/xc8/v3.00/avr/bin/../lib/gcc/avr/5.4.0/../../../../avr/lib/avrxmega4\libc.a(__printf_core.o)
                0x0000000000001be0                __pad

.text.MCP9808_temp
                0x0000000000001c52       0x70
 .text.MCP9808_temp
                0x0000000000001c52       0x70 CMakeFiles\Oppgave_LF_default_default_XC8_compile.dir\94db0fc7b45eefcefec4b33d70c1bfaa\Kursdag_3\Oppgave-LF\My_MCC_Config\mcc\mcp9808.c.o
                0x0000000000001c52                MCP9808_temp

.text.TWI0_Deinitialize
                0x0000000000001cc2       0x6e
 .text.TWI0_Deinitialize
                0x0000000000001cc2       0x6e CMakeFiles\Oppgave_LF_default_default_XC8_compile.dir\585fc1045161b4e80e8b96813159a840\mcc\mcc_generated_files\i2c_host\src\twi0.c.o
                0x0000000000001cc2                TWI0_Deinitialize

.text.SSD1306_WriteCharacter
                0x0000000000001d30       0x68
 .text.SSD1306_WriteCharacter
                0x0000000000001d30       0x68 CMakeFiles\Oppgave_LF_default_default_XC8_compile.dir\94db0fc7b45eefcefec4b33d70c1bfaa\Kursdag_3\Oppgave-LF\My_MCC_Config\mcc\ssd1306.c.o
                0x0000000000001d30                SSD1306_WriteCharacter

.text           0x0000000000001d98       0x5e
 .text          0x0000000000001d98       0x5e c:/progra~1/microc~1/xc8/v3.00/avr/bin/../lib/gcc/avr/5.4.0/../../../../avr/lib/avrxmega4\libm.a(fixunssfsi.o)
                0x0000000000001d98                __fixunssfsi

.text.read_prec_or_width
                0x0000000000001df6       0x5c
 .text.read_prec_or_width
                0x0000000000001df6       0x5c c:/progra~1/microc~1/xc8/v3.00/avr/bin/../lib/gcc/avr/5.4.0/../../../../avr/lib/avrxmega4\libc.a(__printf_core.o)

.text.__fmt_s   0x0000000000001e52       0x54
 .text.__fmt_s  0x0000000000001e52       0x54 c:/progra~1/microc~1/xc8/v3.00/avr/bin/../lib/gcc/avr/5.4.0/../../../../avr/lib/avrxmega4\libc.a(__fmt_s.o)
                0x0000000000001e52                __fmt_s
                0x0000000000001e52                __fmt_0_needed
                0x0000000000001e52                __fmt_s_needed

.text.SSD1306_SendData
                0x0000000000001ea6       0x50
 .text.SSD1306_SendData
                0x0000000000001ea6       0x50 CMakeFiles\Oppgave_LF_default_default_XC8_compile.dir\94db0fc7b45eefcefec4b33d70c1bfaa\Kursdag_3\Oppgave-LF\My_MCC_Config\mcc\ssd1306.c.o
                0x0000000000001ea6                SSD1306_SendData

.text.SSD1306_SendCommand
                0x0000000000001ef6       0x4e
 .text.SSD1306_SendCommand
                0x0000000000001ef6       0x4e CMakeFiles\Oppgave_LF_default_default_XC8_compile.dir\94db0fc7b45eefcefec4b33d70c1bfaa\Kursdag_3\Oppgave-LF\My_MCC_Config\mcc\ssd1306.c.o
                0x0000000000001ef6                SSD1306_SendCommand

.text.TWI0_Close
                0x0000000000001f44       0x48
 .text.TWI0_Close
                0x0000000000001f44       0x48 CMakeFiles\Oppgave_LF_default_default_XC8_compile.dir\585fc1045161b4e80e8b96813159a840\mcc\mcc_generated_files\i2c_host\src\twi0.c.o

.text.__vector_30
                0x0000000000001f8c       0x48
 .text.__vector_30
                0x0000000000001f8c       0x48 CMakeFiles\Oppgave_LF_default_default_XC8_compile.dir\6473623587a5283f083989aba7038dfd\My_MCC_Config\mcc\mcc_generated_files\system\src\pins.c.o
                0x0000000000001f8c                __vector_30

.text.__vector_24
                0x0000000000001fd4       0x48
 .text.__vector_24
                0x0000000000001fd4       0x48 CMakeFiles\Oppgave_LF_default_default_XC8_compile.dir\6473623587a5283f083989aba7038dfd\My_MCC_Config\mcc\mcc_generated_files\system\src\pins.c.o
                0x0000000000001fd4                __vector_24

.text.__vector_35
                0x000000000000201c       0x48
 .text.__vector_35
                0x000000000000201c       0x48 CMakeFiles\Oppgave_LF_default_default_XC8_compile.dir\6473623587a5283f083989aba7038dfd\My_MCC_Config\mcc\mcc_generated_files\system\src\pins.c.o
                0x000000000000201c                __vector_35

.text           0x0000000000002064       0x48
 .text          0x0000000000002064       0x48 c:/progra~1/microc~1/xc8/v3.00/avr/bin/../lib/gcc/avr/5.4.0/../../../../avr/lib/avrxmega4\libm.a(fp_cmp.o)
                0x0000000000002064                __fp_cmp

.text           0x00000000000020ac       0x44
 .text          0x00000000000020ac       0x44 c:/progra~1/microc~1/xc8/v3.00/avr/bin/../lib/gcc/avr/5.4.0/../../../../avr/lib/avrxmega4\libm.a(fp_split3.o)
                0x00000000000020ac                __fp_split3
                0x00000000000020bc                __fp_splitA

.text.libgcc.div
                0x00000000000020f0       0x44
 .text.libgcc.div
                0x00000000000020f0       0x44 c:/progra~1/microc~1/xc8/v3.00/avr/bin/../lib/gcc/avr/5.4.0/avrxmega4\libgcc.a(_udivmodsi4.o)
                0x00000000000020f0                __udivmodsi4

.text.__fmt_state
                0x0000000000002134       0x40
 .text.__fmt_state
                0x0000000000002134       0x40 c:/progra~1/microc~1/xc8/v3.00/avr/bin/../lib/gcc/avr/5.4.0/../../../../avr/lib/avrxmega4\libc.a(__printf_core.o)
                0x0000000000002134                __fmt_state

.text.SSD1306_WriteString
                0x0000000000002174       0x3e
 .text.SSD1306_WriteString
                0x0000000000002174       0x3e CMakeFiles\Oppgave_LF_default_default_XC8_compile.dir\94db0fc7b45eefcefec4b33d70c1bfaa\Kursdag_3\Oppgave-LF\My_MCC_Config\mcc\ssd1306.c.o
                0x0000000000002174                SSD1306_WriteString

.text.SSD1306_Clear
                0x00000000000021b2       0x3c
 .text.SSD1306_Clear
                0x00000000000021b2       0x3c CMakeFiles\Oppgave_LF_default_default_XC8_compile.dir\94db0fc7b45eefcefec4b33d70c1bfaa\Kursdag_3\Oppgave-LF\My_MCC_Config\mcc\ssd1306.c.o
                0x00000000000021b2                SSD1306_Clear

.text.__out     0x00000000000021ee       0x3a
 .text.__out    0x00000000000021ee       0x3a c:/progra~1/microc~1/xc8/v3.00/avr/bin/../lib/gcc/avr/5.4.0/../../../../avr/lib/avrxmega4\libc.a(__printf_core.o)
                0x00000000000021ee                __out

.text.I2C_EVENT_RESET
                0x0000000000002228       0x38
 .text.I2C_EVENT_RESET
                0x0000000000002228       0x38 CMakeFiles\Oppgave_LF_default_default_XC8_compile.dir\585fc1045161b4e80e8b96813159a840\mcc\mcc_generated_files\i2c_host\src\twi0.c.o

.text.USART3_printCHAR
                0x0000000000002260       0x38
 .text.USART3_printCHAR
                0x0000000000002260       0x38 CMakeFiles\Oppgave_LF_default_default_XC8_compile.dir\6473623587a5283f083989aba7038dfd\My_MCC_Config\mcc\mcc_generated_files\uart\src\usart3.c.o
                0x0000000000002260                USART3_printCHAR

.text.TWI0_IsBusy
                0x0000000000002298       0x36
 .text.TWI0_IsBusy
                0x0000000000002298       0x36 CMakeFiles\Oppgave_LF_default_default_XC8_compile.dir\585fc1045161b4e80e8b96813159a840\mcc\mcc_generated_files\i2c_host\src\twi0.c.o
                0x0000000000002298                TWI0_IsBusy

.text.libgcc.prologue
                0x00000000000022ce       0x32
 .text.libgcc.prologue
                0x00000000000022ce       0x32 c:/progra~1/microc~1/xc8/v3.00/avr/bin/../lib/gcc/avr/5.4.0/avrxmega4\libgcc.a(_prologue.o)
                0x00000000000022ce                __prologue_saves__

.text.SSD1306_SelectPage
                0x0000000000002300       0x30
 .text.SSD1306_SelectPage
                0x0000000000002300       0x30 CMakeFiles\Oppgave_LF_default_default_XC8_compile.dir\94db0fc7b45eefcefec4b33d70c1bfaa\Kursdag_3\Oppgave-LF\My_MCC_Config\mcc\ssd1306.c.o
                0x0000000000002300                SSD1306_SelectPage

.text.__vfprintf
                0x0000000000002330       0x30
 .text.__vfprintf
                0x0000000000002330       0x30 c:/progra~1/microc~1/xc8/v3.00/avr/bin/../lib/gcc/avr/5.4.0/../../../../avr/lib/avrxmega4\libc.a(__int_vfprintf.o)
                0x0000000000002330                __vfprintf

.text.libgcc.prologue
                0x0000000000002360       0x30
 .text.libgcc.prologue
                0x0000000000002360       0x30 c:/progra~1/microc~1/xc8/v3.00/avr/bin/../lib/gcc/avr/5.4.0/avrxmega4\libgcc.a(_epilogue.o)
                0x0000000000002360                __epilogue_restores__

.text.TWI0_CallbackRegister
                0x0000000000002390       0x2e
 .text.TWI0_CallbackRegister
                0x0000000000002390       0x2e CMakeFiles\Oppgave_LF_default_default_XC8_compile.dir\585fc1045161b4e80e8b96813159a840\mcc\mcc_generated_files\i2c_host\src\twi0.c.o
                0x0000000000002390                TWI0_CallbackRegister

.text.TWI0_EventHandler
                0x00000000000023be       0x2e
 .text.TWI0_EventHandler
                0x00000000000023be       0x2e CMakeFiles\Oppgave_LF_default_default_XC8_compile.dir\585fc1045161b4e80e8b96813159a840\mcc\mcc_generated_files\i2c_host\src\twi0.c.o

.text.TWI0_CommandUpdate
                0x00000000000023ec       0x2e
 .text.TWI0_CommandUpdate
                0x00000000000023ec       0x2e CMakeFiles\Oppgave_LF_default_default_XC8_compile.dir\585fc1045161b4e80e8b96813159a840\mcc\mcc_generated_files\i2c_host\src\twi0.c.o

.text.USART3_FramingErrorCallbackRegister
                0x000000000000241a       0x2e
 .text.USART3_FramingErrorCallbackRegister
                0x000000000000241a       0x2e CMakeFiles\Oppgave_LF_default_default_XC8_compile.dir\6473623587a5283f083989aba7038dfd\My_MCC_Config\mcc\mcc_generated_files\uart\src\usart3.c.o
                0x000000000000241a                USART3_FramingErrorCallbackRegister

.text.USART3_OverrunErrorCallbackRegister
                0x0000000000002448       0x2e
 .text.USART3_OverrunErrorCallbackRegister
                0x0000000000002448       0x2e CMakeFiles\Oppgave_LF_default_default_XC8_compile.dir\6473623587a5283f083989aba7038dfd\My_MCC_Config\mcc\mcc_generated_files\uart\src\usart3.c.o
                0x0000000000002448                USART3_OverrunErrorCallbackRegister

.text.USART3_ParityErrorCallbackRegister
                0x0000000000002476       0x2e
 .text.USART3_ParityErrorCallbackRegister
                0x0000000000002476       0x2e CMakeFiles\Oppgave_LF_default_default_XC8_compile.dir\6473623587a5283f083989aba7038dfd\My_MCC_Config\mcc\mcc_generated_files\uart\src\usart3.c.o
                0x0000000000002476                USART3_ParityErrorCallbackRegister

.text.ccp_write_io
                0x00000000000024a4       0x2c
 .text.ccp_write_io
                0x00000000000024a4       0x2c CMakeFiles\Oppgave_LF_default_default_XC8_compile.dir\6473623587a5283f083989aba7038dfd\My_MCC_Config\mcc\mcc_generated_files\system\src\clock.c.o

.text.ccp_write_io
                0x00000000000024d0       0x2c
 .text.ccp_write_io
                0x00000000000024d0       0x2c CMakeFiles\Oppgave_LF_default_default_XC8_compile.dir\585fc1045161b4e80e8b96813159a840\mcc\mcc_generated_files\system\src\interrupt.c.o

.text.CPUINT_Initialize
                0x00000000000024fc       0x2c
 .text.CPUINT_Initialize
                0x00000000000024fc       0x2c CMakeFiles\Oppgave_LF_default_default_XC8_compile.dir\585fc1045161b4e80e8b96813159a840\mcc\mcc_generated_files\system\src\interrupt.c.o
                0x00000000000024fc                CPUINT_Initialize

.text.I2C_EVENT_ERROR
                0x0000000000002528       0x28
 .text.I2C_EVENT_ERROR
                0x0000000000002528       0x28 CMakeFiles\Oppgave_LF_default_default_XC8_compile.dir\585fc1045161b4e80e8b96813159a840\mcc\mcc_generated_files\i2c_host\src\twi0.c.o

.text.USART3_IsTxReady
                0x0000000000002550       0x28
 .text.USART3_IsTxReady
                0x0000000000002550       0x28 CMakeFiles\Oppgave_LF_default_default_XC8_compile.dir\6473623587a5283f083989aba7038dfd\My_MCC_Config\mcc\mcc_generated_files\uart\src\usart3.c.o
                0x0000000000002550                USART3_IsTxReady

.text.IO_PB1_SetInterruptHandler
                0x0000000000002578       0x26
 .text.IO_PB1_SetInterruptHandler
                0x0000000000002578       0x26 CMakeFiles\Oppgave_LF_default_default_XC8_compile.dir\6473623587a5283f083989aba7038dfd\My_MCC_Config\mcc\mcc_generated_files\system\src\pins.c.o
                0x0000000000002578                IO_PB1_SetInterruptHandler

.text.IO_PB0_SetInterruptHandler
                0x000000000000259e       0x26
 .text.IO_PB0_SetInterruptHandler
                0x000000000000259e       0x26 CMakeFiles\Oppgave_LF_default_default_XC8_compile.dir\6473623587a5283f083989aba7038dfd\My_MCC_Config\mcc\mcc_generated_files\system\src\pins.c.o
                0x000000000000259e                IO_PB0_SetInterruptHandler

.text.IO_PA3_SetInterruptHandler
                0x00000000000025c4       0x26
 .text.IO_PA3_SetInterruptHandler
                0x00000000000025c4       0x26 CMakeFiles\Oppgave_LF_default_default_XC8_compile.dir\6473623587a5283f083989aba7038dfd\My_MCC_Config\mcc\mcc_generated_files\system\src\pins.c.o
                0x00000000000025c4                IO_PA3_SetInterruptHandler

.text.IO_PA2_SetInterruptHandler
                0x00000000000025ea       0x26
 .text.IO_PA2_SetInterruptHandler
                0x00000000000025ea       0x26 CMakeFiles\Oppgave_LF_default_default_XC8_compile.dir\6473623587a5283f083989aba7038dfd\My_MCC_Config\mcc\mcc_generated_files\system\src\pins.c.o
                0x00000000000025ea                IO_PA2_SetInterruptHandler

.text.SW1_SetInterruptHandler
                0x0000000000002610       0x26
 .text.SW1_SetInterruptHandler
                0x0000000000002610       0x26 CMakeFiles\Oppgave_LF_default_default_XC8_compile.dir\6473623587a5283f083989aba7038dfd\My_MCC_Config\mcc\mcc_generated_files\system\src\pins.c.o
                0x0000000000002610                SW1_SetInterruptHandler

.text.SW2_SetInterruptHandler
                0x0000000000002636       0x26
 .text.SW2_SetInterruptHandler
                0x0000000000002636       0x26 CMakeFiles\Oppgave_LF_default_default_XC8_compile.dir\6473623587a5283f083989aba7038dfd\My_MCC_Config\mcc\mcc_generated_files\system\src\pins.c.o
                0x0000000000002636                SW2_SetInterruptHandler

.text.SW3_SetInterruptHandler
                0x000000000000265c       0x26
 .text.SW3_SetInterruptHandler
                0x000000000000265c       0x26 CMakeFiles\Oppgave_LF_default_default_XC8_compile.dir\6473623587a5283f083989aba7038dfd\My_MCC_Config\mcc\mcc_generated_files\system\src\pins.c.o
                0x000000000000265c                SW3_SetInterruptHandler

.text.I2C_EVENT_SEND_RD_ADDR
                0x0000000000002682       0x24
 .text.I2C_EVENT_SEND_RD_ADDR
                0x0000000000002682       0x24 CMakeFiles\Oppgave_LF_default_default_XC8_compile.dir\585fc1045161b4e80e8b96813159a840\mcc\mcc_generated_files\i2c_host\src\twi0.c.o

.text.SYSTEM_Initialize
                0x00000000000026a6       0x24
 .text.SYSTEM_Initialize
                0x00000000000026a6       0x24 CMakeFiles\Oppgave_LF_default_default_XC8_compile.dir\585fc1045161b4e80e8b96813159a840\mcc\mcc_generated_files\system\src\system.c.o
                0x00000000000026a6                SYSTEM_Initialize

.text.__wrap_sprintf
                0x00000000000026ca       0x24
 .text.__wrap_sprintf
                0x00000000000026ca       0x24 c:/progra~1/microc~1/xc8/v3.00/avr/bin/../lib/gcc/avr/5.4.0/../../../../avr/lib/avrxmega4\libc.a(__sio_sprintf_dosux.o)
                0x00000000000026ca                _sprintf_cdopsuxX

.text.I2C_EVENT_SEND_WR_ADDR
                0x00000000000026ee       0x22
 .text.I2C_EVENT_SEND_WR_ADDR
                0x00000000000026ee       0x22 CMakeFiles\Oppgave_LF_default_default_XC8_compile.dir\585fc1045161b4e80e8b96813159a840\mcc\mcc_generated_files\i2c_host\src\twi0.c.o

.text           0x0000000000002710       0x22
 .text          0x0000000000002710       0x22 c:/progra~1/microc~1/xc8/v3.00/avr/bin/../lib/gcc/avr/5.4.0/../../../../avr/lib/avrxmega4\libm.a(fp_round.o)
                0x0000000000002710                __fp_round

.text.USART3_Write
                0x0000000000002732       0x20
 .text.USART3_Write
                0x0000000000002732       0x20 CMakeFiles\Oppgave_LF_default_default_XC8_compile.dir\6473623587a5283f083989aba7038dfd\My_MCC_Config\mcc\mcc_generated_files\uart\src\usart3.c.o
                0x0000000000002732                USART3_Write

.text.TWI0_ErrorGet
                0x0000000000002752       0x1e
 .text.TWI0_ErrorGet
                0x0000000000002752       0x1e CMakeFiles\Oppgave_LF_default_default_XC8_compile.dir\585fc1045161b4e80e8b96813159a840\mcc\mcc_generated_files\i2c_host\src\twi0.c.o
                0x0000000000002752                TWI0_ErrorGet

.text.I2C_EVENT_IDLE
                0x0000000000002770       0x1e
 .text.I2C_EVENT_IDLE
                0x0000000000002770       0x1e CMakeFiles\Oppgave_LF_default_default_XC8_compile.dir\585fc1045161b4e80e8b96813159a840\mcc\mcc_generated_files\i2c_host\src\twi0.c.o

.text.I2C_EVENT_NACK
                0x000000000000278e       0x1e
 .text.I2C_EVENT_NACK
                0x000000000000278e       0x1e CMakeFiles\Oppgave_LF_default_default_XC8_compile.dir\585fc1045161b4e80e8b96813159a840\mcc\mcc_generated_files\i2c_host\src\twi0.c.o

.text.strlen    0x00000000000027ac       0x1c
 .text.strlen   0x00000000000027ac       0x1c c:/progra~1/microc~1/xc8/v3.00/avr/bin/../lib/gcc/avr/5.4.0/../../../../avr/lib/avrxmega4\libc.a(strlen.o)
                0x00000000000027ac                strlen

.text.I2C_EVENT_STOP
                0x00000000000027c8       0x1a
 .text.I2C_EVENT_STOP
                0x00000000000027c8       0x1a CMakeFiles\Oppgave_LF_default_default_XC8_compile.dir\585fc1045161b4e80e8b96813159a840\mcc\mcc_generated_files\i2c_host\src\twi0.c.o

.text.TWI0_ReadStart
                0x00000000000027e2       0x18
 .text.TWI0_ReadStart
                0x00000000000027e2       0x18 CMakeFiles\Oppgave_LF_default_default_XC8_compile.dir\585fc1045161b4e80e8b96813159a840\mcc\mcc_generated_files\i2c_host\src\twi0.c.o

.text.TWI0_WriteStart
                0x00000000000027fa       0x18
 .text.TWI0_WriteStart
                0x00000000000027fa       0x18 CMakeFiles\Oppgave_LF_default_default_XC8_compile.dir\585fc1045161b4e80e8b96813159a840\mcc\mcc_generated_files\i2c_host\src\twi0.c.o

.text.exit      0x0000000000002812       0x16
 .text.exit     0x0000000000002812       0x16 c:/progra~1/microc~1/xc8/v3.00/avr/bin/../lib/gcc/avr/5.4.0/../../../../avr/lib/avrxmega4\libc.a(exit.o)
                0x0000000000002812                exit

.text.toupper   0x0000000000002828       0x12
 .text.toupper  0x0000000000002828       0x12 c:/progra~1/microc~1/xc8/v3.00/avr/bin/../lib/gcc/avr/5.4.0/../../../../avr/lib/avrxmega4\libc.a(toupper.o)
                0x0000000000002828                toupper

.text.IO_PB1_DefaultInterruptHandler
                0x000000000000283a       0x10
 .text.IO_PB1_DefaultInterruptHandler
                0x000000000000283a       0x10 CMakeFiles\Oppgave_LF_default_default_XC8_compile.dir\6473623587a5283f083989aba7038dfd\My_MCC_Config\mcc\mcc_generated_files\system\src\pins.c.o
                0x000000000000283a                IO_PB1_DefaultInterruptHandler

.text.IO_PB0_DefaultInterruptHandler
                0x000000000000284a       0x10
 .text.IO_PB0_DefaultInterruptHandler
                0x000000000000284a       0x10 CMakeFiles\Oppgave_LF_default_default_XC8_compile.dir\6473623587a5283f083989aba7038dfd\My_MCC_Config\mcc\mcc_generated_files\system\src\pins.c.o
                0x000000000000284a                IO_PB0_DefaultInterruptHandler

.text.IO_PA3_DefaultInterruptHandler
                0x000000000000285a       0x10
 .text.IO_PA3_DefaultInterruptHandler
                0x000000000000285a       0x10 CMakeFiles\Oppgave_LF_default_default_XC8_compile.dir\6473623587a5283f083989aba7038dfd\My_MCC_Config\mcc\mcc_generated_files\system\src\pins.c.o
                0x000000000000285a                IO_PA3_DefaultInterruptHandler

.text.IO_PA2_DefaultInterruptHandler
                0x000000000000286a       0x10
 .text.IO_PA2_DefaultInterruptHandler
                0x000000000000286a       0x10 CMakeFiles\Oppgave_LF_default_default_XC8_compile.dir\6473623587a5283f083989aba7038dfd\My_MCC_Config\mcc\mcc_generated_files\system\src\pins.c.o
                0x000000000000286a                IO_PA2_DefaultInterruptHandler

.text.SW1_DefaultInterruptHandler
                0x000000000000287a       0x10
 .text.SW1_DefaultInterruptHandler
                0x000000000000287a       0x10 CMakeFiles\Oppgave_LF_default_default_XC8_compile.dir\6473623587a5283f083989aba7038dfd\My_MCC_Config\mcc\mcc_generated_files\system\src\pins.c.o
                0x000000000000287a                SW1_DefaultInterruptHandler

.text.SW2_DefaultInterruptHandler
                0x000000000000288a       0x10
 .text.SW2_DefaultInterruptHandler
                0x000000000000288a       0x10 CMakeFiles\Oppgave_LF_default_default_XC8_compile.dir\6473623587a5283f083989aba7038dfd\My_MCC_Config\mcc\mcc_generated_files\system\src\pins.c.o
                0x000000000000288a                SW2_DefaultInterruptHandler

.text.SW3_DefaultInterruptHandler
                0x000000000000289a       0x10
 .text.SW3_DefaultInterruptHandler
                0x000000000000289a       0x10 CMakeFiles\Oppgave_LF_default_default_XC8_compile.dir\6473623587a5283f083989aba7038dfd\My_MCC_Config\mcc\mcc_generated_files\system\src\pins.c.o
                0x000000000000289a                SW3_DefaultInterruptHandler

.text.USART3_DefaultFramingErrorCallback
                0x00000000000028aa       0x10
 .text.USART3_DefaultFramingErrorCallback
                0x00000000000028aa       0x10 CMakeFiles\Oppgave_LF_default_default_XC8_compile.dir\6473623587a5283f083989aba7038dfd\My_MCC_Config\mcc\mcc_generated_files\uart\src\usart3.c.o

.text.USART3_DefaultOverrunErrorCallback
                0x00000000000028ba       0x10
 .text.USART3_DefaultOverrunErrorCallback
                0x00000000000028ba       0x10 CMakeFiles\Oppgave_LF_default_default_XC8_compile.dir\6473623587a5283f083989aba7038dfd\My_MCC_Config\mcc\mcc_generated_files\uart\src\usart3.c.o

.text.USART3_DefaultParityErrorCallback
                0x00000000000028ca       0x10
 .text.USART3_DefaultParityErrorCallback
                0x00000000000028ca       0x10 CMakeFiles\Oppgave_LF_default_default_XC8_compile.dir\6473623587a5283f083989aba7038dfd\My_MCC_Config\mcc\mcc_generated_files\uart\src\usart3.c.o

.text.tolower   0x00000000000028da       0x10
 .text.tolower  0x00000000000028da       0x10 c:/progra~1/microc~1/xc8/v3.00/avr/bin/../lib/gcc/avr/5.4.0/../../../../avr/lib/avrxmega4\libc.a(tolower.o)
                0x00000000000028da                tolower

.text           0x00000000000028ea        0xe
 .text          0x00000000000028ea        0xe c:/progra~1/microc~1/xc8/v3.00/avr/bin/../lib/gcc/avr/5.4.0/../../../../avr/lib/avrxmega4\libm.a(fp_zero.o)
                0x00000000000028ea                __fp_zero
                0x00000000000028ec                __fp_szero

.text           0x00000000000028f8        0xe
 .text          0x00000000000028f8        0xe c:/progra~1/microc~1/xc8/v3.00/avr/bin/../lib/gcc/avr/5.4.0/../../../../avr/lib/avrxmega4\libm.a(fp_pscA.o)
                0x00000000000028f8                __fp_pscA

.text           0x0000000000002906        0xe
 .text          0x0000000000002906        0xe c:/progra~1/microc~1/xc8/v3.00/avr/bin/../lib/gcc/avr/5.4.0/../../../../avr/lib/avrxmega4\libm.a(fp_pscB.o)
                0x0000000000002906                __fp_pscB

.text.__vsprintf
                0x0000000000002914        0xe
 .text.__vsprintf
                0x0000000000002914        0xe c:/progra~1/microc~1/xc8/v3.00/avr/bin/../lib/gcc/avr/5.4.0/../../../../avr/lib/avrxmega4\libc.a(__int_vsprintf.o)
                0x0000000000002914                __vsprintf

.text           0x0000000000002922        0xc
 .text          0x0000000000002922        0xc c:/progra~1/microc~1/xc8/v3.00/avr/bin/../lib/gcc/avr/5.4.0/../../../../avr/lib/avrxmega4\libm.a(fp_inf.o)
                0x0000000000002922                __fp_inf

.text.protected_write_io
                0x000000000000292e        0xa
 .text.protected_write_io
                0x000000000000292e        0xa CMakeFiles\Oppgave_LF_default_default_XC8_assemblePreprocess.dir\6447120d0a04d0ac55d162dd92d28909\mcc_generated_files\system\src\protected_io.S.o
                0x000000000000292e                protected_write_io

.text           0x0000000000002938        0xa
 .text          0x0000000000002938        0xa c:/progra~1/microc~1/xc8/v3.00/avr/bin/../lib/gcc/avr/5.4.0/../../../../avr/lib/avrxmega4\libm.a(cmpsf2.o)
                0x0000000000002938                __nesf2
                0x0000000000002938                __eqsf2
                0x0000000000002938                __cmpsf2
                0x0000000000002938                __ltsf2
                0x0000000000002938                __lesf2

.text           0x0000000000002942        0xa
 .text          0x0000000000002942        0xa c:/progra~1/microc~1/xc8/v3.00/avr/bin/../lib/gcc/avr/5.4.0/../../../../avr/lib/avrxmega4\libm.a(gesf2.o)
                0x0000000000002942                __gesf2
                0x0000000000002942                __gtsf2

.text           0x000000000000294c        0x8
 .text          0x000000000000294c        0x8 c:/progra~1/microc~1/xc8/v3.00/avr/bin/../lib/gcc/avr/5.4.0/../../../../avr/lib/avrxmega4\libm.a(mulsf3.o)
                0x000000000000294c                __mulsf3

.text           0x0000000000002954        0x6
 .text          0x0000000000002954        0x6 c:/progra~1/microc~1/xc8/v3.00/avr/bin/../lib/gcc/avr/5.4.0/../../../../avr/lib/avrxmega4\libm.a(fp_nan.o)
                0x0000000000002954                __fp_nan

.text           0x000000000000295a        0x4
 .text          0x000000000000295a        0x4 C:/Users/torbj/.mchp_packs/Microchip/AVR-Dx_DFP/2.7.321/xc8/avr/lib/avrxmega4/crtavr128db48.o
                0x000000000000295a                __vector_38
                0x000000000000295a                __vector_22
                0x000000000000295a                __vector_28
                0x000000000000295a                __vector_1
                0x000000000000295a                __vector_32
                0x000000000000295a                __vector_34
                0x000000000000295a                __vector_12
                0x000000000000295a                __vector_55
                0x000000000000295a                __bad_interrupt
                0x000000000000295a                __vector_6
                0x000000000000295a                __vector_31
                0x000000000000295a                __vector_39
                0x000000000000295a                __vector_3
                0x000000000000295a                __vector_23
                0x000000000000295a                __vector_25
                0x000000000000295a                __vector_11
                0x000000000000295a                __vector_54
                0x000000000000295a                __vector_13
                0x000000000000295a                __vector_17
                0x000000000000295a                __vector_56
                0x000000000000295a                __vector_7
                0x000000000000295a                __vector_49
                0x000000000000295a                __vector_41
                0x000000000000295a                __vector_43
                0x000000000000295a                __vector_27
                0x000000000000295a                __vector_5
                0x000000000000295a                __vector_33
                0x000000000000295a                __vector_47
                0x000000000000295a                __vector_52
                0x000000000000295a                __vector_37
                0x000000000000295a                __vector_4
                0x000000000000295a                __vector_44
                0x000000000000295a                __vector_51
                0x000000000000295a                __vector_9
                0x000000000000295a                __vector_2
                0x000000000000295a                __vector_21
                0x000000000000295a                __vector_15
                0x000000000000295a                __vector_36
                0x000000000000295a                __vector_58
                0x000000000000295a                __vector_29
                0x000000000000295a                __vector_60
                0x000000000000295a                __vector_40
                0x000000000000295a                __vector_26
                0x000000000000295a                __vector_48
                0x000000000000295a                __vector_14
                0x000000000000295a                __vector_57
                0x000000000000295a                __vector_53
                0x000000000000295a                __vector_10
                0x000000000000295a                __vector_50
                0x000000000000295a                __vector_16
                0x000000000000295a                __vector_59
                0x000000000000295a                __vector_18
                0x000000000000295a                __vector_20
                0x000000000000295a                __vector_42

.text._Exit     0x000000000000295e        0x4
 .text._Exit    0x000000000000295e        0x4 c:/progra~1/microc~1/xc8/v3.00/avr/bin/../lib/gcc/avr/5.4.0/../../../../avr/lib/avrxmega4\libc.a(_Exit.o)
                0x000000000000295e                _Exit

.text.__dummy_fini
                0x0000000000002962        0x2
 .text.__dummy_fini
                0x0000000000002962        0x2 c:/progra~1/microc~1/xc8/v3.00/avr/bin/../lib/gcc/avr/5.4.0/../../../../avr/lib/avrxmega4\libc.a(exit.o)
                0x0000000000002962                _fini

.text.__dummy_funcs_on_exit
                0x0000000000002964        0x2
 .text.__dummy_funcs_on_exit
                0x0000000000002964        0x2 c:/progra~1/microc~1/xc8/v3.00/avr/bin/../lib/gcc/avr/5.4.0/../../../../avr/lib/avrxmega4\libc.a(exit.o)
                0x0000000000002964                __funcs_on_exit

.text.__dummy_simulator_exit
                0x0000000000002966        0x2
 .text.__dummy_simulator_exit
                0x0000000000002966        0x2 c:/progra~1/microc~1/xc8/v3.00/avr/bin/../lib/gcc/avr/5.4.0/../../../../avr/lib/avrxmega4\libc.a(exit.o)
                0x0000000000002966                __simulator_exit

.rodata.ASCII   0x0000000000804002      0x1e0 load address 0x0000000000002968
 .rodata.ASCII  0x0000000000804002      0x1e0 CMakeFiles\Oppgave_LF_default_default_XC8_compile.dir\94db0fc7b45eefcefec4b33d70c1bfaa\Kursdag_3\Oppgave-LF\My_MCC_Config\mcc\ssd1306.c.o
                0x0000000000804002                ASCII

.rodata         0x00000000008041e2       0x18 load address 0x0000000000002b48
 .rodata        0x00000000008041e2       0x18 CMakeFiles\Oppgave_LF_default_default_XC8_compile.dir\312a33ca25da9952bc933fd5ff735e36\AVR-kurs\Kursdag_3\Oppgave-LF\My_MCC_Config\mcc\main.c.o

.rodata.state_table
                0x00000000008041fa       0x16 load address 0x0000000000002b60
 .rodata.state_table
                0x00000000008041fa       0x16 c:/progra~1/microc~1/xc8/v3.00/avr/bin/../lib/gcc/avr/5.4.0/../../../../avr/lib/avrxmega4\libc.a(__printf_core.o)

.rodata.I2C_Host
                0x0000000000804210       0x14 load address 0x0000000000002b76
 .rodata.I2C_Host
                0x0000000000804210       0x14 CMakeFiles\Oppgave_LF_default_default_XC8_compile.dir\585fc1045161b4e80e8b96813159a840\mcc\mcc_generated_files\i2c_host\src\twi0.c.o
                0x0000000000804210                I2C_Host

.rodata.twi0_eventTable
                0x0000000000804224       0x12 load address 0x0000000000002b8a
 .rodata.twi0_eventTable
                0x0000000000804224       0x12 CMakeFiles\Oppgave_LF_default_default_XC8_compile.dir\585fc1045161b4e80e8b96813159a840\mcc\mcc_generated_files\i2c_host\src\twi0.c.o
                0x0000000000804224                twi0_eventTable

.data.USART3_stream
                0x0000000000804236       0x10 load address 0x0000000000002b9c
 .data.USART3_stream
                0x0000000000804236       0x10 CMakeFiles\Oppgave_LF_default_default_XC8_compile.dir\6473623587a5283f083989aba7038dfd\My_MCC_Config\mcc\mcc_generated_files\uart\src\usart3.c.o
                0x0000000000804236                USART3_stream

.rodata.nuls.2781
                0x0000000000804254        0x7 load address 0x0000000000002bac
 .rodata.nuls.2781
                0x0000000000804254        0x7 c:/progra~1/microc~1/xc8/v3.00/avr/bin/../lib/gcc/avr/5.4.0/../../../../avr/lib/avrxmega4\libc.a(__fmt_s.o)

.rodata.nilstr.2962
                0x000000000080425b        0x6 load address 0x0000000000002bb3
 .rodata.nilstr.2962
                0x000000000080425b        0x6 c:/progra~1/microc~1/xc8/v3.00/avr/bin/../lib/gcc/avr/5.4.0/../../../../avr/lib/avrxmega4\libc.a(__printf_core.o)

.data._stdout   0x0000000000804279        0x2 load address 0x0000000000002bb9
 .data._stdout  0x0000000000804279        0x2 c:/progra~1/microc~1/xc8/v3.00/avr/bin/../lib/gcc/avr/5.4.0/../../../../avr/lib/avrxmega4\libc.a(stdout.o)
                0x0000000000804279                _stdout
